<html>
<body>
<pre>
<h1>µVision Build Log</h1>
<h2>Project:</h2>
D:\KEIL.PRJ\STM_AYX32_TSL\BootFlasherMemoryFlash\STM_BootFlasherMemoryFlash.uvproj
Project File Date:  01/21/2020

<h2>Output:</h2>
Build target 'BootFlasherMemoryFlash'
compiling main.c...
compiling rb_base64m.c...
compiling rb_crc16.c...
compiling core_UID.c...
compiling cortex_rb_sys.c...
compiling rb_fifo.c...
compiling rb_util.c...
compiling BootFlasherF4.c...
linking...
Program Size: Code=556 RO-data=40 RW-data=20 ZI-data=260  
FromELF: creating hex file...
After Build - User command #1: ..\TMT\HEXEROK\HEXEROK.exe
HEX Converter ...
File Path: ..\BootFlasherMemoryStatic\OBJ\
File Name: STM_BootFlasherMemoryStatic.hex
File Full: ..\BootFlasherMemoryStatic\OBJ\STM_BootFlasherMemoryStatic.hex
PA:20000000
EX:20000009
File Path: ..\BootFlasherMemoryFlash\OBJ\
File Name: STM_BootFlasherMemoryFlash.hex
File Full: ..\BootFlasherMemoryFlash\OBJ\STM_BootFlasherMemoryFlash.hex
PA:08000000
EX:08000009
File Path: ..\STM_AYX32_TSL_WILDFIRMWARE\OBJ\
File Name: STM_AYX32_TSL_WILDFIRMWARE.hex
File Full: ..\STM_AYX32_TSL_WILDFIRMWARE\OBJ\STM_AYX32_TSL_WILDFIRMWARE.hex
PA:08000000
EX:0800804D
File Path: ..\STM_AYX32_TSL_WILDSOUND\OBJ\
File Name: STM_AYX32_TSL_WILDSOUND.hex
File Full: ..\STM_AYX32_TSL_WILDSOUND\OBJ\STM_AYX32_TSL_WILDSOUND.hex
PA:08000000
EX:08000189
BLK:20000000,1320
BLK:08000000,616
BLK:08008000,29444
BLK:08000000,43984
Well Done ...
".\OBJ\STM_BootFlasherMemoryFlash.axf" - 0 Error(s), 0 Warning(s).
</pre>
</body>
</html>
SRC\rb_util.c: 0 warnings, 1 error
compiling BootFlasherF4.c...
..\SRC\SysType.h(152): error:  #5: cannot open source input file "SysMath.h": No such file or directory
  #include "SysMath.h"
..\SRC\BootFlasherF4.c: 0 warnings, 1 error
".\OBJ\STM_BootFlasherMemoryFlash.axf" - 8 Error(s), 0 Warning(s).
Target not created
