ARM Linker, 5.03 [Build 76] [MDK-ARM Standard]

==============================================================================

Section Cross References

    startup_stm32f40_41xxx.o(RESET) refers to startup_stm32f40_41xxx.o(STACK) for __initial_sp
    startup_stm32f40_41xxx.o(RESET) refers to startup_stm32f40_41xxx.o(.text) for Reset_Handler
    startup_stm32f40_41xxx.o(RESET) refers to chipay_interrupt.o(ROMCODE) for SysTick_Handler
    startup_stm32f40_41xxx.o(RESET) refers to chipay_interrupt.o(i.EXTI2_IRQHandler) for EXTI2_IRQHandler
    startup_stm32f40_41xxx.o(RESET) refers to chipay_interrupt.o(i.EXTI9_5_IRQHandler) for EXTI9_5_IRQHandler
    startup_stm32f40_41xxx.o(RESET) refers to chipay_interrupt.o(ccmram) for TIM3_IRQHandler
    startup_stm32f40_41xxx.o(RESET) refers to chipay_hardware.o(RAMCODE) for TIM4_IRQHandler
    startup_stm32f40_41xxx.o(RESET) refers to interface.o(i.USART1_IRQHandler) for USART1_IRQHandler
    startup_stm32f40_41xxx.o(RESET) refers to chipay_interrupt.o(i.EXTI15_10_IRQHandler) for EXTI15_10_IRQHandler
    startup_stm32f40_41xxx.o(.text) refers to hardware.o(i.SystemInit) for SystemInit
    startup_stm32f40_41xxx.o(.text) refers to entry.o(.ARM.Collect$$$$00000000) for __main
    chipay_digitalsample.o(i.cayDigSmpAllocateInstrument) refers to memoryallocator.o(i.memalMemDescAllocate) for memalMemDescAllocate
    chipay_digitalsample.o(i.cayDigSmpAllocateInstrument) refers to memoryallocator.o(i.memalDescGetAddr) for memalDescGetAddr
    chipay_digitalsample.o(i.cayDigSmpAllocateInstrument) refers to memoryallocator.o(i.memalWriteBLK) for memalWriteBLK
    chipay_digitalsample.o(i.cayDigSmpAllocateInstrument) refers to memoryallocator.o(i.memalFillBLK) for memalFillBLK
    chipay_digitalsample.o(i.cayDigSmpAllocateInstrumentCreatBlank) refers to memseta.o(.text) for __aeabi_memset
    chipay_digitalsample.o(i.cayDigSmpAllocateInstrumentCreatBlank) refers to chipay_digitalsample.o(i.cayDigSmpAllocateInstrument) for cayDigSmpAllocateInstrument
    chipay_digitalsample.o(i.cayDigSmpAllocateInstrumentCreatBlank) refers to chipay_digitalsample.o(i.cayDigSmpInstrumentAddByte) for cayDigSmpInstrumentAddByte
    chipay_digitalsample.o(i.cayDigSmpCalcFreq) refers to dmul.o(.text) for __aeabi_dmul
    chipay_digitalsample.o(i.cayDigSmpCalcFreq) refers to dfixui.o(.text) for __aeabi_d2uiz
    chipay_digitalsample.o(i.cayDigSmpCalcFreq) refers to dfltui.o(.text) for __aeabi_ui2d
    chipay_digitalsample.o(i.cayDigSmpCalcFreq) refers to ddiv.o(.text) for __aeabi_ddiv
    chipay_digitalsample.o(i.cayDigSmpCalcFreq) refers to dfixul.o(.text) for __aeabi_d2ulz
    chipay_digitalsample.o(i.cayDigSmpInstrumentAddByte) refers to memoryallocator.o(i.memalWriteBLK) for memalWriteBLK
    chipay_digitalplayer.o(i.PerFrCalc) refers to memcpya.o(.text) for __aeabi_memcpy4
    chipay_digitalplayer.o(i.PerFrCalc) refers to f2d.o(.text) for __aeabi_f2d
    chipay_digitalplayer.o(i.PerFrCalc) refers to pow.o(i.__hardfp_pow) for __hardfp_pow
    chipay_digitalplayer.o(i.PerFrCalc) refers to dmul.o(.text) for __aeabi_dmul
    chipay_digitalplayer.o(i.PerFrCalc) refers to d2f.o(.text) for __aeabi_d2f
    chipay_digitalplayer.o(i.PerFrCalc) refers to dfltui.o(.text) for __aeabi_ui2d
    chipay_digitalplayer.o(i.PerFrCalc) refers to dadd.o(.text) for __aeabi_dsub
    chipay_digitalplayer.o(i.PerFrCalc) refers to ddiv.o(.text) for __aeabi_ddiv
    chipay_digitalplayer.o(i.PerFrCalc) refers to chipay_digitalplayer.o(.constdata) for .constdata
    chipay_digitalplayer.o(i.XM_Player_STEP) refers to chipay_digitalplayer.o(i.XM_ChekSongEND) for XM_ChekSongEND
    chipay_digitalplayer.o(i.XM_Player_STEP) refers to chipay_digitalplayer.o(i.cayDigPlayerGoToPatLine) for cayDigPlayerGoToPatLine
    chipay_digitalplayer.o(i.XM_Player_STEP) refers to chipay_digitalplayer.o(i.cayDigPlayerExtractLineShow) for cayDigPlayerExtractLineShow
    chipay_digitalplayer.o(i.XM_Player_STEP) refers to chipay_digitalplayer.o(i.PerFrCalc) for PerFrCalc
    chipay_digitalplayer.o(i.XM_Player_STEP) refers to f2d.o(.text) for __aeabi_f2d
    chipay_digitalplayer.o(i.XM_Player_STEP) refers to cdcmple.o(.text) for __aeabi_cdcmple
    chipay_digitalplayer.o(i.XM_Player_STEP) refers to cdrcmple.o(.text) for __aeabi_cdrcmple
    chipay_digitalplayer.o(i.XM_Player_STEP) refers to dfltui.o(.text) for __aeabi_ui2d
    chipay_digitalplayer.o(i.XM_Player_STEP) refers to dmul.o(.text) for __aeabi_dmul
    chipay_digitalplayer.o(i.XM_Player_STEP) refers to dfixui.o(.text) for __aeabi_d2uiz
    chipay_digitalplayer.o(i.cayDigPlayerExtractLine) refers to memseta.o(.text) for __aeabi_memclr4
    chipay_digitalplayer.o(i.cayDigPlayerExtractLine) refers to chipay_digitalplayer.o(.bss) for digPlayer
    chipay_digitalplayer.o(i.cayDigPlayerExtractLineShow) refers to chipay_digitalplayer.o(i.cayDigPlayerExtractLine) for cayDigPlayerExtractLine
[...]
    Long Thumb to Thumb Veneer to __aeabi_uldivmod 0x0800096b   Thumb Code    10  anon$$obj.o(Veneer$$Code)
    Long Thumb to Thumb Veneer to EXT_DoAyBusUpdate 0x08000975   Thumb Code    10  anon$$obj.o(Veneer$$Code)
    Long Thumb to Thumb Veneer to __aeabi_memcpy4 0x0800097f   Thumb Code    10  anon$$obj.o(Veneer$$Code)
    Long Thumb to Thumb Veneer to __aeabi_f2d 0x08000989   Thumb Code    10  anon$$obj.o(Veneer$$Code)
    Long Thumb to Thumb Veneer to __hardfp_pow 0x08000993   Thumb Code    10  anon$$obj.o(Veneer$$Code)
    Long Thumb to Thumb Veneer to __aeabi_dmul 0x0800099d   Thumb Code    10  anon$$obj.o(Veneer$$Code)
    Long Thumb to Thumb Veneer to __aeabi_d2f 0x080009a7   Thumb Code    10  anon$$obj.o(Veneer$$Code)
    Long Thumb to Thumb Veneer to __aeabi_ui2d 0x080009b1   Thumb Code    10  anon$$obj.o(Veneer$$Code)
    Long Thumb to Thumb Veneer to __aeabi_dsub 0x080009bb   Thumb Code    10  anon$$obj.o(Veneer$$Code)
    Long Thumb to Thumb Veneer to __aeabi_dadd 0x080009c5   Thumb Code    10  anon$$obj.o(Veneer$$Code)
    Long Thumb to Thumb Veneer to __aeabi_ddiv 0x080009cf   Thumb Code    10  anon$$obj.o(Veneer$$Code)
    Long Thumb to Thumb Veneer to __aeabi_memcpy 0x080009d9   Thumb Code    10  anon$$obj.o(Veneer$$Code)
    Long Thumb to Thumb Veneer to __aeabi_cdcmple 0x080009e3   Thumb Code    10  anon$$obj.o(Veneer$$Code)
    Long Thumb to Thumb Veneer to __aeabi_cdrcmple 0x080009ed   Thumb Code    10  anon$$obj.o(Veneer$$Code)
    Long Thumb to Thumb Veneer to __aeabi_d2uiz 0x080009f7   Thumb Code    10  anon$$obj.o(Veneer$$Code)
    Long Thumb to Thumb Veneer to __aeabi_memclr 0x08000a01   Thumb Code    10  anon$$obj.o(Veneer$$Code)
    Long Thumb to Thumb Veneer to __aeabi_memclr4 0x08000a0b   Thumb Code    10  anon$$obj.o(Veneer$$Code)
    Long Thumb to Thumb Veneer to __aeabi_memset 0x08000a15   Thumb Code    10  anon$$obj.o(Veneer$$Code)
    Long Thumb to Thumb Veneer to __aeabi_d2ulz 0x08000a1f   Thumb Code    10  anon$$obj.o(Veneer$$Code)
    Long Thumb to Thumb Veneer to ChipAY_ArmInit 0x08000a29   Thumb Code    10  anon$$obj.o(Veneer$$Code)
    Long Thumb to Thumb Veneer to ChipAY_Init 0x08000a33   Thumb Code    10  anon$$obj.o(Veneer$$Code)
    Long Thumb to Thumb Veneer to chMain     0x08000a3d   Thumb Code    10  anon$$obj.o(Veneer$$Code)
    Long Thumb to Thumb Veneer to malloc     0x08000a47   Thumb Code    10  anon$$obj.o(Veneer$$Code)
    Long Thumb to Thumb Veneer to prcAYRprcR0E 0x08000a51   Thumb Code    10  anon$$obj.o(Veneer$$Code)
    CallProc                                 0x08000a5b   Thumb Code    38  process.o(i.CallProc)
    DAC_Cmd                                  0x08000a81   Thumb Code    20  stm32f4xx_dac.o(i.DAC_Cmd)
    DAC_DMACmd                               0x08000a99   Thumb Code    20  stm32f4xx_dac.o(i.DAC_DMACmd)
    DAC_Init                                 0x08000ab1   Thumb Code    36  stm32f4xx_dac.o(i.DAC_Init)
    DMA_ClearFlag                            0x08000ad9   Thumb Code    32  stm32f4xx_dma.o(i.DMA_ClearFlag)
    DMA_Cmd                                  0x08000b05   Thumb Code    20  stm32f4xx_dma.o(i.DMA_Cmd)
    DMA_ITConfig                             0x08000b19   Thumb Code    52  stm32f4xx_dma.o(i.DMA_ITConfig)
    DMA_Init                                 0x08000b4d   Thumb Code    80  stm32f4xx_dma.o(i.DMA_Init)
    DelayMCS                                 0x08000ba1   Thumb Code   124  hdtimers.o(i.DelayMCS)
    DelayMS                                  0x08000c31   Thumb Code   136  hdtimers.o(i.DelayMS)
    DoProc                                   0x08000ccd   Thumb Code   128  process.o(i.DoProc)
    EXTI15_10_IRQHandler                     0x08000d4d   Thumb Code   102  chipay_interrupt.o(i.EXTI15_10_IRQHandler)
    EXTI2_IRQHandler                         0x08000dc5   Thumb Code    58  chipay_interrupt.o(i.EXTI2_IRQHandler)
    EXTI9_5_IRQHandler                       0x08000e11   Thumb Code   102  chipay_interrupt.o(i.EXTI9_5_IRQHandler)
    EXTI_ClearITPendingBit                   0x08000e89   Thumb Code     6  stm32f4xx_exti.o(i.EXTI_ClearITPendingBit)
    EXTI_Init                                0x08000e95   Thumb Code   108  stm32f4xx_exti.o(i.EXTI_Init)
    FLASH_ClearFlag                          0x08000f05   Thumb Code     6  stm32f4xx_flash.o(i.FLASH_ClearFlag)
    FLASH_DataCacheCmd                       0x08000f11   Thumb Code    22  stm32f4xx_flash.o(i.FLASH_DataCacheCmd)
    FLASH_DataCacheReset                     0x08000f2d   Thumb Code    12  stm32f4xx_flash.o(i.FLASH_DataCacheReset)
    FLASH_ErasePage                          0x08000f3d   Thumb Code    24  bootflasherf4.o(i.FLASH_ErasePage)
    FLASH_EraseSector                        0x08000f55   Thumb Code   104  stm32f4xx_flash.o(i.FLASH_EraseSector)
    FLASH_GetStatus                          0x08000fc1   Thumb Code    46  stm32f4xx_flash.o(i.FLASH_GetStatus)
    FLASH_InstructionCacheCmd                0x08000ff5   Thumb Code    22  stm32f4xx_flash.o(i.FLASH_InstructionCacheCmd)
    FLASH_InstructionCacheReset              0x08001011   Thumb Code    12  stm32f4xx_flash.o(i.FLASH_InstructionCacheReset)
    FLASH_Lock                               0x08001021   Thumb Code    12  stm32f4xx_flash.o(i.FLASH_Lock)
    FLASH_OB_Unlock                          0x08001031   Thumb Code    22  stm32f4xx_flash.o(i.FLASH_OB_Unlock)
    FLASH_PrefetchBufferCmd                  0x08001055   Thumb Code    22  stm32f4xx_flash.o(i.FLASH_PrefetchBufferCmd)
    FLASH_ProgramHalfWord                    0x08001071   Thumb Code    56  stm32f4xx_flash.o(i.FLASH_ProgramHalfWord)
    FLASH_SetLatency                         0x080010ad   Thumb Code     6  stm32f4xx_flash.o(i.FLASH_SetLatency)
    FLASH_Unlock                             0x080010b9   Thumb Code    22  stm32f4xx_flash.o(i.FLASH_Unlock)
    FLASH_WaitForLastOperation               0x080010dd   Thumb Code    30  stm32f4xx_flash.o(i.FLASH_WaitForLastOperation)
    GPIO_Init                                0x080010fb   Thumb Code   162  stm32f4xx_gpio.o(i.GPIO_Init)
    GPIO_PinAFConfig                         0x0800119d   Thumb Code    32  stm32f4xx_gpio.o(i.GPIO_PinAFConfig)
    Init                                     0x080011bd   Thumb Code    34  hardware.o(i.Init)
    ListProcADD                              0x080011ed   Thumb Code    24  process.o(i.ListProcADD)
    ListProcRoll                             0x08001205   Thumb Code    40  process.o(i.ListProcRoll)
    NVIC_Init                                0x0800122d   Thumb Code    92  misc.o(i.NVIC_Init)
    PerFrCalc                                0x08001291   Thumb Code   734  chipay_digitalplayer.o(i.PerFrCalc)
    RCC_AHB1PeriphClockCmd                   0x080015a5   Thumb Code    18  stm32f4xx_rcc.o(i.RCC_AHB1PeriphClockCmd)
    RCC_AHB2PeriphClockCmd                   0x080015bd   Thumb Code    18  stm32f4xx_rcc.o(i.RCC_AHB2PeriphClockCmd)
    RCC_APB1PeriphClockCmd                   0x080015d5   Thumb Code    18  stm32f4xx_rcc.o(i.RCC_APB1PeriphClockCmd)
    RCC_APB1PeriphResetCmd                   0x080015ed   Thumb Code    18  stm32f4xx_rcc.o(i.RCC_APB1PeriphResetCmd)
    RCC_APB2PeriphClockCmd                   0x08001605   Thumb Code    18  stm32f4xx_rcc.o(i.RCC_APB2PeriphClockCmd)
    RCC_APB2PeriphResetCmd                   0x0800161d   Thumb Code    18  stm32f4xx_rcc.o(i.RCC_APB2PeriphResetCmd)
    RCC_Configuration                        0x08001635   Thumb Code   318  hardware.o(i.RCC_Configuration)
    RCC_DeInit                               0x08001775   Thumb Code    48  stm32f4xx_rcc.o(i.RCC_DeInit)
    RCC_GetClocksFreq                        0x080017b1   Thumb Code   118  stm32f4xx_rcc.o(i.RCC_GetClocksFreq)
    RCC_GetFlagStatus                        0x08001835   Thumb Code    46  stm32f4xx_rcc.o(i.RCC_GetFlagStatus)
    RCC_HCLKConfig                           0x08001869   Thumb Code    14  stm32f4xx_rcc.o(i.RCC_HCLKConfig)
    RCC_HSEConfig                            0x0800187d   Thumb Code    10  stm32f4xx_rcc.o(i.RCC_HSEConfig)
    RCC_PCLK1Config                          0x0800188d   Thumb Code    14  stm32f4xx_rcc.o(i.RCC_PCLK1Config)
    RCC_PCLK2Config                          0x080018a1   Thumb Code    16  stm32f4xx_rcc.o(i.RCC_PCLK2Config)
    RCC_PLLCmd                               0x080018b5   Thumb Code     6  stm32f4xx_rcc.o(i.RCC_PLLCmd)
    RCC_PLLConfig                            0x080018c1   Thumb Code    30  stm32f4xx_rcc.o(i.RCC_PLLConfig)
    RCC_SYSCLKConfig                         0x080018e9   Thumb Code    14  stm32f4xx_rcc.o(i.RCC_SYSCLKConfig)
    RCC_WaitForHSEStartUp                    0x080018fd   Thumb Code    44  stm32f4xx_rcc.o(i.RCC_WaitForHSEStartUp)
    RNG_Cmd                                  0x08001929   Thumb Code    22  stm32f4xx_rng.o(i.RNG_Cmd)
    RNG_Config                               0x08001945   Thumb Code    18  main.o(i.RNG_Config)
    Read_RS_Byte                             0x08001959   Thumb Code    28  interface.o(i.Read_RS_Byte)
    Read_RS_Size                             0x08001979   Thumb Code     6  interface.o(i.Read_RS_Size)
    ReturnProc                               0x08001985   Thumb Code    26  process.o(i.ReturnProc)
    SPI_Cmd                                  0x0800199f   Thumb Code    20  stm32f4xx_spi.o(i.SPI_Cmd)
    SPI_I2S_DMACmd                           0x080019b3   Thumb Code    16  stm32f4xx_spi.o(i.SPI_I2S_DMACmd)
    SPI_I2S_DeInit                           0x080019c5   Thumb Code    72  stm32f4xx_spi.o(i.SPI_I2S_DeInit)
    SPI_Init                                 0x08001a19   Thumb Code    56  stm32f4xx_spi.o(i.SPI_Init)
    SPI_NSSInternalSoftwareConfig            0x08001a51   Thumb Code    24  stm32f4xx_spi.o(i.SPI_NSSInternalSoftwareConfig)
    SPI_SSOutputCmd                          0x08001a69   Thumb Code    20  stm32f4xx_spi.o(i.SPI_SSOutputCmd)
    SYSCFG_EXTILineConfig                    0x08001a7d   Thumb Code    34  stm32f4xx_syscfg.o(i.SYSCFG_EXTILineConfig)
    SelectInitGPIO                           0x08001aa5   Thumb Code   366  hardware.o(i.SelectInitGPIO)
    Send_RS_B                                0x08001c21   Thumb Code    34  interface.o(i.Send_RS_B)
    Send_RS_Buf                              0x08001c51   Thumb Code   158  interface.o(i.Send_RS_Buf)
    Send_RS_Byte                             0x08001cf9   Thumb Code    12  interface.o(i.Send_RS_Byte)
    Send_RS_DEC                              0x08001d05   Thumb Code     8  interface.o(i.Send_RS_DEC)
    Send_RS_FREEBusy                         0x08001d11   Thumb Code    44  interface.o(i.Send_RS_FREEBusy)
    Send_RS_HEX                              0x08001d45   Thumb Code    10  interface.o(i.Send_RS_HEX)
    Send_RS_Hold                             0x08001d55   Thumb Code   108  interface.o(i.Send_RS_Hold)
    Send_RS_String                           0x08001dc9   Thumb Code    20  interface.o(i.Send_RS_String)
    SetupSPI                                 0x08001ddd   Thumb Code   476  hardware.o(i.SetupSPI)
    ShowMalBaseRec                           0x08001fd9   Thumb Code   100  memoryallocator.o(i.ShowMalBaseRec)
    ShowStartInfo                            0x08002065   Thumb Code   104  main.o(i.ShowStartInfo)
    SystemInit                               0x08002111   Thumb Code    22  hardware.o(i.SystemInit)
    TIM_BDTRConfig                           0x08002191   Thumb Code    34  stm32f4xx_tim.o(i.TIM_BDTRConfig)
    TIM_BDTRStructInit                       0x080021b3   Thumb Code    18  stm32f4xx_tim.o(i.TIM_BDTRStructInit)
    TIM_ClearITPendingBit                    0x080021c5   Thumb Code     6  stm32f4xx_tim.o(i.TIM_ClearITPendingBit)
    TIM_Cmd                                  0x080021cb   Thumb Code    20  stm32f4xx_tim.o(i.TIM_Cmd)
    TIM_DMACmd                               0x080021df   Thumb Code    16  stm32f4xx_tim.o(i.TIM_DMACmd)
    TIM_ICInit                               0x080021ef   Thumb Code   172  stm32f4xx_tim.o(i.TIM_ICInit)
    TIM_ITConfig                             0x0800229b   Thumb Code    16  stm32f4xx_tim.o(i.TIM_ITConfig)
    TIM_OC1Init                              0x080022ad   Thumb Code    88  stm32f4xx_tim.o(i.TIM_OC1Init)
    TIM_OC1PreloadConfig                     0x0800230d   Thumb Code    12  stm32f4xx_tim.o(i.TIM_OC1PreloadConfig)
    TIM_OC2Init                              0x08002319   Thumb Code   120  stm32f4xx_tim.o(i.TIM_OC2Init)
    TIM_OC2PreloadConfig                     0x08002399   Thumb Code    20  stm32f4xx_tim.o(i.TIM_OC2PreloadConfig)
    TIM_OC3Init                              0x080023ad   Thumb Code   116  stm32f4xx_tim.o(i.TIM_OC3Init)
    TIM_OC3PreloadConfig                     0x08002429   Thumb Code    12  stm32f4xx_tim.o(i.TIM_OC3PreloadConfig)
    TIM_OC4Init                              0x08002435   Thumb Code    88  stm32f4xx_tim.o(i.TIM_OC4Init)
    TIM_OC4PreloadConfig                     0x08002495   Thumb Code    20  stm32f4xx_tim.o(i.TIM_OC4PreloadConfig)
    TIM_SelectInputTrigger                   0x080024a9   Thumb Code    12  stm32f4xx_tim.o(i.TIM_SelectInputTrigger)
    TIM_SelectMasterSlaveMode                0x080024b5   Thumb Code    16  stm32f4xx_tim.o(i.TIM_SelectMasterSlaveMode)
    TIM_SelectOutputTrigger                  0x080024c5   Thumb Code    16  stm32f4xx_tim.o(i.TIM_SelectOutputTrigger)
    TIM_SelectSlaveMode                      0x080024d5   Thumb Code    16  stm32f4xx_tim.o(i.TIM_SelectSlaveMode)
    TIM_SetIC1Prescaler                      0x080024e5   Thumb Code    16  stm32f4xx_tim.o(i.TIM_SetIC1Prescaler)
    TIM_SetIC2Prescaler                      0x080024f5   Thumb Code    24  stm32f4xx_tim.o(i.TIM_SetIC2Prescaler)
    TIM_SetIC3Prescaler                      0x0800250d   Thumb Code    16  stm32f4xx_tim.o(i.TIM_SetIC3Prescaler)
    TIM_SetIC4Prescaler                      0x0800251d   Thumb Code    24  stm32f4xx_tim.o(i.TIM_SetIC4Prescaler)
    TIM_TimeBaseInit                         0x08002535   Thumb Code    96  stm32f4xx_tim.o(i.TIM_TimeBaseInit)
    TIM_TimeBaseStructInit                   0x080025b1   Thumb Code    18  stm32f4xx_tim.o(i.TIM_TimeBaseStructInit)
    TimerCounterUpdate                       0x080025c5   Thumb Code    76  hdtimers.o(i.TimerCounterUpdate)
    Timer_1ms_CounterUpdate                  0x08002629   Thumb Code    78  hdtimers.o(i.Timer_1ms_CounterUpdate)
    USART1_GPIO                              0x0800268d   Thumb Code   172  interface.o(i.USART1_GPIO)
    USART1_IRQHandler                        0x0800273d   Thumb Code   114  interface.o(i.USART1_IRQHandler)
    USART_Cmd                                0x080027bd   Thumb Code    20  stm32f4xx_usart.o(i.USART_Cmd)
    USART_GetFlagStatus                      0x080027d1   Thumb Code    14  stm32f4xx_usart.o(i.USART_GetFlagStatus)
    USART_GetITStatus                        0x080027df   Thumb Code    62  stm32f4xx_usart.o(i.USART_GetITStatus)
    USART_ITConfig                           0x0800281d   Thumb Code    48  stm32f4xx_usart.o(i.USART_ITConfig)
    USART_Init                               0x0800284d   Thumb Code   174  stm32f4xx_usart.o(i.USART_Init)
    USART_ReceiveData                        0x08002905   Thumb Code     8  stm32f4xx_usart.o(i.USART_ReceiveData)
    USART_SendData                           0x0800290d   Thumb Code     8  stm32f4xx_usart.o(i.USART_SendData)
    Uart_RS_Init                             0x08002915   Thumb Code   196  interface.o(i.Uart_RS_Init)
    WaitMS_CheckContinue                     0x080029e5   Thumb Code    50  hdtimers.o(i.WaitMS_CheckContinue)
    XM_ChekSongEND                           0x08002a17   Thumb Code    56  chipay_digitalplayer.o(i.XM_ChekSongEND)
    XM_Player_STEP                           0x08002a51   Thumb Code  3748  chipay_digitalplayer.o(i.XM_Player_STEP)
    __scatterload_copy                       0x0800390d   Thumb Code    14  handlers.o(i.__scatterload_copy)
    __scatterload_null                       0x0800391b   Thumb Code     2  handlers.o(i.__scatterload_null)
    __scatterload_zeroinit                   0x0800391d   Thumb Code    14  handlers.o(i.__scatterload_zeroinit)
    bflBootBlockAddr                         0x0800392d   Thumb Code    36  bootflasherf4.o(i.bflBootBlockAddr)
    bflBootBlockPTR                          0x08003955   Thumb Code    12  bootflasherf4.o(i.bflBootBlockPTR)
    bflBootBlocks                            0x08003961   Thumb Code    84  bootflasherf4.o(i.bflBootBlocks)
    bflBootBlocksGetCRC                      0x080039c1   Thumb Code    30  bootflasherf4.o(i.bflBootBlocksGetCRC)
    bflBootCheckNeedFlashing                 0x080039e9   Thumb Code    38  bootflasherf4.o(i.bflBootCheckNeedFlashing)
    bflBootExtremalExecuteBlock              0x08003a15   Thumb Code    26  bootflasherf4.o(i.bflBootExtremalExecuteBlock)
    bflBootExtremalExecuteBlockType          0x08003a2f   Thumb Code    28  bootflasherf4.o(i.bflBootExtremalExecuteBlockType)
    bflBootFindByType                        0x08003a4b   Thumb Code    46  bootflasherf4.o(i.bflBootFindByType)
    bflBootFlashDisable                      0x08003a79   Thumb Code    22  bootflasherf4.o(i.bflBootFlashDisable)
    bflFlashErase                            0x08003a8f   Thumb Code    34  bootflasherf4.o(i.bflFlashErase)
    bflFlashEraseAlignBLK                    0x08003ab1   Thumb Code    82  bootflasherf4.o(i.bflFlashEraseAlignBLK)
    bflFlashSectorCfg                        0x08003b03   Thumb Code    82  bootflasherf4.o(i.bflFlashSectorCfg)
    bflFlashWriteBlock                       0x08003b55   Thumb Code   110  bootflasherf4.o(i.bflFlashWriteBlock)
    bflImageAddBlock                         0x08003bc3   Thumb Code    34  bootflasherf4.o(i.bflImageAddBlock)
    bflImageAddBlockA                        0x08003be5   Thumb Code   176  bootflasherf4.o(i.bflImageAddBlockA)
    bflImageFinish                           0x08003c9d   Thumb Code    96  bootflasherf4.o(i.bflImageFinish)
    bflImageStart                            0x08003d01   Thumb Code    38  bootflasherf4.o(i.bflImageStart)
    cayDigPlayerExtractLine                  0x08003d2d   Thumb Code   294  chipay_digitalplayer.o(i.cayDigPlayerExtractLine)
    cayDigPlayerExtractLineShow              0x08003e5d   Thumb Code    96  chipay_digitalplayer.o(i.cayDigPlayerExtractLineShow)
    cayDigPlayerGetPatDataSTR                0x08003ed1   Thumb Code   210  chipay_digitalplayer.o(i.cayDigPlayerGetPatDataSTR)
    cayDigPlayerGoToPatLine                  0x08003ffd   Thumb Code    94  chipay_digitalplayer.o(i.cayDigPlayerGoToPatLine)
    cayDigPlayerGoToPosLine                  0x0800405b   Thumb Code    52  chipay_digitalplayer.o(i.cayDigPlayerGoToPosLine)
    cayDigPlayerInit                         0x0800408f   Thumb Code   216  chipay_digitalplayer.o(i.cayDigPlayerInit)
    cayDigPlayerPool                         0x08004169   Thumb Code   212  chipay_digitalplayer.o(i.cayDigPlayerPool)
    cayDigPlayerSTEP                         0x08004241   Thumb Code   220  chipay_digitalplayer.o(i.cayDigPlayerSTEP)
    cayDigPlayerSetSamplePos                 0x0800431d   Thumb Code    48  chipay_digitalplayer.o(i.cayDigPlayerSetSamplePos)
    cayDigPlayerStreamFree                   0x0800434d   Thumb Code    24  chipay_digitalplayer.o(i.cayDigPlayerStreamFree)
    cayDigPlayerStreamGet                    0x08004365   Thumb Code    50  chipay_digitalplayer.o(i.cayDigPlayerStreamGet)
    cayDigPlayerStreamSize                   0x08004397   Thumb Code    18  chipay_digitalplayer.o(i.cayDigPlayerStreamSize)
    cayDigPlayerStreamWRStep                 0x080043a9   Thumb Code    16  chipay_digitalplayer.o(i.cayDigPlayerStreamWRStep)
    cayDigSmpAllocateInstrument              0x080043b9   Thumb Code   198  chipay_digitalsample.o(i.cayDigSmpAllocateInstrument)
    cayDigSmpAllocateInstrumentCreatBlank    0x0800447f   Thumb Code    84  chipay_digitalsample.o(i.cayDigSmpAllocateInstrumentCreatBlank)
    cayDigSmpCalcFreq                        0x080044d5   Thumb Code   160  chipay_digitalsample.o(i.cayDigSmpCalcFreq)
    cayDigSmpGenerateBUF                     0x08004585   Thumb Code   366  chipay_digitalsample.o(i.cayDigSmpGenerateBUF)
    cayDigSmpInstrumentAddByte               0x080046f3   Thumb Code    80  chipay_digitalsample.o(i.cayDigSmpInstrumentAddByte)
    cayDigSmpSetPos                          0x08004743   Thumb Code    50  chipay_digitalsample.o(i.cayDigSmpSetPos)
    cayStrmCacheDescMemParsingINSH           0x08004775   Thumb Code   180  chipay_streamdata.o(i.cayStrmCacheDescMemParsingINSH)
    cayStrmCacheDescMemParsingNOP            0x08004839   Thumb Code     4  chipay_streamdata.o(i.cayStrmCacheDescMemParsingNOP)
    cayStrmCacheDescMemParsingTRACK          0x0800483d   Thumb Code   154  chipay_streamdata.o(i.cayStrmCacheDescMemParsingTRACK)
    cayStrmClear                             0x080048e1   Thumb Code    24  chipay_streamdata.o(i.cayStrmClear)
    cayStrmCmdSet                            0x080048f9   Thumb Code     8  chipay_streamdata.o(i.cayStrmCmdSet)
    cayStrmFifoINwrSize                      0x08004901   Thumb Code     6  chipay_streamdata.o(i.cayStrmFifoINwrSize)
    cayStrmFifoOUwrB                         0x08004907   Thumb Code    32  chipay_streamdata.o(i.cayStrmFifoOUwrB)
    cayStrmFifoOUwrFree                      0x08004927   Thumb Code    12  chipay_streamdata.o(i.cayStrmFifoOUwrFree)
    cayStrmFlagGet                           0x08004933   Thumb Code     4  chipay_streamdata.o(i.cayStrmFlagGet)
    cayStrmFlagSet                           0x08004937   Thumb Code     8  chipay_streamdata.o(i.cayStrmFlagSet)
    cayStrmPool                              0x08004941   Thumb Code  1570  chipay_streamdata.o(i.cayStrmPool)
    chayBootFlashDo                          0x08005055   Thumb Code   180  chipay_bootflasher.o(i.chayBootFlashDo)
    chipAY_DacSetup                          0x0800513d   Thumb Code   270  chipay_hardware.o(i.chipAY_DacSetup)
    chipAY_HardwareInit                      0x0800526d   Thumb Code   172  chipay_hardware.o(i.chipAY_HardwareInit)
    chipAY_TimerFreq                         0x08005341   Thumb Code    62  chipay_hardware.o(i.chipAY_TimerFreq)
    chipAY_TimerRCC                          0x08005381   Thumb Code   308  chipay_hardware.o(i.chipAY_TimerRCC)
    chipAY_TimerSetup                        0x080054bd   Thumb Code   232  chipay_hardware.o(i.chipAY_TimerSetup)
    chipAY_TimerSetupX                       0x080055ad   Thumb Code   306  chipay_hardware.o(i.chipAY_TimerSetupX)
    crc16_blk                                0x080056e5   Thumb Code    44  rb_crc16.o(i.crc16_blk)
    crc16_blk_CCITT                          0x08005711   Thumb Code    44  rb_crc16.o(i.crc16_blk_CCITT)
    flashaddr                                0x0800573d   Thumb Code     6  bootflasherf4.o(i.flashaddr)
    flashsize                                0x08005745   Thumb Code     8  bootflasherf4.o(i.flashsize)
    flashtop                                 0x08005751   Thumb Code    16  bootflasherf4.o(i.flashtop)
    hdGPIO_Setup                             0x08005761   Thumb Code   246  hdports.o(i.hdGPIO_Setup)
    hdIntSetVector                           0x08005859   Thumb Code    12  hdinterrupt.o(i.hdIntSetVector)
    hdIntSwitchInterruptToRAM                0x08005869   Thumb Code    44  hdinterrupt.o(i.hdIntSwitchInterruptToRAM)
    isTimerCompareOverflowX                  0x080058a1   Thumb Code    26  hdtimers.o(i.isTimerCompareOverflowX)
    main                                     0x080058bd   Thumb Code    92  main.o(i.main)
    memalAllocateBaseListSize                0x0800591d   Thumb Code    88  memoryallocator.o(i.memalAllocateBaseListSize)
    memalBaseListByAddr                      0x08005979   Thumb Code    54  memoryallocator.o(i.memalBaseListByAddr)
    memalDescAllocate                        0x080059b5   Thumb Code    82  memoryallocator.o(i.memalDescAllocate)
    memalDescFree                            0x08005a0d   Thumb Code    74  memoryallocator.o(i.memalDescFree)
    memalDescFreeSize                        0x08005a5d   Thumb Code    16  memoryallocator.o(i.memalDescFreeSize)
    memalDescGetAddr                         0x08005a71   Thumb Code    50  memoryallocator.o(i.memalDescGetAddr)
    memalDescInit                            0x08005aa9   Thumb Code    60  memoryallocator.o(i.memalDescInit)
    memalDescSetFlag                         0x08005ae9   Thumb Code    48  memoryallocator.o(i.memalDescSetFlag)
    memalEraseAllData                        0x08005b1d   Thumb Code   140  memoryallocator.o(i.memalEraseAllData)
    memalFillBLK                             0x08005bb1   Thumb Code    58  memoryallocator.o(i.memalFillBLK)
    memalFindBaseListSize                    0x08005bed   Thumb Code    66  memoryallocator.o(i.memalFindBaseListSize)
    memalInit                                0x08005c35   Thumb Code   356  memoryallocator.o(i.memalInit)
    memalMemDescAllocate                     0x08005e55   Thumb Code   138  memoryallocator.o(i.memalMemDescAllocate)
    memalMemPackCut                          0x08005ee9   Thumb Code   230  memoryallocator.o(i.memalMemPackCut)
    memalWriteBLK                            0x08005fd9   Thumb Code   194  memoryallocator.o(i.memalWriteBLK)
    rb_IntToHEX                              0x080060a1   Thumb Code     8  rb_util.o(i.rb_IntToHEX)
    rb_IntToProc                             0x080060a9   Thumb Code   410  rb_util.o(i.rb_IntToProc)
    rb_IntToStr                              0x0800625d   Thumb Code     8  rb_util.o(i.rb_IntToStr)
    rb_fifo_clear                            0x08006265   Thumb Code    12  rb_fifo.o(i.rb_fifo_clear)
    rb_fifo_flush                            0x08006271   Thumb Code    36  rb_fifo.o(i.rb_fifo_flush)
    rb_fifo_free                             0x08006295   Thumb Code    16  rb_fifo.o(i.rb_fifo_free)
    rb_fifo_rd                               0x080062a5   Thumb Code    30  rb_fifo.o(i.rb_fifo_rd)
    rb_fifo_rd_D                             0x080062c3   Thumb Code    98  rb_fifo.o(i.rb_fifo_rd_D)
    rb_fifo_size                             0x08006325   Thumb Code    12  rb_fifo.o(i.rb_fifo_size)
    rb_fifo_wr                               0x08006331   Thumb Code    36  rb_fifo.o(i.rb_fifo_wr)
    rb_fifo_wr_D                             0x08006355   Thumb Code    14  rb_fifo.o(i.rb_fifo_wr_D)
    rb_fifo_wr_blk                           0x08006363   Thumb Code   322  rb_fifo.o(i.rb_fifo_wr_blk)
    wsPoolDigitalPlayer                      0x080064a5   Thumb Code    30  chipay_ws_process.o(i.wsPoolDigitalPlayer)
    wsPoolFlasherMode                        0x080064cd   Thumb Code    18  chipay_ws_process.o(i.wsPoolFlasherMode)
    wsPoolStreamMode                         0x080064e5   Thumb Code    10  chipay_ws_process.o(i.wsPoolStreamMode)
    wsPoolTransMode                          0x080064f5   Thumb Code   484  chipay_ws_process.o(i.wsPoolTransMode)
    fwBootStatic                             0x080067a8   Data        1320  chipay_bootflasher.o(.constdata)
    fwBootFlash                              0x08006cd0   Data         616  chipay_bootflasher.o(.constdata)
    binBootTSL                               0x08006f38   Data        3808  chipay_bootflasher.o(.constdata)
    BFbase64mSTR                             0x08007e38   Data          65  bootflasherf4.o(.constdata)
    Region$$Table$$Base                      0x08007ec0   Number         0  anon$$obj.o(Region$$Table)
    Region$$Table$$Limit                     0x08007f20   Number         0  anon$$obj.o(Region$$Table)
    Load$$LR$$LR_IROM$$Limit                 0x0800b528   Number         0  anon$$obj.o ABSOLUTE
    Image$$EReIROM0$$Base                    0x08100000   Number         0  anon$$obj.o(linker$$defined$$symbols)
    Image$$RW_IRAM2$$Base                    0x10000000   Number         0  anon$$obj.o(linker$$defined$$symbols)
    Image$$RW_IRAM2$$ZI$$Limit               0x10000000   Number         0  anon$$obj.o(linker$$defined$$symbols)
    Image$$RWeIRAM2$$Base                    0x10010000   Number         0  anon$$obj.o(linker$$defined$$symbols)
    Image$$RW_IRAM0$$Base                    0x20000000   Number         0  uldiv.o(.text)
    __aeabi_uldivmod                         0x20000001   Thumb Code    98  uldiv.o(.text)
    toupper                                  0x20000063   Thumb Code    12  toupper.o(.text)
    __aeabi_memcpy                           0x2000006f   Thumb Code    36  memcpya.o(.text)
    __aeabi_memcpy4                          0x2000006f   Thumb Code     0  memcpya.o(.text)
    __aeabi_memcpy8                          0x2000006f   Thumb Code     0  memcpya.o(.text)
    __aeabi_memset                           0x20000093   Thumb Code    14  memseta.o(.text)
    __aeabi_memset4                          0x20000093   Thumb Code     0  memseta.o(.text)
    __aeabi_memset8                          0x20000093   Thumb Code     0  memseta.o(.text)
    __aeabi_memclr                           0x200000a1   Thumb Code     4  memseta.o(.text)
    __aeabi_memclr4                          0x200000a1   Thumb Code     0  memseta.o(.text)
    __aeabi_memclr8                          0x200000a1   Thumb Code     0  memseta.o(.text)
    _memset$wrapper                          0x200000a5   Thumb Code    18  memseta.o(.text)
    strcat                                   0x200000b7   Thumb Code    24  strcat.o(.text)
    strlen                                   0x200000cf   Thumb Code    14  strlen.o(.text)
    strcmp                                   0x200000dd   Thumb Code    28  strcmp.o(.text)
    __aeabi_dadd                             0x200000f9   Thumb Code   322  dadd.o(.text)
    __aeabi_dsub                             0x2000023b   Thumb Code     6  dadd.o(.text)
    __aeabi_drsub                            0x20000241   Thumb Code     6  dadd.o(.text)
    __aeabi_dmul                             0x20000247   Thumb Code   228  dmul.o(.text)
    __aeabi_ddiv                             0x2000032b   Thumb Code   222  ddiv.o(.text)
    __aeabi_ui2d                             0x20000409   Thumb Code    26  dfltui.o(.text)
    __aeabi_d2uiz                            0x20000423   Thumb Code    50  dfixui.o(.text)
    __aeabi_d2ulz                            0x20000455   Thumb Code    48  dfixul.o(.text)
    __aeabi_f2d                              0x20000485   Thumb Code    38  f2d.o(.text)
    __aeabi_cdcmpeq                          0x200004ad   Thumb Code     0  cdcmple.o(.text)
    __aeabi_cdcmple                          0x200004ad   Thumb Code    38  cdcmple.o(.text)
    __aeabi_cdrcmple                         0x200004d5   Thumb Code    38  cdrcmple.o(.text)
    __aeabi_d2f                              0x200004fd   Thumb Code    56  d2f.o(.text)
    __aeabi_llsl                             0x20000535   Thumb Code    30  llshl.o(.text)
    _ll_shift_l                              0x20000535   Thumb Code     0  llshl.o(.text)
    __aeabi_llsr                             0x20000553   Thumb Code    32  llushr.o(.text)
    _ll_ushift_r                             0x20000553   Thumb Code     0  llushr.o(.text)
    __aeabi_lasr                             0x20000573   Thumb Code    36  llsshr.o(.text)
    _ll_sshift_r                             0x20000573   Thumb Code     0  llsshr.o(.text)
    __I$use$fp                               0x20000597   Thumb Code     0  iusefp.o(.text)
    _float_round                             0x20000597   Thumb Code    18  fepilogue.o(.text)
    _float_epilogue                          0x200005a9   Thumb Code    90  fepilogue.o(.text)
    _double_round                            0x20000603   Thumb Code    26  depilogue.o(.text)
    _double_epilogue                         0x2000061d   Thumb Code   164  depilogue.o(.text)
    __ARM_scalbn                             0x200006c1   Thumb Code    46  dscalb.o(.text)
    scalbn                                   0x200006c1   Thumb Code     0  dscalb.o(.text)
    __aeabi_i2d                              0x200006ef   Thumb Code    34  dflti.o(.text)
    _dsqrt                                   0x20000711   Thumb Code   162  dsqrt.o(.text)
    __decompress                             0x200007b3   Thumb Code     0  __dczerorl2.o(.text)
    __decompress1                            0x200007b3   Thumb Code    92  __dczerorl2.o(.text)
    ChipAY_ArmInit                           0x20000811   Thumb Code     2  chipay.o(RAMCODE)
    ChipAY_TiksARM                           0x20000813   Thumb Code   430  chipay.o(RAMCODE)
    ChipAY_DacStep                           0x200009e1   Thumb Code   162  chipay_hardware.o(RAMCODE)
    SchekBootMode                            0x20000a83   Thumb Code    46  chipay_hardware.o(RAMCODE)
    TIM4_IRQHandler                          0x20000ab1   Thumb Code    60  chipay_hardware.o(RAMCODE)
    ChipAY_WriteReg                          0x20000b05   Thumb Code    60  chipay_wildsound.o(RAMCODE)
    ChipAY_Init                              0x20000b41   Thumb Code   194  chipay_wildsound.o(RAMCODE)
    ChipAY_Mixer                             0x20000c03   Thumb Code   644  chipay_wildsound.o(RAMCODE)
    JumpToBootloader                         0x20000eed   Thumb Code    44  chipay_main.o(RAMCODE)
    chMain                                   0x20000f19   Thumb Code    62  chipay_main.o(RAMCODE)
    Long Thumb to Thumb Veneer to cayDigPlayerStreamGet 0x20000f71   Thumb Code    10  anon$$obj.o(Veneer$$Code)
    Long Thumb to Thumb Veneer to TIM_ClearITPendingBit 0x20000f7b   Thumb Code    10  anon$$obj.o(Veneer$$Code)
    Long Thumb to Thumb Veneer to RCC_DeInit 0x20000f85   Thumb Code    10  anon$$obj.o(Veneer$$Code)
    Long Thumb to Thumb Veneer to ListProcADD 0x20000f8f   Thumb Code    10  anon$$obj.o(Veneer$$Code)
    Long Thumb to Thumb Veneer to DoProc     0x20000f99   Thumb Code    10  anon$$obj.o(Veneer$$Code)
    Long Thumb to Thumb Veneer to WaitMS_CheckContinue 0x20000fa3   Thumb Code    10  anon$$obj.o(Veneer$$Code)
    __ARM_fpclassify                         0x20000fad   Thumb Code    48  fpclassify.o(i.__ARM_fpclassify)
    __hardfp_pow                             0x20000fe1   Thumb Code  3132  pow.o(i.__hardfp_pow)
    __kernel_poly                            0x20001c71   Thumb Code   248  poly.o(i.__kernel_poly)
    __mathlib_dbl_underflow                  0x20001d69   Thumb Code    24  dunder.o(i.__mathlib_dbl_underflow)
    __set_errno                              0x20001d89   Thumb Code     6  errno.o(i.__set_errno)
    fabs                                     0x20001d95   Thumb Code    32  fabs.o(i.fabs)
    malloc                                   0x20001db5   Thumb Code    92  malloc.o(i.malloc)
    sqrt                                     0x20001e21   Thumb Code   110  sqrt.o(i.sqrt)
    __mathlib_zero                           0x20001f18   Data           8  qnan.o(.constdata)
    VolTBAL                                  0x20001f20   Data          32  chipay_wildsound.o(RAMCODE)
    VolTBAR                                  0x20001f40   Data          32  chipay_wildsound.o(RAMCODE)
    VolTBBL                                  0x20001f60   Data          32  chipay_wildsound.o(RAMCODE)
    VolTBBR                                  0x20001f80   Data          32  chipay_wildsound.o(RAMCODE)
    VolTBCL                                  0x20001fa0   Data          32  chipay_wildsound.o(RAMCODE)
    VolTBCR                                  0x20001fc0   Data          32  chipay_wildsound.o(RAMCODE)
    EnvRndTAB                                0x20001fe0   Data         768  chipay_wildsound.o(RAMCODE)
    malDesc                                  0x200022e0   Data           4  memoryallocator.o(.data)
    chipAY_StreamFifoIN                      0x200022e4   Data          16  chipay_streamdata.o(.data)
    chipAY_StreamFifoOUT                     0x200022f4   Data          16  chipay_streamdata.o(.data)
    chipAY_Stream                            0x20002304   Data          76  chipay_streamdata.o(.data)
    fbufp                                    0x20002388   Data           2  bootflasherf4.o(.data)
    faddr                                    0x2000238c   Data           4  bootflasherf4.o(.data)
    bflRecBlocksStart                        0x20002390   Data           4  bootflasherf4.o(.data)
    bflRecBlocksSize                         0x20002394   Data           4  bootflasherf4.o(.data)
    bflRecBlocksNum                          0x20002398   Data           4  bootflasherf4.o(.data)
    SPI3DMAbufferTx                          0x200023ac   Data           2  hardware.o(.data)
    SPI3DMAbufferRx                          0x200023ae   Data           2  hardware.o(.data)
    isRbousCFG                               0x200023b0   Data           1  hardware.o(.data)
    uart_RS_fifo_in                          0x200023b4   Data          16  interface.o(.data)
    uart_RS_fifo_out                         0x200023c4   Data          16  interface.o(.data)
    PCLK1_NOP                                0x200023d4   Data           2  hdtimers.o(.data)
    Timer_CounterX                           0x200023d8   Data           4  hdtimers.o(.data)
    Timer_1mcs_CounterX                      0x200023dc   Data           4  hdtimers.o(.data)
    Timer_1ms_CounterX                       0x200023e0   Data           4  hdtimers.o(.data)
    __microlib_freelist                      0x200023f0   Data           4  mvars.o(.data)
    __microlib_freelist_initialised          0x200023f4   Data           4  mvars.o(.data)
    DAC_CHP                                  0x200023fc   Data           1  chipay_hardware.o(RAMCODE)
    ayDacVAL0                                0x20002400   Data           4  chipay_hardware.o(RAMCODE)
    ayDacVAL1                                0x20002404   Data           4  chipay_hardware.o(RAMCODE)
    ayDacVAL2                                0x20002408   Data           4  chipay_hardware.o(RAMCODE)
    ayStr                                    0x20002412   Data         660  chipay_wildsound.o(RAMCODE)
    ad                                       0x200026a6   Data           1  chipay_wildsound.o(RAMCODE)
    process_main_list                        0x200026a8   Data          16  chipay_main.o(RAMCODE)
    process_main                             0x200026b8   Data          20  chipay_main.o(RAMCODE)
    process_aydac                            0x200026cc   Data          20  chipay_main.o(RAMCODE)
    process_aydac_list                       0x200026e0   Data          16  chipay_main.o(RAMCODE)
    process_main_timers_buf                  0x200026f0   Data           4  chipay_main.o(RAMCODE)
    process_main_list_buf                    0x200026f4   Data           8  chipay_main.o(RAMCODE)
    process_aydac_timers_buf                 0x200026fc   Data           4  chipay_main.o(RAMCODE)
    process_aydac_list_buf                   0x20002700   Data           8  chipay_main.o(RAMCODE)
    digPlayer                                0x20002708   Data       14720  chipay_digitalplayer.o(.bss)
    malBaseList                              0x20006088   Data         128  memoryallocator.o(.bss)
    chipAY_StreamFifoIN_buf                  0x20006108   Data         128  chipay_streamdata.o(.bss)
    chipAY_StreamFifoOUT_buf                 0x20006188   Data         128  chipay_streamdata.o(.bss)
    fbuf                                     0x20006208   Data          81  bootflasherf4.o(.bss)
    bflImgRec                                0x20006259   Data          42  bootflasherf4.o(.bss)
    uart_RS_fifo_in_buf                      0x20006283   Data         256  interface.o(.bss)
    uart_RS_fifo_out_buf                     0x20006383   Data          32  interface.o(.bss)
    MPU_ClocksStatus                         0x200063a4   Data          16  hdtimers.o(.bss)
    __heap_base                              0x200063b8   Data           0  startup_stm32f40_41xxx.o(HEAP)
    DAC_CHL                                  0x200065b8   Data          10  chipay_hardware.o(RAMCODE)
    __heap_limit                             0x200065b8   Data           0  startup_stm32f40_41xxx.o(HEAP)
    DAC_CHR                                  0x200065c2   Data          10  chipay_hardware.o(RAMCODE)
    process_main_call_buf                    0x200065cc   Data          16  chipay_main.o(RAMCODE)
    process_aydac_call_buf                   0x200065dc   Data          16  chipay_main.o(RAMCODE)
    Image$$RW_IRAM0$$ZI$$Limit               0x200068f0   Number         0  startup_stm32f40_41xxx.o(STACK)
    __ADDR_ram_free                          0x200068f0   Data           0  startup_stm32f40_41xxx.o(STACK)
    __initial_sp                             0x200068f0   Data           0  startup_stm32f40_41xxx.o(STACK)
    Long Thumb to Thumb Veneer to cayStrmFlagGet 0x20018001   Thumb Code    10  anon$$obj.o(Veneer$$Code)
    Image$$RW_IRAM1$$Base                    0x20018000   Number         0  anon$$obj.o(Veneer$$Code)
    Image$$RWeIRAM0$$Base                    0x20018000   Number         0  anon$$obj.o(linker$$defined$$symbols)
    Long Thumb to Thumb Veneer to cayStrmFifoOUwrFree 0x2001800b   Thumb Code    10  anon$$obj.o(Veneer$$Code)
    Long Thumb to Thumb Veneer to cayStrmFifoINwrSize 0x20018015   Thumb Code    10  anon$$obj.o(Veneer$$Code)
    Long Thumb to Thumb Veneer to Read_RS_Size 0x2001801f   Thumb Code    10  anon$$obj.o(Veneer$$Code)
    Long Thumb to Thumb Veneer to Read_RS_Byte 0x20018029   Thumb Code    10  anon$$obj.o(Veneer$$Code)
    Long Thumb to Thumb Veneer to Send_RS_FREEBusy 0x20018033   Thumb Code    10  anon$$obj.o(Veneer$$Code)
    Long Thumb to Thumb Veneer to Timer_1ms_CounterUpdate 0x2001803d   Thumb Code    10  anon$$obj.o(Veneer$$Code)
    Long Thumb to Thumb Veneer to Send_RS_B  0x20018047   Thumb Code    10  anon$$obj.o(Veneer$$Code)
    Long Thumb to Thumb Veneer to cayStrmClear 0x20018051   Thumb Code    10  anon$$obj.o(Veneer$$Code)
    Long Thumb to Thumb Veneer to cayStrmCmdSet 0x2001805b   Thumb Code    10  anon$$obj.o(Veneer$$Code)
    Long Thumb to Thumb Veneer to cayStrmFifoOUwrB 0x20018065   Thumb Code    10  anon$$obj.o(Veneer$$Code)
    Long Thumb to Thumb Veneer to cayStrmFlagSet 0x2001806f   Thumb Code    10  anon$$obj.o(Veneer$$Code)
    EXTI01_extProc                           0x20018079   Thumb Code    76  chipay_interrupt.o(ccmram)
    TIM3_IRQHandler                          0x20018079   Thumb Code     0  chipay_interrupt.o(ccmram)
    prcAY0prcR00                             0x200180d1   Thumb Code    26  chipay_interrupt.o(ccmram)
    prcAY0prcR02                             0x200180eb   Thumb Code    26  chipay_interrupt.o(ccmram)
    prcAY0prcR04                             0x20018105   Thumb Code    26  chipay_interrupt.o(ccmram)
    prcAY0prcR06                             0x2001811f   Thumb Code    30  chipay_interrupt.o(ccmram)
    prcAY0prcR0B                             0x2001813d   Thumb Code    28  chipay_interrupt.o(ccmram)
    prcAY0prcR0D                             0x20018159   Thumb Code    14  chipay_interrupt.o(ccmram)
    prcAY0prcR18                             0x20018167   Thumb Code    16  chipay_interrupt.o(ccmram)
    prcAY0prcR19                             0x20018177   Thumb Code    18  chipay_interrupt.o(ccmram)
    prcAY0prcR1A                             0x20018189   Thumb Code    18  chipay_interrupt.o(ccmram)
    prcAY1prcR00                             0x2001819b   Thumb Code    28  chipay_interrupt.o(ccmram)
    prcAY1prcR02                             0x200181b7   Thumb Code    28  chipay_interrupt.o(ccmram)
    prcAY1prcR04                             0x200181d3   Thumb Code    30  chipay_interrupt.o(ccmram)
    prcAY1prcR06                             0x200181f1   Thumb Code    28  chipay_interrupt.o(ccmram)
    prcAY1prcR0B                             0x2001820d   Thumb Code    32  chipay_interrupt.o(ccmram)
    prcAY1prcR0D                             0x2001822d   Thumb Code    14  chipay_interrupt.o(ccmram)
    prcAY1prcR18                             0x2001823b   Thumb Code    20  chipay_interrupt.o(ccmram)
    prcAY1prcR19                             0x2001824f   Thumb Code    20  chipay_interrupt.o(ccmram)
    prcAY1prcR1A                             0x20018263   Thumb Code    20  chipay_interrupt.o(ccmram)
    prcAYRprcR0E                             0x20018277   Thumb Code    76  chipay_interrupt.o(ccmram)
    prcAYWprcR0E                             0x200182c3   Thumb Code    94  chipay_interrupt.o(ccmram)
    prcAYprcNULL                             0x20018321   Thumb Code     2  chipay_interrupt.o(ccmram)
    EXT_DoAyBusUpdate                        0x20018323   Thumb Code   108  chipay_interrupt.o(ccmram)
    EXT_DoWsReadStopString                   0x2001838f   Thumb Code    14  chipay_interrupt.o(ccmram)
    EXT_DoWsStreamCalcCRCstp                 0x2001839d   Thumb Code    42  chipay_interrupt.o(ccmram)
    EXT_DoWsStreamCalcCRC                    0x200183c7   Thumb Code    86  chipay_interrupt.o(ccmram)
    EXT_DoWsStreamStatus                     0x2001841d   Thumb Code    86  chipay_interrupt.o(ccmram)
    EXT_DoWsStreamGetStatusByte              0x20018473   Thumb Code   216  chipay_interrupt.o(ccmram)
    EXT_DoWsBusReadData                      0x2001854b   Thumb Code   394  chipay_interrupt.o(ccmram)
    EXT_DoWsBusWriteAddr                     0x200186d5   Thumb Code   514  chipay_interrupt.o(ccmram)
    EXT_DoWsBusWriteData                     0x200188d7   Thumb Code   724  chipay_interrupt.o(ccmram)
    EXT_DoAyBusReg                           0x20018bab   Thumb Code   340  chipay_interrupt.o(ccmram)
    TSL_AYX32_M_DEVSIG                       0x20018d34   Data           2  chipay_interrupt.o(ccmram)
    outDataForTslPort                        0x20018d38   Data        1024  chipay_interrupt.o(ccmram)
    tbl_AYREGPER_proc                        0x20019138   Data         256  chipay_interrupt.o(ccmram)
    LOCKSTRING                               0x20019238   Data          19  chipay_interrupt.o(ccmram)
    WILDdataINFO                             0x2001924b   Data          24  chipay_interrupt.o(ccmram)
    WILDfwVer                                0x20019266   Data           6  chipay_interrupt.o(ccmram)
    WILDdataVER                              0x2001926c   Data          21  chipay_interrupt.o(ccmram)
    vectorTable_RAM                          0x20019300   Data        1024  hdinterrupt.o(ccmram)
    WILDwsVER                                0x20019700   Data          32  chipay_interrupt.o(ccmram)
    Image$$RW_IRAM1$$ZI$$Limit               0x20019720   Number         0  chipay_interrupt.o(ccmram)
    Image$$RWeIRAM1$$Base                    0x20020000   Number         0  anon$$obj.o(linker$$defined$$symbols)



==============================================================================

Memory Map of the image

  Image Entry point : 0x08000189

  Load Region LR_IROM (Base: 0x08000000, Size: 0x0000bd28, Max: 0x00100000, ABSOLUTE, COMPRESSED[0x0000b528])

    Execution Region ER_IROM0 (Base: 0x08000000, Size: 0x00007f20, Max: 0x00100000, ABSOLUTE)

    Base Addr    Size         Type   Attr      Idx    E Section Name        Object

    0x08000000   0x00000188   Data   RO            3    RESET               startup_stm32f40_41xxx.o
    0x08000188   0x00000000   Code   RO         6316  * .ARM.Collect$$$$00000000  mc_w.l(entry.o)
    0x08000188   0x00000004   Code   RO         6410    .ARM.Collect$$$$00000001  mc_w.l(entry2.o)
    0x0800018c   0x00000004   Code   RO         6413    .ARM.Collect$$$$00000004  mc_w.l(entry5.o)
    0x08000190   0x00000000   Code   RO         6415    .ARM.Collect$$$$00000008  mc_w.l(entry7b.o)
    0x08000190   0x00000000   Code   RO         6417    .ARM.Collect$$$$0000000A  mc_w.l(entry8b.o)
    0x08000190   0x00000008   Code   RO         6418    .ARM.Collect$$$$0000000B  mc_w.l(entry9a.o)
    0x08000198   0x00000000   Code   RO         6420    .ARM.Collect$$$$0000000D  mc_w.l(entry10a.o)
    0x08000198   0x00000000   Code   RO         6422    .ARM.Collect$$$$0000000F  mc_w.l(entry11a.o)
    0x08000198   0x00000004   Code   RO         6411    .ARM.Collect$$$$00002712  mc_w.l(entry2.o)
    0x0800019c   0x00000028   Code   RO         1140    .emb_text           bootflasherf4.o
    0x080001c4   0x00000024   Code   RO            4    .text               startup_stm32f40_41xxx.o
    0x080001e8   0x00000024   Code   RO         6450    .text               mc_w.l(init.o)
    0x0800020c   0x0000072c   Code   RO          936    ROMCODE             chipay_interrupt.o
    0x08000938   0x0000000a   Ven    RO         6470    Veneer$$Code        anon$$obj.o
    0x08000942   0x0000000a   Ven    RO         6471    Veneer$$Code        anon$$obj.o
    0x0800094c   0x0000000a   Ven    RO         6472    Veneer$$Code        anon$$obj.o
    0x08000956   0x0000000a   Ven    RO         6473    Veneer$$Code        anon$$obj.o
    0x08000960   0x0000000a   Ven    RO         6474    Veneer$$Code        anon$$obj.o
    0x0800096a   0x0000000a   Ven    RO         6475    Veneer$$Code        anon$$obj.o
    0x08000974   0x0000000a   Ven    RO         6476    Veneer$$Code        anon$$obj.o
    0x0800097e   0x0000000a   Ven    RO         6477    Veneer$$Code        anon$$obj.o
    0x08000988   0x0000000a   Ven    RO         6478    Veneer$$Code        anon$$obj.o
    0x08000992   0x0000000a   Ven    RO         6479    Veneer$$Code        anon$$obj.o
    0x0800099c   0x0000000a   Ven    RO         6480    Veneer$$Code        anon$$obj.o
    0x080009a6   0x0000000a   Ven    RO         6481    Veneer$$Code        anon$$obj.o
    0x080009b0   0x0000000a   Ven    RO         6482    Veneer$$Code        anon$$obj.o
    0x080009ba   0x0000000a   Ven    RO         6483    Veneer$$Code        anon$$obj.o
    0x080009c4   0x0000000a   Ven    RO         6484    Veneer$$Code        anon$$obj.o
    0x080009ce   0x0000000a   Ven    RO         6485    Veneer$$Code        anon$$obj.o
    0x080009d8   0x0000000a   Ven    RO         6486    Veneer$$Code        anon$$obj.o
    0x080009e2   0x0000000a   Ven    RO         6487    Veneer$$Code        anon$$obj.o
    0x080009ec   0x0000000a   Ven    RO         6488    Veneer$$Code        anon$$obj.o
    0x080009f6   0x0000000a   Ven    RO         6489    Veneer$$Code        anon$$obj.o
    0x08000a00   0x0000000a   Ven    RO         6490    Veneer$$Code        anon$$obj.o
    0x08000a0a   0x0000000a   Ven    RO         6491    Veneer$$Code        anon$$obj.o
    0x08000a14   0x0000000a   Ven    RO         6492    Veneer$$Code        anon$$obj.o
    0x08000a1e   0x0000000a   Ven    RO         6493    Veneer$$Code        anon$$obj.o
    0x08000a28   0x0000000a   Ven    RO         6494    Veneer$$Code        anon$$obj.o
    0x08000a32   0x0000000a   Ven    RO         6495    Veneer$$Code        anon$$obj.o
    0x08000a3c   0x0000000a   Ven    RO         6496    Veneer$$Code        anon$$obj.o
    0x08000a46   0x0000000a   Ven    RO         6497    Veneer$$Code        anon$$obj.o
    0x08000a50   0x0000000a   Ven    RO         6498    Veneer$$Code        anon$$obj.o
    0x08000a5a   0x00000026   Code   RO          327    i.CallProc          process.o
    0x08000a80   0x00000018   Code   RO         2473    i.DAC_Cmd           stm32f4xx_dac.o
    0x08000a98   0x00000018   Code   RO         2474    i.DAC_DMACmd        stm32f4xx_dac.o
    0x08000ab0   0x00000028   Code   RO         2481    i.DAC_Init          stm32f4xx_dac.o
    0x08000ad8   0x0000002c   Code   RO         2741    i.DMA_ClearFlag     stm32f4xx_dma.o
    0x08000b04   0x00000014   Code   RO         2743    i.DMA_Cmd           stm32f4xx_dma.o
    0x08000b18   0x00000034   Code   RO         2754    i.DMA_ITConfig      stm32f4xx_dma.o
    0x08000b4c   0x00000054   Code   RO         2755    i.DMA_Init          stm32f4xx_dma.o
    0x08000ba0   0x00000090   Code   RO         6153    i.DelayMCS          hdtimers.o
    0x08000c30   0x0000009c   Code   RO         6154    i.DelayMS           hdtimers.o
    0x08000ccc   0x00000080   Code   RO          328    i.DoProc            process.o
    0x08000d4c   0x00000078   Code   RO          938    i.EXTI15_10_IRQHandler  chipay_interrupt.o
    0x08000dc4   0x0000004c   Code   RO          939    i.EXTI2_IRQHandler  chipay_interrupt.o
    0x08000e10   0x00000078   Code   RO          940    i.EXTI9_5_IRQHandler  chipay_interrupt.o
    0x08000e88   0x0000000c   Code   RO         2873    i.EXTI_ClearITPendingBit  stm32f4xx_exti.o
    0x08000e94   0x00000070   Code   RO         2878    i.EXTI_Init         stm32f4xx_exti.o
    0x08000f04   0x0000000c   Code   RO         2937    i.FLASH_ClearFlag   stm32f4xx_flash.o
    0x08000f10   0x0000001c   Code   RO         2938    i.FLASH_DataCacheCmd  stm32f4xx_flash.o
    0x08000f2c   0x00000010   Code   RO         2939    i.FLASH_DataCacheReset  stm32f4xx_flash.o
    0x08000f3c   0x00000018   Code   RO         1141    i.FLASH_ErasePage   bootflasherf4.o
    0x08000f54   0x0000006c   Code   RO         2941    i.FLASH_EraseSector  stm32f4xx_flash.o
    0x08000fc0   0x00000034   Code   RO         2943    i.FLASH_GetStatus   stm32f4xx_flash.o
    0x08000ff4   0x0000001c   Code   RO         2945    i.FLASH_InstructionCacheCmd  stm32f4xx_flash.o
    0x08001010   0x00000010   Code   RO         2946    i.FLASH_InstructionCacheReset  stm32f4xx_flash.o
    0x08001020   0x00000010   Code   RO         2947    i.FLASH_Lock        stm32f4xx_flash.o
    0x08001030   0x00000024   Code   RO         2956    i.FLASH_OB_Unlock   stm32f4xx_flash.o
    0x08001054   0x0000001c   Code   RO         2959    i.FLASH_PrefetchBufferCmd  stm32f4xx_flash.o
    0x08001070   0x0000003c   Code   RO         2962    i.FLASH_ProgramHalfWord  stm32f4xx_flash.o
    0x080010ac   0x0000000c   Code   RO         2964    i.FLASH_SetLatency  stm32f4xx_flash.o
    0x080010b8   0x00000024   Code   RO         2965    i.FLASH_Unlock      stm32f4xx_flash.o
    0x080010dc   0x0000001e   Code   RO         2966    i.FLASH_WaitForLastOperation  stm32f4xx_flash.o
    0x080010fa   0x000000a2   Code   RO         3266    i.GPIO_Init         stm32f4xx_gpio.o
    0x0800119c   0x00000020   Code   RO         3267    i.GPIO_PinAFConfig  stm32f4xx_gpio.o
    0x080011bc   0x00000030   Code   RO         5807    i.Init              hardware.o
    0x080011ec   0x00000018   Code   RO          329    i.ListProcADD       process.o
    0x08001204   0x00000028   Code   RO          330    i.ListProcRoll      process.o
    0x0800122c   0x00000064   Code   RO         1757    i.NVIC_Init         misc.o
    0x08001290   0x00000314   Code   RO          184    i.PerFrCalc         chipay_digitalplayer.o
    0x080015a4   0x00000018   Code   RO         3888    i.RCC_AHB1PeriphClockCmd  stm32f4xx_rcc.o
    0x080015bc   0x00000018   Code   RO         3891    i.RCC_AHB2PeriphClockCmd  stm32f4xx_rcc.o
    0x080015d4   0x00000018   Code   RO         3897    i.RCC_APB1PeriphClockCmd  stm32f4xx_rcc.o
    0x080015ec   0x00000018   Code   RO         3899    i.RCC_APB1PeriphResetCmd  stm32f4xx_rcc.o
    0x08001604   0x00000018   Code   RO         3900    i.RCC_APB2PeriphClockCmd  stm32f4xx_rcc.o
    0x0800161c   0x00000018   Code   RO         3902    i.RCC_APB2PeriphResetCmd  stm32f4xx_rcc.o
    0x08001634   0x0000013e   Code   RO         5808    i.RCC_Configuration  hardware.o
    0x08001772   0x00000002   PAD
    0x08001774   0x0000003c   Code   RO         3908    i.RCC_DeInit        stm32f4xx_rcc.o
    0x080017b0   0x00000084   Code   RO         3909    i.RCC_GetClocksFreq  stm32f4xx_rcc.o
    0x08001834   0x00000034   Code   RO         3910    i.RCC_GetFlagStatus  stm32f4xx_rcc.o
    0x08001868   0x00000014   Code   RO         3913    i.RCC_HCLKConfig    stm32f4xx_rcc.o
    0x0800187c   0x00000010   Code   RO         3914    i.RCC_HSEConfig     stm32f4xx_rcc.o
    0x0800188c   0x00000014   Code   RO         3922    i.RCC_PCLK1Config   stm32f4xx_rcc.o
    0x080018a0   0x00000014   Code   RO         3923    i.RCC_PCLK2Config   stm32f4xx_rcc.o
    0x080018b4   0x0000000c   Code   RO         3924    i.RCC_PLLCmd        stm32f4xx_rcc.o
    0x080018c0   0x00000028   Code   RO         3925    i.RCC_PLLConfig     stm32f4xx_rcc.o
    0x080018e8   0x00000014   Code   RO         3930    i.RCC_SYSCLKConfig  stm32f4xx_rcc.o
    0x080018fc   0x0000002c   Code   RO         3931    i.RCC_WaitForHSEStartUp  stm32f4xx_rcc.o
    0x08001928   0x0000001c   Code   RO         4173    i.RNG_Cmd           stm32f4xx_rng.o
    0x08001944   0x00000012   Code   RO          469    i.RNG_Config        main.o
    0x08001956   0x00000002   PAD
    0x08001958   0x00000020   Code   RO         5870    i.Read_RS_Byte      interface.o
    0x08001978   0x0000000c   Code   RO         5872    i.Read_RS_Size      interface.o
    0x08001984   0x0000001a   Code   RO          331    i.ReturnProc        process.o
    0x0800199e   0x00000014   Code   RO         4793    i.SPI_Cmd           stm32f4xx_spi.o
    0x080019b2   0x00000010   Code   RO         4799    i.SPI_I2S_DMACmd    stm32f4xx_spi.o
    0x080019c2   0x00000002   PAD
    0x080019c4   0x00000054   Code   RO         4800    i.SPI_I2S_DeInit    stm32f4xx_spi.o
    0x08001a18   0x00000038   Code   RO         4806    i.SPI_Init          stm32f4xx_spi.o
    0x08001a50   0x00000018   Code   RO         4807    i.SPI_NSSInternalSoftwareConfig  stm32f4xx_spi.o
    0x08001a68   0x00000014   Code   RO         4808    i.SPI_SSOutputCmd   stm32f4xx_spi.o
    0x08001a7c   0x00000028   Code   RO         4957    i.SYSCFG_EXTILineConfig  stm32f4xx_syscfg.o
    0x08001aa4   0x0000017c   Code   RO         5809    i.SelectInitGPIO    hardware.o
    0x08001c20   0x00000030   Code   RO         5873    i.Send_RS_B         interface.o
    0x08001c50   0x000000a8   Code   RO         5875    i.Send_RS_Buf       interface.o
    0x08001cf8   0x0000000c   Code   RO         5876    i.Send_RS_Byte      interface.o
    0x08001d04   0x0000000c   Code   RO         5878    i.Send_RS_DEC       interface.o
    0x08001d10   0x00000034   Code   RO         5881    i.Send_RS_FREEBusy  interface.o
    0x08001d44   0x00000010   Code   RO         5882    i.Send_RS_HEX       interface.o
    0x08001d54   0x00000074   Code   RO         5883    i.Send_RS_Hold      interface.o
    0x08001dc8   0x00000014   Code   RO         5886    i.Send_RS_String    interface.o
    0x08001ddc   0x000001fc   Code   RO         5810    i.SetupSPI          hardware.o
    0x08001fd8   0x0000008c   Code   RO          591    i.ShowMalBaseRec    memoryallocator.o
    0x08002064   0x000000ac   Code   RO          470    i.ShowStartInfo     main.o
    0x08002110   0x0000001c   Code   RO         5811    i.SystemInit        hardware.o
    0x0800212c   0x0000002e   Code   RO         5004    i.TI1_Config        stm32f4xx_tim.o
    0x0800215a   0x00000036   Code   RO         5005    i.TI2_Config        stm32f4xx_tim.o
    0x08002190   0x00000022   Code   RO         5007    i.TIM_BDTRConfig    stm32f4xx_tim.o
    0x080021b2   0x00000012   Code   RO         5008    i.TIM_BDTRStructInit  stm32f4xx_tim.o
    0x080021c4   0x00000006   Code   RO         5013    i.TIM_ClearITPendingBit  stm32f4xx_tim.o
    0x080021ca   0x00000014   Code   RO         5018    i.TIM_Cmd           stm32f4xx_tim.o
    0x080021de   0x00000010   Code   RO         5021    i.TIM_DMACmd        stm32f4xx_tim.o
    0x080021ee   0x000000ac   Code   RO         5041    i.TIM_ICInit        stm32f4xx_tim.o
    0x0800229a   0x00000010   Code   RO         5043    i.TIM_ITConfig      stm32f4xx_tim.o
    0x080022aa   0x00000002   PAD
    0x080022ac   0x00000060   Code   RO         5047    i.TIM_OC1Init       stm32f4xx_tim.o
    0x0800230c   0x0000000c   Code   RO         5050    i.TIM_OC1PreloadConfig  stm32f4xx_tim.o
    0x08002318   0x00000080   Code   RO         5052    i.TIM_OC2Init       stm32f4xx_tim.o
    0x08002398   0x00000014   Code   RO         5055    i.TIM_OC2PreloadConfig  stm32f4xx_tim.o
    0x080023ac   0x0000007c   Code   RO         5057    i.TIM_OC3Init       stm32f4xx_tim.o
    0x08002428   0x0000000c   Code   RO         5060    i.TIM_OC3PreloadConfig  stm32f4xx_tim.o
    0x08002434   0x00000060   Code   RO         5062    i.TIM_OC4Init       stm32f4xx_tim.o
    0x08002494   0x00000014   Code   RO         5064    i.TIM_OC4PreloadConfig  stm32f4xx_tim.o
    0x080024a8   0x0000000c   Code   RO         5072    i.TIM_SelectInputTrigger  stm32f4xx_tim.o
    0x080024b4   0x00000010   Code   RO         5073    i.TIM_SelectMasterSlaveMode  stm32f4xx_tim.o
    0x080024c4   0x00000010   Code   RO         5076    i.TIM_SelectOutputTrigger  stm32f4xx_tim.o
    0x080024d4   0x00000010   Code   RO         5077    i.TIM_SelectSlaveMode  stm32f4xx_tim.o
    0x080024e4   0x00000010   Code   RO         5085    i.TIM_SetIC1Prescaler  stm32f4xx_tim.o
    0x080024f4   0x00000018   Code   RO         5086    i.TIM_SetIC2Prescaler  stm32f4xx_tim.o
    0x0800250c   0x00000010   Code   RO         5087    i.TIM_SetIC3Prescaler  stm32f4xx_tim.o
    0x0800251c   0x00000018   Code   RO         5088    i.TIM_SetIC4Prescaler  stm32f4xx_tim.o
    0x08002534   0x0000007c   Code   RO         5090    i.TIM_TimeBaseInit  stm32f4xx_tim.o
    0x080025b0   0x00000012   Code   RO         5091    i.TIM_TimeBaseStructInit  stm32f4xx_tim.o
    0x080025c2   0x00000002   PAD
    0x080025c4   0x00000064   Code   RO         6159    i.TimerCounterUpdate  hdtimers.o
    0x08002628   0x00000064   Code   RO         6161    i.Timer_1ms_CounterUpdate  hdtimers.o
    0x0800268c   0x000000b0   Code   RO         5890    i.USART1_GPIO       interface.o
    0x0800273c   0x00000080   Code   RO         5891    i.USART1_IRQHandler  interface.o
    0x080027bc   0x00000014   Code   RO         5558    i.USART_Cmd         stm32f4xx_usart.o
    0x080027d0   0x0000000e   Code   RO         5561    i.USART_GetFlagStatus  stm32f4xx_usart.o
    0x080027de   0x0000003e   Code   RO         5562    i.USART_GetITStatus  stm32f4xx_usart.o
    0x0800281c   0x00000030   Code   RO         5564    i.USART_ITConfig    stm32f4xx_usart.o
    0x0800284c   0x000000b8   Code   RO         5565    i.USART_Init        stm32f4xx_usart.o
    0x08002904   0x00000008   Code   RO         5572    i.USART_ReceiveData  stm32f4xx_usart.o
    0x0800290c   0x00000008   Code   RO         5575    i.USART_SendData    stm32f4xx_usart.o
    0x08002914   0x000000d0   Code   RO         5896    i.Uart_RS_Init      interface.o
    0x080029e4   0x00000032   Code   RO         6169    i.WaitMS_CheckContinue  hdtimers.o
    0x08002a16   0x00000038   Code   RO          185    i.XM_ChekSongEND    chipay_digitalplayer.o
    0x08002a4e   0x00000002   PAD
    0x08002a50   0x00000ebc   Code   RO          186    i.XM_Player_STEP    chipay_digitalplayer.o
    0x0800390c   0x0000000e   Code   RO         6462    i.__scatterload_copy  mc_w.l(handlers.o)
    0x0800391a   0x00000002   Code   RO         6463    i.__scatterload_null  mc_w.l(handlers.o)
    0x0800391c   0x0000000e   Code   RO         6464    i.__scatterload_zeroinit  mc_w.l(handlers.o)
    0x0800392a   0x00000002   PAD
    0x0800392c   0x00000028   Code   RO         1142    i.bflBootBlockAddr  bootflasherf4.o
    0x08003954   0x0000000c   Code   RO         1144    i.bflBootBlockPTR   bootflasherf4.o
    0x08003960   0x00000060   Code   RO         1145    i.bflBootBlocks     bootflasherf4.o
    0x080039c0   0x00000028   Code   RO         1146    i.bflBootBlocksGetCRC  bootflasherf4.o
    0x080039e8   0x0000002c   Code   RO         1147    i.bflBootCheckNeedFlashing  bootflasherf4.o
    0x08003a14   0x0000001a   Code   RO         1149    i.bflBootExtremalExecuteBlock  bootflasherf4.o
    0x08003a2e   0x0000001c   Code   RO         1150    i.bflBootExtremalExecuteBlockType  bootflasherf4.o
    0x08003a4a   0x0000002e   Code   RO         1151    i.bflBootFindByType  bootflasherf4.o
    0x08003a78   0x00000016   Code   RO         1152    i.bflBootFlashDisable  bootflasherf4.o
    0x08003a8e   0x00000022   Code   RO         1160    i.bflFlashErase     bootflasherf4.o
    0x08003ab0   0x00000052   Code   RO         1161    i.bflFlashEraseAlignBLK  bootflasherf4.o
    0x08003b02   0x00000052   Code   RO         1162    i.bflFlashSectorCfg  bootflasherf4.o
    0x08003b54   0x0000006e   Code   RO         1163    i.bflFlashWriteBlock  bootflasherf4.o
    0x08003bc2   0x00000022   Code   RO         1164    i.bflImageAddBlock  bootflasherf4.o
    0x08003be4   0x000000b8   Code   RO         1165    i.bflImageAddBlockA  bootflasherf4.o
    0x08003c9c   0x00000064   Code   RO         1166    i.bflImageFinish    bootflasherf4.o
    0x08003d00   0x0000002c   Code   RO         1167    i.bflImageStart     bootflasherf4.o
    0x08003d2c   0x00000130   Code   RO          187    i.cayDigPlayerExtractLine  chipay_digitalplayer.o
    0x08003e5c   0x00000074   Code   RO          188    i.cayDigPlayerExtractLineShow  chipay_digitalplayer.o
    0x08003ed0   0x0000012c   Code   RO          189    i.cayDigPlayerGetPatDataSTR  chipay_digitalplayer.o
    0x08003ffc   0x0000005e   Code   RO          190    i.cayDigPlayerGoToPatLine  chipay_digitalplayer.o
    0x0800405a   0x00000034   Code   RO          191    i.cayDigPlayerGoToPosLine  chipay_digitalplayer.o
    0x0800408e   0x000000d8   Code   RO          192    i.cayDigPlayerInit  chipay_digitalplayer.o
    0x08004166   0x00000002   PAD
    0x08004168   0x000000d8   Code   RO          193    i.cayDigPlayerPool  chipay_digitalplayer.o
    0x08004240   0x000000dc   Code   RO          194    i.cayDigPlayerSTEP  chipay_digitalplayer.o
    0x0800431c   0x00000030   Code   RO          195    i.cayDigPlayerSetSamplePos  chipay_digitalplayer.o
    0x0800434c   0x00000018   Code   RO          196    i.cayDigPlayerStreamFree  chipay_digitalplayer.o
    0x08004364   0x00000032   Code   RO          197    i.cayDigPlayerStreamGet  chipay_digitalplayer.o
    0x08004396   0x00000012   Code   RO          198    i.cayDigPlayerStreamSize  chipay_digitalplayer.o
    0x080043a8   0x00000010   Code   RO          199    i.cayDigPlayerStreamWRStep  chipay_digitalplayer.o
    0x080043b8   0x000000c6   Code   RO           13    i.cayDigSmpAllocateInstrument  chipay_digitalsample.o
    0x0800447e   0x00000054   Code   RO           14    i.cayDigSmpAllocateInstrumentCreatBlank  chipay_digitalsample.o
    0x080044d2   0x00000002   PAD
    0x080044d4   0x000000b0   Code   RO           15    i.cayDigSmpCalcFreq  chipay_digitalsample.o
    0x08004584   0x0000016e   Code   RO           16    i.cayDigSmpGenerateBUF  chipay_digitalsample.o
    0x080046f2   0x00000050   Code   RO           17    i.cayDigSmpInstrumentAddByte  chipay_digitalsample.o
    0x08004742   0x00000032   Code   RO           18    i.cayDigSmpSetPos   chipay_digitalsample.o
    0x08004774   0x000000c4   Code   RO          769    i.cayStrmCacheDescMemParsingINSH  chipay_streamdata.o
    0x08004838   0x00000004   Code   RO          770    i.cayStrmCacheDescMemParsingNOP  chipay_streamdata.o
    0x0800483c   0x000000a4   Code   RO          771    i.cayStrmCacheDescMemParsingTRACK  chipay_streamdata.o
    0x080048e0   0x00000018   Code   RO          772    i.cayStrmClear      chipay_streamdata.o
    0x080048f8   0x00000008   Code   RO          773    i.cayStrmCmdSet     chipay_streamdata.o
    0x08004900   0x00000006   Code   RO          778    i.cayStrmFifoINwrSize  chipay_streamdata.o
    0x08004906   0x00000020   Code   RO          780    i.cayStrmFifoOUwrB  chipay_streamdata.o
    0x08004926   0x0000000c   Code   RO          782    i.cayStrmFifoOUwrFree  chipay_streamdata.o
    0x08004932   0x00000004   Code   RO          785    i.cayStrmFlagGet    chipay_streamdata.o
    0x08004936   0x00000008   Code   RO          786    i.cayStrmFlagSet    chipay_streamdata.o
    0x0800493e   0x00000002   PAD
    0x08004940   0x00000714   Code   RO          787    i.cayStrmPool       chipay_streamdata.o
    0x08005054   0x000000e8   Code   RO          517    i.chayBootFlashDo   chipay_bootflasher.o
    0x0800513c   0x00000130   Code   RO         1015    i.chipAY_DacSetup   chipay_hardware.o
    0x0800526c   0x000000d4   Code   RO         1016    i.chipAY_HardwareInit  chipay_hardware.o
    0x08005340   0x0000003e   Code   RO         1017    i.chipAY_TimerFreq  chipay_hardware.o
    0x0800537e   0x00000002   PAD
    0x08005380   0x0000013c   Code   RO         1018    i.chipAY_TimerRCC   chipay_hardware.o
    0x080054bc   0x000000f0   Code   RO         1019    i.chipAY_TimerSetup  chipay_hardware.o
    0x080055ac   0x00000138   Code   RO         1020    i.chipAY_TimerSetupX  chipay_hardware.o
    0x080056e4   0x0000002c   Code   RO         1354    i.crc16_blk         rb_crc16.o
    0x08005710   0x0000002c   Code   RO         1355    i.crc16_blk_CCITT   rb_crc16.o
    0x0800573c   0x00000006   Code   RO         1168    i.flashaddr         bootflasherf4.o
    0x08005742   0x00000002   PAD
    0x08005744   0x0000000c   Code   RO         1169    i.flashsize         bootflasherf4.o
    0x08005750   0x00000010   Code   RO         1170    i.flashtop          bootflasherf4.o
    0x08005760   0x000000f6   Code   RO         6118    i.hdGPIO_Setup      hdports.o
    0x08005856   0x00000002   PAD
    0x08005858   0x00000010   Code   RO         6082    i.hdIntSetVector    hdinterrupt.o
    0x08005868   0x00000038   Code   RO         6083    i.hdIntSwitchInterruptToRAM  hdinterrupt.o
    0x080058a0   0x0000001a   Code   RO         6174    i.isTimerCompareOverflowX  hdtimers.o
    0x080058ba   0x00000002   PAD
    0x080058bc   0x00000060   Code   RO          471    i.main              main.o
    0x0800591c   0x0000005c   Code   RO          594    i.memalAllocateBaseListSize  memoryallocator.o
    0x08005978   0x0000003c   Code   RO          595    i.memalBaseListByAddr  memoryallocator.o
    0x080059b4   0x00000058   Code   RO          596    i.memalDescAllocate  memoryallocator.o
    0x08005a0c   0x00000050   Code   RO          599    i.memalDescFree     memoryallocator.o
    0x08005a5c   0x00000014   Code   RO          600    i.memalDescFreeSize  memoryallocator.o
    0x08005a70   0x00000038   Code   RO          601    i.memalDescGetAddr  memoryallocator.o
    0x08005aa8   0x00000040   Code   RO          604    i.memalDescInit     memoryallocator.o
    0x08005ae8   0x00000034   Code   RO          605    i.memalDescSetFlag  memoryallocator.o
    0x08005b1c   0x00000094   Code   RO          606    i.memalEraseAllData  memoryallocator.o
    0x08005bb0   0x0000003a   Code   RO          607    i.memalFillBLK      memoryallocator.o
    0x08005bea   0x00000002   PAD
    0x08005bec   0x00000048   Code   RO          608    i.memalFindBaseListSize  memoryallocator.o
    0x08005c34   0x00000220   Code   RO          609    i.memalInit         memoryallocator.o
    0x08005e54   0x00000094   Code   RO          610    i.memalMemDescAllocate  memoryallocator.o
    0x08005ee8   0x000000f0   Code   RO          612    i.memalMemPackCut   memoryallocator.o
    0x08005fd8   0x000000c8   Code   RO          614    i.memalWriteBLK     memoryallocator.o
    0x080060a0   0x00000008   Code   RO         1623    i.rb_IntToHEX       rb_util.o
    0x080060a8   0x000001b4   Code   RO         1624    i.rb_IntToProc      rb_util.o
    0x0800625c   0x00000008   Code   RO         1625    i.rb_IntToStr       rb_util.o
    0x08006264   0x0000000c   Code   RO         1486    i.rb_fifo_clear     rb_fifo.o
    0x08006270   0x00000024   Code   RO         1487    i.rb_fifo_flush     rb_fifo.o
    0x08006294   0x00000010   Code   RO         1488    i.rb_fifo_free      rb_fifo.o
    0x080062a4   0x0000001e   Code   RO         1495    i.rb_fifo_rd        rb_fifo.o
    0x080062c2   0x00000062   Code   RO         1496    i.rb_fifo_rd_D      rb_fifo.o
    0x08006324   0x0000000c   Code   RO         1499    i.rb_fifo_size      rb_fifo.o
    0x08006330   0x00000024   Code   RO         1500    i.rb_fifo_wr        rb_fifo.o
    0x08006354   0x0000000e   Code   RO         1501    i.rb_fifo_wr_D      rb_fifo.o
    0x08006362   0x00000142   Code   RO         1503    i.rb_fifo_wr_blk    rb_fifo.o
    0x080064a4   0x00000028   Code   RO          540    i.wsPoolDigitalPlayer  chipay_ws_process.o
    0x080064cc   0x00000018   Code   RO          541    i.wsPoolFlasherMode  chipay_ws_process.o
    0x080064e4   0x00000010   Code   RO          542    i.wsPoolStreamMode  chipay_ws_process.o
    0x080064f4   0x000001f4   Code   RO          543    i.wsPoolTransMode   chipay_ws_process.o
    0x080066e8   0x000000c0   Data   RO          201    .constdata          chipay_digitalplayer.o
    0x080067a8   0x00001670   Data   RO          518    .constdata          chipay_bootflasher.o
    0x08007e18   0x00000020   Data   RO         1021    .constdata          chipay_hardware.o
    0x08007e38   0x00000056   Data   RO         1172    .constdata          bootflasherf4.o
    0x08007e8e   0x00000030   Data   RO          942    .conststring        chipay_interrupt.o
    0x08007ebe   0x00000002   PAD
    0x08007ec0   0x00000060   Data   RO         6454    Region$$Table       anon$$obj.o


    Execution Region EReIROM0 (Base: 0x08100000, Size: 0x00000000, Max: 0x00000000, ABSOLUTE)

    Base Addr    Size         Type   Attr      Idx    E Section Name        Object

    0x08100000   0x00000000   Data   RO         6456    linker$$defined$$symbols  anon$$obj.o


    Execution Region RW_IRAM2 (Base: 0x10000000, Size: 0x00000000, Max: 0x00010000, ABSOLUTE)

    Base Addr    Size         Type   Attr      Idx    E Section Name        Object

    0x10000000   0x00000000   Data   RO         6459    linker$$defined$$symbols  anon$$obj.o
    0x10000000   0x00000000   Zero   RW         6460    linker$$defined$$symbols  anon$$obj.o


    Execution Region RWeIRAM2 (Base: 0x10010000, Size: 0x00000000, Max: 0x00000000, ABSOLUTE)

    Base Addr    Size         Type   Attr      Idx    E Section Name        Object

    0x10010000   0x00000000   Data   RO         6461    linker$$defined$$symbols  anon$$obj.o


    Execution Region RW_IRAM0 (Base: 0x20000000, Size: 0x000068f0, Max: 0x00018000, ABSOLUTE, COMPRESSED[0x000000a4])

    Base Addr    Size         Type   Attr      Idx    E Section Name        Object

    0x20000000   0x00000062   Code   RO         6319    .text               mc_w.l(uldiv.o)
    0x20000062   0x0000000c   Code   RO         6321    .text               mc_w.l(toupper.o)
    0x2000006e   0x00000024   Code   RO         6323    .text               mc_w.l(memcpya.o)
    0x20000092   0x00000024   Code   RO         6325    .text               mc_w.l(memseta.o)
    0x200000b6   0x00000018   Code   RO         6327    .text               mc_w.l(strcat.o)
    0x200000ce   0x0000000e   Code   RO         6329    .text               mc_w.l(strlen.o)
    0x200000dc   0x0000001c   Code   RO         6331    .text               mc_w.l(strcmp.o)
    0x200000f8   0x0000014e   Code   RO         6365    .text               mf_w.l(dadd.o)
    0x20000246   0x000000e4   Code   RO         6367    .text               mf_w.l(dmul.o)
    0x2000032a   0x000000de   Code   RO         6369    .text               mf_w.l(ddiv.o)
    0x20000408   0x0000001a   Code   RO         6371    .text               mf_w.l(dfltui.o)
    0x20000422   0x00000032   Code   RO         6373    .text               mf_w.l(dfixui.o)
    0x20000454   0x00000030   Code   RO         6375    .text               mf_w.l(dfixul.o)
    0x20000484   0x00000026   Code   RO         6377    .text               mf_w.l(f2d.o)
    0x200004aa   0x00000002   PAD
    0x200004ac   0x00000028   Code   RO         6379    .text               mf_w.l(cdcmple.o)
    0x200004d4   0x00000028   Code   RO         6381    .text               mf_w.l(cdrcmple.o)
    0x200004fc   0x00000038   Code   RO         6383    .text               mf_w.l(d2f.o)
    0x20000534   0x0000001e   Code   RO         6424    .text               mc_w.l(llshl.o)
    0x20000552   0x00000020   Code   RO         6426    .text               mc_w.l(llushr.o)
    0x20000572   0x00000024   Code   RO         6428    .text               mc_w.l(llsshr.o)
    0x20000596   0x00000000   Code   RO         6439    .text               mc_w.l(iusefp.o)
    0x20000596   0x0000006c   Code   RO         6440    .text               mf_w.l(fepilogue.o)
    0x20000602   0x000000be   Code   RO         6442    .text               mf_w.l(depilogue.o)
    0x200006c0   0x0000002e   Code   RO         6446    .text               mf_w.l(dscalb.o)
    0x200006ee   0x00000022   Code   RO         6448    .text               mf_w.l(dflti.o)
    0x20000710   0x000000a2   Code   RO         6452    .text               mf_w.l(dsqrt.o)
    0x200007b2   0x0000005c   Code   RO         6468    .text               mc_w.l(__dczerorl2.o)
    0x2000080e   0x00000002   PAD
    0x20000810   0x000001d0   Code   RO          915    RAMCODE             chipay.o
    0x200009e0   0x00000124   Code   RO         1014    RAMCODE             chipay_hardware.o
    0x20000b04   0x000003e8   Code   RO         1077    RAMCODE             chipay_wildsound.o
    0x20000eec   0x00000084   Code   RO         1106    RAMCODE             chipay_main.o
    0x20000f70   0x0000000a   Ven    RO         6499    Veneer$$Code        anon$$obj.o
    0x20000f7a   0x0000000a   Ven    RO         6500    Veneer$$Code        anon$$obj.o
    0x20000f84   0x0000000a   Ven    RO         6501    Veneer$$Code        anon$$obj.o
    0x20000f8e   0x0000000a   Ven    RO         6502    Veneer$$Code        anon$$obj.o
    0x20000f98   0x0000000a   Ven    RO         6503    Veneer$$Code        anon$$obj.o
    0x20000fa2   0x0000000a   Ven    RO         6504    Veneer$$Code        anon$$obj.o
    0x20000fac   0x00000030   Code   RO         6393    i.__ARM_fpclassify  m_wm.l(fpclassify.o)
    0x20000fdc   0x00000004   PAD
    0x20000fe0   0x00000c90   Code   RO         6302    i.__hardfp_pow      m_wm.l(pow.o)
    0x20001c70   0x000000f8   Code   RO         6395    i.__kernel_poly     m_wm.l(poly.o)
    0x20001d68   0x00000020   Code   RO         6385    i.__mathlib_dbl_underflow  m_wm.l(dunder.o)
    0x20001d88   0x0000000c   Code   RO         6434    i.__set_errno       mc_w.l(errno.o)
    0x20001d94   0x00000020   Code   RO         6389    i.fabs              m_wm.l(fabs.o)
    0x20001db4   0x0000006c   Code   RO         6338    i.malloc            mc_w.l(malloc.o)
    0x20001e20   0x0000006e   Code   RO         6400    i.sqrt              m_wm.l(sqrt.o)
    0x20001e8e   0x00000002   PAD
    0x20001e90   0x00000088   Data   RO         6305    .constdata          m_wm.l(pow.o)
    0x20001f18   0x00000008   Data   RO         6397    .constdata          m_wm.l(qnan.o)
    0x20001f20   0x000003c0   Data   RO         1080    RAMCODE             chipay_wildsound.o
    0x200022e0   0x00000004   Data   RW          616    .data               memoryallocator.o
    0x200022e4   0x00000010   Data   RW          790    .data               chipay_streamdata.o
    0x200022f4   0x00000010   Data   RW          791    .data               chipay_streamdata.o
    0x20002304   0x0000004c   Data   RW          792    .data               chipay_streamdata.o
    0x20002350   0x00000038   Data   RW          943    .data               chipay_interrupt.o
    0x20002388   0x00000014   Data   RW         1173    .data               bootflasherf4.o
    0x2000239c   0x00000010   Data   RW         3932    .data               stm32f4xx_rcc.o
    0x200023ac   0x00000005   Data   RW         5812    .data               hardware.o
    0x200023b1   0x00000003   PAD
    0x200023b4   0x00000020   Data   RW         5900    .data               interface.o
    0x200023d4   0x0000001c   Data   RW         6177    .data               hdtimers.o
    0x200023f0   0x00000004   Data   RW         6430    .data               mc_w.l(mvars.o)
    0x200023f4   0x00000004   Data   RW         6431    .data               mc_w.l(mvars.o)
    0x200023f8   0x00000004   Data   RW         6435    .data               mc_w.l(errno.o)
    0x200023fc   0x00000010   Data   RW         1022    RAMCODE             chipay_hardware.o
    0x2000240c   0x0000029a   Data   RW         1078    RAMCODE             chipay_wildsound.o
    0x200026a6   0x00000001   Data   RW         1079    RAMCODE             chipay_wildsound.o
    0x200026a7   0x00000001   PAD
    0x200026a8   0x00000010   Data   RW         1107    RAMCODE             chipay_main.o
    0x200026b8   0x00000028   Data   RW         1108    RAMCODE             chipay_main.o
    0x200026e0   0x00000010   Data   RW         1109    RAMCODE             chipay_main.o
    0x200026f0   0x00000004   Data   RW         1111    RAMCODE             chipay_main.o
    0x200026f4   0x00000008   Data   RW         1112    RAMCODE             chipay_main.o
    0x200026fc   0x00000004   Data   RW         1114    RAMCODE             chipay_main.o
    0x20002700   0x00000008   Data   RW         1115    RAMCODE             chipay_main.o
    0x20002708   0x00003980   Zero   RW          200    .bss                chipay_digitalplayer.o
    0x20006088   0x00000080   Zero   RW          615    .bss                memoryallocator.o
    0x20006108   0x00000080   Zero   RW          788    .bss                chipay_streamdata.o
    0x20006188   0x00000080   Zero   RW          789    .bss                chipay_streamdata.o
    0x20006208   0x0000007b   Zero   RW         1171    .bss                bootflasherf4.o
    0x20006283   0x00000100   Zero   RW         5897    .bss                interface.o
    0x20006383   0x00000020   Zero   RW         5898    .bss                interface.o
    0x200063a3   0x00000001   PAD
    0x200063a4   0x00000010   Zero   RW         6175    .bss                hdtimers.o
    0x200063b4   0x00000004   PAD
    0x200063b8   0x00000200   Zero   RW            2    HEAP                startup_stm32f40_41xxx.o
    0x200065b8   0x00000014   Zero   RW         1023    RAMCODE             chipay_hardware.o
    0x200065cc   0x00000010   Zero   RW         1110    RAMCODE             chipay_main.o
    0x200065dc   0x00000010   Zero   RW         1113    RAMCODE             chipay_main.o
    0x200065ec   0x00000004   PAD
    0x200065f0   0x00000300   Zero   RW            1    STACK               startup_stm32f40_41xxx.o


    Execution Region RWeIRAM0 (Base: 0x20018000, Size: 0x00000000, Max: 0x00000000, ABSOLUTE)

    Base Addr    Size         Type   Attr      Idx    E Section Name        Object

    0x20018000   0x00000000   Data   RO         6457    linker$$defined$$symbols  anon$$obj.o


    Execution Region RW_IRAM1 (Base: 0x20018000, Size: 0x00001720, Max: 0x00008000, ABSOLUTE, COMPRESSED[0x00000020])

    Base Addr    Size         Type   Attr      Idx    E Section Name        Object

    0x20018000   0x0000000a   Ven    RO         6505    Veneer$$Code        anon$$obj.o
    0x2001800a   0x0000000a   Ven    RO         6506    Veneer$$Code        anon$$obj.o
    0x20018014   0x0000000a   Ven    RO         6507    Veneer$$Code        anon$$obj.o
    0x2001801e   0x0000000a   Ven    RO         6508    Veneer$$Code        anon$$obj.o
    0x20018028   0x0000000a   Ven    RO         6509    Veneer$$Code        anon$$obj.o
    0x20018032   0x0000000a   Ven    RO         6510    Veneer$$Code        anon$$obj.o
    0x2001803c   0x0000000a   Ven    RO         6511    Veneer$$Code        anon$$obj.o
    0x20018046   0x0000000a   Ven    RO         6512    Veneer$$Code        anon$$obj.o
    0x20018050   0x0000000a   Ven    RO         6513    Veneer$$Code        anon$$obj.o
    0x2001805a   0x0000000a   Ven    RO         6514    Veneer$$Code        anon$$obj.o
    0x20018064   0x0000000a   Ven    RO         6515    Veneer$$Code        anon$$obj.o
    0x2001806e   0x0000000a   Ven    RO         6516    Veneer$$Code        anon$$obj.o
    0x20018078   0x00000058   Code   RO          935    ccmram              chipay_interrupt.o
    0x200180d0   0x00000c64   Code   RO          937    ccmram              chipay_interrupt.o
    0x20018d34   0x0000052f   Data   RO          944    ccmram              chipay_interrupt.o
    0x20019263   0x00000001   PAD
    0x20019264   0x0000001d   Data   RW          946    ccmram              chipay_interrupt.o
    0x20019281   0x0000007f   PAD
    0x20019300   0x00000400   Data   RW         6084    ccmram              hdinterrupt.o
    0x20019700   0x00000020   Zero   RW          951    ccmram              chipay_interrupt.o


    Execution Region RWeIRAM1 (Base: 0x20020000, Size: 0x00000000, Max: 0x00000000, ABSOLUTE)

    Base Addr    Size         Type   Attr      Idx    E Section Name        Object

    0x20020000   0x00000000   Data   RO         6458    linker$$defined$$symbols  anon$$obj.o


==============================================================================

Image component sizes


      Code (inc. data)   RO Data    RW Data    ZI Data      Debug   Object Name

      1122         54         86         20        123      13903   bootflasherf4.o
       464         32          0          0          0       2932   chipay.o
       232         52       5744          0          0       1944   chipay_bootflasher.o
      6290        214        192          0      14720      16631   chipay_digitalplayer.o
       954         16          0          0          0     291696   chipay_digitalsample.o
      1738        152         32         16         20      33348   chipay_hardware.o
      5412        498       1375         85         32      44957   chipay_interrupt.o
       132         26          0         96         32       3315   chipay_main.o
      2270        416          0        108        256      12088   chipay_streamdata.o
      1000        102        960        667          0       7546   chipay_wildsound.o
       580         44          0          0          0      12032   chipay_ws_process.o
      1282         74          0          5          0      11425   hardware.o
        72         16          0       1024          0       1919   hdinterrupt.o
       246          8          0          0          0       1459   hdports.o
       576         86          0         28         16       6346   hdtimers.o
      1000         94          0         32        288      43006   interface.o
       286         72          0          0          0       2104   main.o
      2062        308          0          4        128      14754   memoryallocator.o
       100          8          0          0          0       2480   misc.o
       256          0          0          0          0       7643   process.o
        88          0          0          0          0       1641   rb_crc16.o
       576          0          0          0          0       6128   rb_fifo.o
       452         26          0          0          0       2772   rb_util.o
        36          8        392          0       1280        808   startup_stm32f40_41xxx.o
         0          0          0          0          0      12744   stm32f4xx_adc.o
        88         12          0          0          0       6830   stm32f4xx_dac.o
       200         16          0          0          0      15832   stm32f4xx_dma.o
       124         10          0          0          0       3697   stm32f4xx_exti.o
       478         84          0          0          0      12838   stm32f4xx_flash.o
       194          0          0          0          0       7795   stm32f4xx_gpio.o
       580        112          0         16          0      23436   stm32f4xx_rcc.o
        28          6          0          0          0        474   stm32f4xx_rng.o
       220         12          0          0          0      11725   stm32f4xx_spi.o
        40          6          0          0          0        568   stm32f4xx_syscfg.o
      1172         60          0          0          0      35420   stm32f4xx_tim.o
       344         10          0          0          0      10469   stm32f4xx_usart.o

    ----------------------------------------------------------------------
     31192       2634       8880       2232      16904     684705   Object Totals
       470          0         96          0          0          0   (incl. Generated)
        28          0          3        131          9          0   (incl. Padding)

    ----------------------------------------------------------------------

      Code (inc. data)   RO Data    RW Data    ZI Data      Debug   Library Member Name

        32          8          0          0          0        124   dunder.o
        32          0          0          0          0        124   fabs.o
        48          0          0          0          0        124   fpclassify.o
       248          0          0          0          0        152   poly.o
      3216        310        136          0          0        216   pow.o
         0          0          8          0          0          0   qnan.o
       110          0          0          0          0        148   sqrt.o
        92          0          0          0          0          0   __dczerorl2.o
         0          0          0          0          0          0   entry.o
         0          0          0          0          0          0   entry10a.o
         0          0          0          0          0          0   entry11a.o
         8          4          0          0          0          0   entry2.o
         4          0          0          0          0          0   entry5.o
         0          0          0          0          0          0   entry7b.o
         0          0          0          0          0          0   entry8b.o
         8          4          0          0          0          0   entry9a.o
        12          6          0          4          0         68   errno.o
        30          0          0          0          0          0   handlers.o
        36          8          0          0          0         68   init.o
         0          0          0          0          0          0   iusefp.o
        30          0          0          0          0         68   llshl.o
        36          0          0          0          0         68   llsshr.o
        32          0          0          0          0         68   llushr.o
       108         16          0          0          0         84   malloc.o
        36          0          0          0          0         68   memcpya.o
        36          0          0          0          0        108   memseta.o
         0          0          0          8          0          0   mvars.o
        24          0          0          0          0         68   strcat.o
        28          0          0          0          0         76   strcmp.o
        14          0          0          0          0         68   strlen.o
        12          0          0          0          0         68   toupper.o
        98          0          0          0          0         92   uldiv.o
        40          2          0          0          0         68   cdcmple.o
        40          2          0          0          0         68   cdrcmple.o
        56          0          0          0          0         88   d2f.o
       334          0          0          0          0        148   dadd.o
       222          0          0          0          0        100   ddiv.o
       190          0          0          0          0        176   depilogue.o
        50          0          0          0          0         76   dfixui.o
        48          0          0          0          0         68   dfixul.o
        34          0          0          0          0         76   dflti.o
        26          0          0          0          0         76   dfltui.o
       228          0          0          0          0         96   dmul.o
        46          0          0          0          0         80   dscalb.o
       162          0          0          0          0        100   dsqrt.o
        38          0          0          0          0         68   f2d.o
       108          0          0          0          0        168   fepilogue.o

    ----------------------------------------------------------------------
      5964        360        144         12          0       3316   Library Totals
        12          0          0          0          0          0   (incl. Padding)

    ----------------------------------------------------------------------

      Code (inc. data)   RO Data    RW Data    ZI Data      Debug   Library Name

      3686        318        144          0          0        888   m_wm.l
       644         38          0         12          0        972   mc_w.l
      1622          4          0          0          0       1456   mf_w.l

    ----------------------------------------------------------------------
      5964        360        144         12          0       3316   Library Totals

    ----------------------------------------------------------------------

==============================================================================


      Code (inc. data)   RO Data    RW Data    ZI Data      Debug   

     37156       2994       9024       2244      16904     663321   Grand Totals
     37156       2994       9024        196      16904     663321   ELF Image Totals (compressed)
     37156       2994       9024        196          0          0   ROM Totals

==============================================================================

    Total RO  Size (Code + RO Data)                46180 (  45.10kB)
    Total RW  Size (RW Data + ZI Data)             19148 (  18.70kB)
    Total ROM Size (Code + RO Data + RW Data)      46376 (  45.29kB)

==============================================================================

