ARM Linker, 5.03 [Build 76] [MDK-ARM Professional]

==============================================================================

Section Cross References

    startup_stm32f40_41xxx.o(RESET) refers to startup_stm32f40_41xxx.o(STACK) for __initial_sp
    startup_stm32f40_41xxx.o(RESET) refers to startup_stm32f40_41xxx.o(.text) for Reset_Handler
    startup_stm32f40_41xxx.o(.text) refers to main.o(i.SystemInit) for SystemInit
    startup_stm32f40_41xxx.o(.text) refers to entry.o(.ARM.Collect$$$$00000000) for __main
    main.o(i.main) refers to bootflasherf4.o(i.bflBootCheckNeedFlashing) for bflBootCheckNeedFlashing
    main.o(i.main) refers to bootflasherf4.o(i.bflBootProgramBlockType) for bflBootProgramBlockType
    main.o(i.main) refers to bootflasherf4.o(i.bflBootFlashDisable) for bflBootFlashDisable
    stm32f4xx_adc.o(i.ADC_DeInit) refers to stm32f4xx_rcc.o(i.RCC_APB2PeriphResetCmd) for RCC_APB2PeriphResetCmd
    stm32f4xx_can.o(i.CAN_DeInit) refers to stm32f4xx_rcc.o(i.RCC_APB1PeriphResetCmd) for RCC_APB1PeriphResetCmd
    stm32f4xx_can.o(i.CAN_GetITStatus) refers to stm32f4xx_can.o(i.CheckITStatus) for CheckITStatus
    stm32f4xx_cryp.o(i.CRYP_DeInit) refers to stm32f4xx_rcc.o(i.RCC_AHB2PeriphResetCmd) for RCC_AHB2PeriphResetCmd
    stm32f4xx_cryp_aes.o(i.CRYP_AES_CBC) refers to stm32f4xx_cryp.o(i.CRYP_KeyStructInit) for CRYP_KeyStructInit
    stm32f4xx_cryp_aes.o(i.CRYP_AES_CBC) refers to stm32f4xx_cryp.o(i.CRYP_KeyInit) for CRYP_KeyInit
    stm32f4xx_cryp_aes.o(i.CRYP_AES_CBC) refers to stm32f4xx_cryp.o(i.CRYP_Init) for CRYP_Init
    stm32f4xx_cryp_aes.o(i.CRYP_AES_CBC) refers to stm32f4xx_cryp.o(i.CRYP_IVInit) for CRYP_IVInit
    stm32f4xx_cryp_aes.o(i.CRYP_AES_CBC) refers to stm32f4xx_cryp.o(i.CRYP_FIFOFlush) for CRYP_FIFOFlush
    stm32f4xx_cryp_aes.o(i.CRYP_AES_CBC) refers to stm32f4xx_cryp.o(i.CRYP_Cmd) for CRYP_Cmd
    stm32f4xx_cryp_aes.o(i.CRYP_AES_CBC) refers to stm32f4xx_cryp.o(i.CRYP_GetFlagStatus) for CRYP_GetFlagStatus
    stm32f4xx_cryp_aes.o(i.CRYP_AES_CBC) refers to stm32f4xx_cryp.o(i.CRYP_DataIn) for CRYP_DataIn
    stm32f4xx_cryp_aes.o(i.CRYP_AES_CBC) refers to stm32f4xx_cryp.o(i.CRYP_DataOut) for CRYP_DataOut
    stm32f4xx_cryp_aes.o(i.CRYP_AES_CTR) refers to stm32f4xx_cryp.o(i.CRYP_KeyStructInit) for CRYP_KeyStructInit
    stm32f4xx_cryp_aes.o(i.CRYP_AES_CTR) refers to stm32f4xx_cryp.o(i.CRYP_KeyInit) for CRYP_KeyInit
    stm32f4xx_cryp_aes.o(i.CRYP_AES_CTR) refers to stm32f4xx_cryp.o(i.CRYP_Init) for CRYP_Init
    stm32f4xx_cryp_aes.o(i.CRYP_AES_CTR) refers to stm32f4xx_cryp.o(i.CRYP_IVInit) for CRYP_IVInit
    stm32f4xx_cryp_aes.o(i.CRYP_AES_CTR) refers to stm32f4xx_cryp.o(i.CRYP_FIFOFlush) for CRYP_FIFOFlush
    stm32f4xx_cryp_aes.o(i.CRYP_AES_CTR) refers to stm32f4xx_cryp.o(i.CRYP_Cmd) for CRYP_Cmd
    stm32f4xx_cryp_aes.o(i.CRYP_AES_CTR) refers to stm32f4xx_cryp.o(i.CRYP_DataIn) for CRYP_DataIn
    stm32f4xx_cryp_aes.o(i.CRYP_AES_CTR) refers to stm32f4xx_cryp.o(i.CRYP_GetFlagStatus) for CRYP_GetFlagStatus
    stm32f4xx_cryp_aes.o(i.CRYP_AES_CTR) refers to stm32f4xx_cryp.o(i.CRYP_DataOut) for CRYP_DataOut
    stm32f4xx_cryp_aes.o(i.CRYP_AES_ECB) refers to stm32f4xx_cryp.o(i.CRYP_KeyStructInit) for CRYP_KeyStructInit
    stm32f4xx_cryp_aes.o(i.CRYP_AES_ECB) refers to stm32f4xx_cryp.o(i.CRYP_KeyInit) for CRYP_KeyInit
    stm32f4xx_cryp_aes.o(i.CRYP_AES_ECB) refers to stm32f4xx_cryp.o(i.CRYP_Init) for CRYP_Init
    stm32f4xx_cryp_aes.o(i.CRYP_AES_ECB) refers to stm32f4xx_cryp.o(i.CRYP_FIFOFlush) for CRYP_FIFOFlush
    stm32f4xx_cryp_aes.o(i.CRYP_AES_ECB) refers to stm32f4xx_cryp.o(i.CRYP_Cmd) for CRYP_Cmd
    stm32f4xx_cryp_aes.o(i.CRYP_AES_ECB) refers to stm32f4xx_cryp.o(i.CRYP_GetFlagStatus) for CRYP_GetFlagStatus
    stm32f4xx_cryp_aes.o(i.CRYP_AES_ECB) refers to stm32f4xx_cryp.o(i.CRYP_DataIn) for CRYP_DataIn
    stm32f4xx_cryp_aes.o(i.CRYP_AES_ECB) refers to stm32f4xx_cryp.o(i.CRYP_DataOut) for CRYP_DataOut
    stm32f4xx_cryp_des.o(i.CRYP_DES_CBC) refers to stm32f4xx_cryp.o(i.CRYP_KeyStructInit) for CRYP_KeyStructInit
    stm32f4xx_cryp_des.o(i.CRYP_DES_CBC) refers to stm32f4xx_cryp.o(i.CRYP_Init) for CRYP_Init
    stm32f4xx_cryp_des.o(i.CRYP_DES_CBC) refers to stm32f4xx_cryp.o(i.CRYP_KeyInit) for CRYP_KeyInit
    stm32f4xx_cryp_des.o(i.CRYP_DES_CBC) refers to stm32f4xx_cryp.o(i.CRYP_IVInit) for CRYP_IVInit
    stm32f4xx_cryp_des.o(i.CRYP_DES_CBC) refers to stm32f4xx_cryp.o(i.CRYP_FIFOFlush) for CRYP_FIFOFlush
    stm32f4xx_cryp_des.o(i.CRYP_DES_CBC) refers to stm32f4xx_cryp.o(i.CRYP_Cmd) for CRYP_Cmd
    stm32f4xx_cryp_des.o(i.CRYP_DES_CBC) refers to stm32f4xx_cryp.o(i.CRYP_DataIn) for CRYP_DataIn
    stm32f4xx_cryp_des.o(i.CRYP_DES_CBC) refers to stm32f4xx_cryp.o(i.CRYP_GetFlagStatus) for CRYP_GetFlagStatus
    stm32f4xx_cryp_des.o(i.CRYP_DES_CBC) refers to stm32f4xx_cryp.o(i.CRYP_DataOut) for CRYP_DataOut
    stm32f4xx_cryp_des.o(i.CRYP_DES_ECB) refers to stm32f4xx_cryp.o(i.CRYP_KeyStructInit) for CRYP_KeyStructInit
[...]
    stm32f4xx_rtc.o(i.RTC_Init) refers to stm32f4xx_rtc.o(i.RTC_ExitInitMode) for RTC_ExitInitMode
    stm32f4xx_rtc.o(i.RTC_RefClockCmd) refers to stm32f4xx_rtc.o(i.RTC_EnterInitMode) for RTC_EnterInitMode
    stm32f4xx_rtc.o(i.RTC_RefClockCmd) refers to stm32f4xx_rtc.o(i.RTC_ExitInitMode) for RTC_ExitInitMode
    stm32f4xx_rtc.o(i.RTC_SetAlarm) refers to stm32f4xx_rtc.o(i.RTC_Bcd2ToByte) for RTC_Bcd2ToByte
    stm32f4xx_rtc.o(i.RTC_SetAlarm) refers to stm32f4xx_rtc.o(i.RTC_ByteToBcd2) for RTC_ByteToBcd2
    stm32f4xx_rtc.o(i.RTC_SetDate) refers to stm32f4xx_rtc.o(i.RTC_Bcd2ToByte) for RTC_Bcd2ToByte
    stm32f4xx_rtc.o(i.RTC_SetDate) refers to stm32f4xx_rtc.o(i.RTC_EnterInitMode) for RTC_EnterInitMode
    stm32f4xx_rtc.o(i.RTC_SetDate) refers to stm32f4xx_rtc.o(i.RTC_ExitInitMode) for RTC_ExitInitMode
    stm32f4xx_rtc.o(i.RTC_SetDate) refers to stm32f4xx_rtc.o(i.RTC_WaitForSynchro) for RTC_WaitForSynchro
    stm32f4xx_rtc.o(i.RTC_SetDate) refers to stm32f4xx_rtc.o(i.RTC_ByteToBcd2) for RTC_ByteToBcd2
    stm32f4xx_rtc.o(i.RTC_SetTime) refers to stm32f4xx_rtc.o(i.RTC_Bcd2ToByte) for RTC_Bcd2ToByte
    stm32f4xx_rtc.o(i.RTC_SetTime) refers to stm32f4xx_rtc.o(i.RTC_ByteToBcd2) for RTC_ByteToBcd2
    stm32f4xx_rtc.o(i.RTC_SetTime) refers to stm32f4xx_rtc.o(i.RTC_EnterInitMode) for RTC_EnterInitMode
    stm32f4xx_rtc.o(i.RTC_SetTime) refers to stm32f4xx_rtc.o(i.RTC_ExitInitMode) for RTC_ExitInitMode
    stm32f4xx_rtc.o(i.RTC_SetTime) refers to stm32f4xx_rtc.o(i.RTC_WaitForSynchro) for RTC_WaitForSynchro
    stm32f4xx_rtc.o(i.RTC_SynchroShiftConfig) refers to stm32f4xx_rtc.o(i.RTC_WaitForSynchro) for RTC_WaitForSynchro
    stm32f4xx_sdio.o(i.SDIO_DeInit) refers to stm32f4xx_rcc.o(i.RCC_APB2PeriphResetCmd) for RCC_APB2PeriphResetCmd
    stm32f4xx_spi.o(i.SPI_I2S_DeInit) refers to stm32f4xx_rcc.o(i.RCC_APB2PeriphResetCmd) for RCC_APB2PeriphResetCmd
    stm32f4xx_spi.o(i.SPI_I2S_DeInit) refers to stm32f4xx_rcc.o(i.RCC_APB1PeriphResetCmd) for RCC_APB1PeriphResetCmd
    stm32f4xx_syscfg.o(i.SYSCFG_DeInit) refers to stm32f4xx_rcc.o(i.RCC_APB2PeriphResetCmd) for RCC_APB2PeriphResetCmd
    stm32f4xx_tim.o(i.TIM_DeInit) refers to stm32f4xx_rcc.o(i.RCC_APB2PeriphResetCmd) for RCC_APB2PeriphResetCmd
    stm32f4xx_tim.o(i.TIM_DeInit) refers to stm32f4xx_rcc.o(i.RCC_APB1PeriphResetCmd) for RCC_APB1PeriphResetCmd
    stm32f4xx_tim.o(i.TIM_ETRClockMode1Config) refers to stm32f4xx_tim.o(i.TIM_ETRConfig) for TIM_ETRConfig
    stm32f4xx_tim.o(i.TIM_ETRClockMode2Config) refers to stm32f4xx_tim.o(i.TIM_ETRConfig) for TIM_ETRConfig
    stm32f4xx_tim.o(i.TIM_ICInit) refers to stm32f4xx_tim.o(i.TIM_SetIC4Prescaler) for TIM_SetIC4Prescaler
    stm32f4xx_tim.o(i.TIM_ICInit) refers to stm32f4xx_tim.o(i.TI1_Config) for TI1_Config
    stm32f4xx_tim.o(i.TIM_ICInit) refers to stm32f4xx_tim.o(i.TIM_SetIC1Prescaler) for TIM_SetIC1Prescaler
    stm32f4xx_tim.o(i.TIM_ICInit) refers to stm32f4xx_tim.o(i.TI2_Config) for TI2_Config
    stm32f4xx_tim.o(i.TIM_ICInit) refers to stm32f4xx_tim.o(i.TIM_SetIC2Prescaler) for TIM_SetIC2Prescaler
    stm32f4xx_tim.o(i.TIM_ICInit) refers to stm32f4xx_tim.o(i.TIM_SetIC3Prescaler) for TIM_SetIC3Prescaler
    stm32f4xx_tim.o(i.TIM_ITRxExternalClockConfig) refers to stm32f4xx_tim.o(i.TIM_SelectInputTrigger) for TIM_SelectInputTrigger
    stm32f4xx_tim.o(i.TIM_PWMIConfig) refers to stm32f4xx_tim.o(i.TI2_Config) for TI2_Config
    stm32f4xx_tim.o(i.TIM_PWMIConfig) refers to stm32f4xx_tim.o(i.TIM_SetIC2Prescaler) for TIM_SetIC2Prescaler
    stm32f4xx_tim.o(i.TIM_PWMIConfig) refers to stm32f4xx_tim.o(i.TI1_Config) for TI1_Config
    stm32f4xx_tim.o(i.TIM_PWMIConfig) refers to stm32f4xx_tim.o(i.TIM_SetIC1Prescaler) for TIM_SetIC1Prescaler
    stm32f4xx_tim.o(i.TIM_TIxExternalClockConfig) refers to stm32f4xx_tim.o(i.TI1_Config) for TI1_Config
    stm32f4xx_tim.o(i.TIM_TIxExternalClockConfig) refers to stm32f4xx_tim.o(i.TIM_SelectInputTrigger) for TIM_SelectInputTrigger
    stm32f4xx_tim.o(i.TIM_TIxExternalClockConfig) refers to stm32f4xx_tim.o(i.TI2_Config) for TI2_Config
    stm32f4xx_usart.o(i.USART_DeInit) refers to stm32f4xx_rcc.o(i.RCC_APB2PeriphResetCmd) for RCC_APB2PeriphResetCmd
    stm32f4xx_usart.o(i.USART_DeInit) refers to stm32f4xx_rcc.o(i.RCC_APB1PeriphResetCmd) for RCC_APB1PeriphResetCmd
    stm32f4xx_usart.o(i.USART_Init) refers to stm32f4xx_rcc.o(i.RCC_GetClocksFreq) for RCC_GetClocksFreq
    stm32f4xx_wwdg.o(i.WWDG_DeInit) refers to stm32f4xx_rcc.o(i.RCC_APB1PeriphResetCmd) for RCC_APB1PeriphResetCmd
    rb_base64m.o(i.BASE64_T_TBD) refers to memchr.o(.text) for memchr
    rb_base64m.o(i.BASE64m_DeCode) refers to rb_base64m.o(i.BASE64m_DeCodeStep) for BASE64m_DeCodeStep
    rb_base64m.o(i.BASE64m_DeCodeStep) refers to rb_base64m.o(i.BASE64_T_TBD) for BASE64_T_TBD
    rb_base64m.o(i.BASE64m_EnCode) refers to rb_base64m.o(i.BASE64m_EnCodeStepD) for BASE64m_EnCodeStepD
    rb_base64m.o(i.BASE64m_EnCode) refers to rb_base64m.o(i.BASE64m_EnCodeFlush) for BASE64m_EnCodeFlush
    rb_base64m.o(i.BASE64m_EnCodeStepD) refers to rb_base64m.o(i.BASE64m_EnCodeStep) for BASE64m_EnCodeStep
    rb_base64m.o(i.BASE64m_EnCodeStepPTR) refers to rb_base64m.o(i.BASE64m_EnCodeStepD) for BASE64m_EnCodeStepD
    rb_crc16.o(i.crc16_blk) refers to rb_crc16.o(i.crc16_byte) for crc16_byte
    rb_crc16.o(i.crc16_blk_CCITT) refers to rb_crc16.o(i.crc16_blk) for crc16_blk
    rb_crc16.o(i.crc16_str_CCITT) refers to rb_crc16.o(i.crc16_byte) for crc16_byte
    rb_fifo.o(i.rb_fifo_flush) refers to rb_fifo.o(i.rb_fifo_size) for rb_fifo_size
    rb_fifo.o(i.rb_fifo_free) refers to rb_fifo.o(i.rb_fifo_size) for rb_fifo_size
    rb_fifo.o(i.rb_fifo_ofs_rd) refers to rb_fifo.o(i.rb_fifo_ofs_rd_blk) for rb_fifo_ofs_rd_blk
    rb_fifo.o(i.rb_fifo_ofs_rd_D) refers to rb_fifo.o(i.rb_fifo_ofs_rd_blk) for rb_fifo_ofs_rd_blk
    rb_fifo.o(i.rb_fifo_ofs_rd_T) refers to rb_fifo.o(i.rb_fifo_ofs_rd_blk) for rb_fifo_ofs_rd_blk
    rb_fifo.o(i.rb_fifo_ofs_rd_W) refers to rb_fifo.o(i.rb_fifo_ofs_rd_blk) for rb_fifo_ofs_rd_blk
    rb_fifo.o(i.rb_fifo_ofs_rd_blk) refers to rb_fifo.o(i.rb_fifo_ofs_rd_blk_is) for rb_fifo_ofs_rd_blk_is
    rb_fifo.o(i.rb_fifo_ofs_rd_blk_is) refers to rb_fifo.o(i.rb_fifo_size) for rb_fifo_size
    rb_fifo.o(i.rb_fifo_ofs_rd_blk_is) refers to memcpya.o(.text) for __aeabi_memcpy
    rb_fifo.o(i.rb_fifo_rd_D) refers to rb_fifo.o(i.rb_fifo_rd_blk) for rb_fifo_rd_blk
    rb_fifo.o(i.rb_fifo_rd_W) refers to rb_fifo.o(i.rb_fifo_rd_blk) for rb_fifo_rd_blk
    rb_fifo.o(i.rb_fifo_rd_blk) refers to rb_fifo.o(i.rb_fifo_size) for rb_fifo_size
    rb_fifo.o(i.rb_fifo_rd_blk) refers to memcpya.o(.text) for __aeabi_memcpy
    rb_fifo.o(i.rb_fifo_wr_D) refers to rb_fifo.o(i.rb_fifo_wr_blk) for rb_fifo_wr_blk
    rb_fifo.o(i.rb_fifo_wr_W) refers to rb_fifo.o(i.rb_fifo_wr_blk) for rb_fifo_wr_blk
    rb_fifo.o(i.rb_fifo_wr_blk) refers to rb_fifo.o(i.rb_fifo_wr_blkA) for rb_fifo_wr_blkA
    rb_fifo.o(i.rb_fifo_wr_blk) refers to rb_fifo.o(i.rb_fifo_free) for rb_fifo_free
    rb_fifo.o(i.rb_fifo_wr_blkA) refers to rb_fifo.o(i.rb_fifo_free) for rb_fifo_free
    rb_fifo.o(i.rb_fifo_wr_blkA) refers to memcpya.o(.text) for __aeabi_memcpy
    rb_fifo.o(i.rb_fifo_wr_wait) refers to rb_fifo.o(i.rb_fifo_free) for rb_fifo_free
    rb_fifo.o(i.rb_fifo_wr_wait) refers to rb_fifo.o(i.rb_fifo_wr) for rb_fifo_wr
    rb_util.o(i.rb_CopyBlockMaxSize) refers to rb_util.o(i.rb_CopyBlock) for rb_CopyBlock
    rb_util.o(i.rb_HexToInt) refers to rb_util.o(i.rb_HexGet) for rb_HexGet
    rb_util.o(i.rb_IntToBIN) refers to rb_util.o(i.rb_IntToProc) for rb_IntToProc
    rb_util.o(i.rb_IntToHEX) refers to rb_util.o(i.rb_IntToProc) for rb_IntToProc
    rb_util.o(i.rb_IntToStr) refers to rb_util.o(i.rb_IntToProc) for rb_IntToProc
    rb_util.o(i.rb_StrIns) refers to rb_util.o(i.rb_LengthSTR) for rb_LengthSTR
    rb_util.o(i.rb_StrSet) refers to rb_util.o(i.rb_CopySTR) for rb_CopySTR
    bootflasherf4.o(i.FLASH_ErasePage) refers to stm32f4xx_flash.o(i.FLASH_EraseSector) for FLASH_EraseSector
    bootflasherf4.o(i.bflBootBlockAddr) refers to bootflasherf4.o(i.flashtop) for flashtop
    bootflasherf4.o(i.bflBootBlockAddr) refers to bootflasherf4.o(.data) for .data
    bootflasherf4.o(i.bflBootBlockPBUF) refers to bootflasherf4.o(i.bflBootBlockAddr) for bflBootBlockAddr
    bootflasherf4.o(i.bflBootBlockPTR) refers to bootflasherf4.o(i.bflBootBlockAddr) for bflBootBlockAddr
    bootflasherf4.o(i.bflBootBlocks) refers to bootflasherf4.o(i.flashtop) for flashtop
    bootflasherf4.o(i.bflBootBlocks) refers to bootflasherf4.o(.data) for .data
    bootflasherf4.o(i.bflBootBlocksGetCRC) refers to bootflasherf4.o(i.bflBootBlocks) for bflBootBlocks
    bootflasherf4.o(i.bflBootBlocksGetCRC) refers to rb_crc16.o(i.crc16_blk_CCITT) for crc16_blk_CCITT
    bootflasherf4.o(i.bflBootBlocksGetCRC) refers to bootflasherf4.o(.data) for .data
    bootflasherf4.o(i.bflBootCheckNeedFlashing) refers to bootflasherf4.o(i.bflBootBlocks) for bflBootBlocks
    bootflasherf4.o(i.bflBootCheckNeedFlashing) refers to bootflasherf4.o(i.bflBootBlocksGetCRC) for bflBootBlocksGetCRC
    bootflasherf4.o(i.bflBootCheckNeedFlashing) refers to bootflasherf4.o(.data) for .data
    bootflasherf4.o(i.bflBootExtremalExecuteBlock) refers to bootflasherf4.o(i.bflBootBlockPTR) for bflBootBlockPTR
    bootflasherf4.o(i.bflBootExtremalExecuteBlock) refers to bootflasherf4.o(.emb_text) for bflBootExtremalCopyExec
    bootflasherf4.o(i.bflBootExtremalExecuteBlockType) refers to bootflasherf4.o(i.bflBootFindByType) for bflBootFindByType
    bootflasherf4.o(i.bflBootExtremalExecuteBlockType) refers to bootflasherf4.o(i.bflBootExtremalExecuteBlock) for bflBootExtremalExecuteBlock
    bootflasherf4.o(i.bflBootFindByType) refers to bootflasherf4.o(i.bflBootBlocks) for bflBootBlocks
    bootflasherf4.o(i.bflBootFindByType) refers to bootflasherf4.o(i.bflBootBlockPTR) for bflBootBlockPTR
    bootflasherf4.o(i.bflBootFlashDisable) refers to bootflasherf4.o(i.flashtop) for flashtop
    bootflasherf4.o(i.bflBootFlashDisable) refers to bootflasherf4.o(i.bflFlashEraseAlignBLK) for bflFlashEraseAlignBLK
    bootflasherf4.o(i.bflBootProgramBlock) refers to bootflasherf4.o(i.bflBootBlockPTR) for bflBootBlockPTR
    bootflasherf4.o(i.bflBootProgramBlock) refers to bootflasherf4.o(i.flashtop) for flashtop
    bootflasherf4.o(i.bflBootProgramBlock) refers to bootflasherf4.o(i.bflBootProgramErase) for bflBootProgramErase
    bootflasherf4.o(i.bflBootProgramBlockType) refers to bootflasherf4.o(i.bflBootFindByType) for bflBootFindByType
    bootflasherf4.o(i.bflBootProgramBlockType) refers to bootflasherf4.o(i.bflBootProgramBlock) for bflBootProgramBlock
    bootflasherf4.o(i.bflBootProgramErase) refers to bootflasherf4.o(i.bflFlashCompareBlock) for bflFlashCompareBlock
    bootflasherf4.o(i.bflBootProgramErase) refers to bootflasherf4.o(i.bflFlashEraseAlignBLK) for bflFlashEraseAlignBLK
    bootflasherf4.o(i.bflBootProgramErase) refers to bootflasherf4.o(i.bflFlashWriteBlock) for bflFlashWriteBlock
    bootflasherf4.o(i.bflDataAddBuffer) refers to bootflasherf4.o(i.bflDataAddByte) for bflDataAddByte
    bootflasherf4.o(i.bflDataAddByte) refers to rb_base64m.o(i.BASE64m_DeCode) for BASE64m_DeCode
    bootflasherf4.o(i.bflDataAddByte) refers to bootflasherf4.o(i.flashsize) for flashsize
    bootflasherf4.o(i.bflDataAddByte) refers to bootflasherf4.o(i.flashtop) for flashtop
    bootflasherf4.o(i.bflDataAddByte) refers to bootflasherf4.o(i.bflFlashEraseAlignBLK) for bflFlashEraseAlignBLK
    bootflasherf4.o(i.bflDataAddByte) refers to bootflasherf4.o(i.bflFlashWriteBlock) for bflFlashWriteBlock
    bootflasherf4.o(i.bflDataAddByte) refers to bootflasherf4.o(i.bflDataStart) for bflDataStart
    bootflasherf4.o(i.bflDataAddByte) refers to bootflasherf4.o(.data) for .data
    bootflasherf4.o(i.bflDataAddByte) refers to bootflasherf4.o(.bss) for .bss
    bootflasherf4.o(i.bflDataAddByte) refers to rb_base64m.o(.data) for bas64m
    bootflasherf4.o(i.bflDataStart) refers to rb_base64m.o(i.BASE64m_Init) for BASE64m_Init
    bootflasherf4.o(i.bflDataStart) refers to bootflasherf4.o(.data) for .data
    bootflasherf4.o(i.bflDataStart) refers to bootflasherf4.o(.constdata) for .constdata
    bootflasherf4.o(i.bflDataStart) refers to rb_base64m.o(.data) for bas64m
    bootflasherf4.o(i.bflFlashErase) refers to stm32f4xx_flash.o(i.FLASH_Unlock) for FLASH_Unlock
    bootflasherf4.o(i.bflFlashErase) refers to stm32f4xx_flash.o(i.FLASH_ClearFlag) for FLASH_ClearFlag
    bootflasherf4.o(i.bflFlashErase) refers to bootflasherf4.o(i.FLASH_ErasePage) for FLASH_ErasePage
    bootflasherf4.o(i.bflFlashErase) refers to stm32f4xx_flash.o(i.FLASH_Lock) for FLASH_Lock
    bootflasherf4.o(i.bflFlashErase) refers to stm32f4xx_flash.o(i.FLASH_InstructionCacheReset) for FLASH_InstructionCacheReset
    bootflasherf4.o(i.bflFlashErase) refers to stm32f4xx_flash.o(i.FLASH_DataCacheReset) for FLASH_DataCacheReset
    bootflasherf4.o(i.bflFlashEraseAlignBLK) refers to bootflasherf4.o(i.bflFlashErase) for bflFlashErase
    bootflasherf4.o(i.bflFlashWriteBlock) refers to stm32f4xx_flash.o(i.FLASH_Unlock) for FLASH_Unlock
    bootflasherf4.o(i.bflFlashWriteBlock) refers to stm32f4xx_flash.o(i.FLASH_ClearFlag) for FLASH_ClearFlag
    bootflasherf4.o(i.bflFlashWriteBlock) refers to stm32f4xx_flash.o(i.FLASH_ProgramHalfWord) for FLASH_ProgramHalfWord
    bootflasherf4.o(i.bflFlashWriteBlock) refers to stm32f4xx_flash.o(i.FLASH_Lock) for FLASH_Lock
    bootflasherf4.o(i.bflFlashWriteBlock) refers to stm32f4xx_flash.o(i.FLASH_InstructionCacheReset) for FLASH_InstructionCacheReset
    bootflasherf4.o(i.bflFlashWriteBlock) refers to stm32f4xx_flash.o(i.FLASH_DataCacheReset) for FLASH_DataCacheReset
    bootflasherf4.o(i.bflImageAddBlock) refers to memcpya.o(.text) for __aeabi_memcpy4
    bootflasherf4.o(i.bflImageAddBlock) refers to bootflasherf4.o(i.flashtop) for flashtop
    bootflasherf4.o(i.bflImageAddBlock) refers to bootflasherf4.o(i.bflFlashWriteBlock) for bflFlashWriteBlock
    bootflasherf4.o(i.bflImageAddBlock) refers to bootflasherf4.o(.bss) for .bss
    bootflasherf4.o(i.bflImageAddBlock) refers to bootflasherf4.o(.constdata) for .constdata
    bootflasherf4.o(i.bflImageFinish) refers to bootflasherf4.o(i.bflImageAddBlock) for bflImageAddBlock
    bootflasherf4.o(i.bflImageFinish) refers to bootflasherf4.o(i.flashtop) for flashtop
    bootflasherf4.o(i.bflImageFinish) refers to rb_crc16.o(i.crc16_blk_CCITT) for crc16_blk_CCITT
    bootflasherf4.o(i.bflImageFinish) refers to rb_crc16.o(i.crc16_blk) for crc16_blk
    bootflasherf4.o(i.bflImageFinish) refers to bootflasherf4.o(i.bflFlashWriteBlock) for bflFlashWriteBlock
    bootflasherf4.o(i.bflImageFinish) refers to bootflasherf4.o(.bss) for .bss
    bootflasherf4.o(i.bflImageStart) refers to bootflasherf4.o(i.bflBootFlashDisable) for bflBootFlashDisable
    bootflasherf4.o(i.bflImageStart) refers to memseta.o(.text) for __aeabi_memclr
    bootflasherf4.o(i.bflImageStart) refers to bootflasherf4.o(i.flashtop) for flashtop
    bootflasherf4.o(i.bflImageStart) refers to bootflasherf4.o(.bss) for .bss
    bootflasherf4.o(i.flashtop) refers to bootflasherf4.o(i.flashsize) for flashsize
    entry.o(.ARM.Collect$$$$00000000) refers (Special) to entry10a.o(.ARM.Collect$$$$0000000D) for __rt_final_cpp
    entry.o(.ARM.Collect$$$$00000000) refers (Special) to entry11a.o(.ARM.Collect$$$$0000000F) for __rt_final_exit
    entry.o(.ARM.Collect$$$$00000000) refers (Special) to entry7b.o(.ARM.Collect$$$$00000008) for _main_clock
    entry.o(.ARM.Collect$$$$00000000) refers (Special) to entry8b.o(.ARM.Collect$$$$0000000A) for _main_cpp_init
    entry.o(.ARM.Collect$$$$00000000) refers (Special) to entry9a.o(.ARM.Collect$$$$0000000B) for _main_init
    entry.o(.ARM.Collect$$$$00000000) refers (Special) to entry5.o(.ARM.Collect$$$$00000004) for _main_scatterload
    entry.o(.ARM.Collect$$$$00000000) refers (Special) to entry2.o(.ARM.Collect$$$$00000001) for _main_stk
    entry2.o(.ARM.Collect$$$$00000001) refers to entry2.o(.ARM.Collect$$$$00002712) for __lit__00000000
    entry2.o(.ARM.Collect$$$$00002712) refers to startup_stm32f40_41xxx.o(STACK) for __initial_sp
    entry2.o(__vectab_stack_and_reset_area) refers to startup_stm32f40_41xxx.o(STACK) for __initial_sp
    entry2.o(__vectab_stack_and_reset_area) refers to entry.o(.ARM.Collect$$$$00000000) for __main
    entry5.o(.ARM.Collect$$$$00000004) refers to init.o(.text) for __scatterload
    entry9a.o(.ARM.Collect$$$$0000000B) refers to main.o(i.main) for main
    entry9b.o(.ARM.Collect$$$$0000000C) refers to main.o(i.main) for main
    init.o(.text) refers to entry5.o(.ARM.Collect$$$$00000004) for __main_after_scatterload


==============================================================================

Removing Unused input sections from the image.

    Removing startup_stm32f40_41xxx.o(HEAP), (256 bytes).
    Removing startup_stm32f40_41xxx.o(ccmram), (0 bytes).
    Removing main.o(.rev16_text), (4 bytes).
    Removing main.o(.revsh_text), (4 bytes).
    Removing misc.o(.rev16_text), (4 bytes).
    Removing misc.o(.revsh_text), (4 bytes).
    Removing misc.o(i.NVIC_Init), (100 bytes).
    Removing misc.o(i.NVIC_PriorityGroupConfig), (20 bytes).
    Removing misc.o(i.NVIC_SetVectorTable), (20 bytes).
    Removing misc.o(i.NVIC_SystemLPConfig), (24 bytes).
    Removing misc.o(i.SysTick_CLKSourceConfig), (24 bytes).
    Removing stm32f4xx_adc.o(.rev16_text), (4 bytes).
    Removing stm32f4xx_adc.o(.revsh_text), (4 bytes).
    Removing stm32f4xx_adc.o(i.ADC_AnalogWatchdogCmd), (16 bytes).
    Removing stm32f4xx_adc.o(i.ADC_AnalogWatchdogSingleChannelConfig), (12 bytes).
    Removing stm32f4xx_adc.o(i.ADC_AnalogWatchdogThresholdsConfig), (6 bytes).
    Removing stm32f4xx_adc.o(i.ADC_AutoInjectedConvCmd), (20 bytes).
    Removing stm32f4xx_adc.o(i.ADC_ClearFlag), (6 bytes).
    Removing stm32f4xx_adc.o(i.ADC_ClearITPendingBit), (8 bytes).
    Removing stm32f4xx_adc.o(i.ADC_Cmd), (20 bytes).
    Removing stm32f4xx_adc.o(i.ADC_CommonInit), (40 bytes).
    Removing stm32f4xx_adc.o(i.ADC_CommonStructInit), (12 bytes).
    Removing stm32f4xx_adc.o(i.ADC_ContinuousModeCmd), (20 bytes).
    Removing stm32f4xx_adc.o(i.ADC_DMACmd), (20 bytes).
    Removing stm32f4xx_adc.o(i.ADC_DMARequestAfterLastTransferCmd), (20 bytes).
    Removing stm32f4xx_adc.o(i.ADC_DeInit), (24 bytes).
    Removing stm32f4xx_adc.o(i.ADC_DiscModeChannelCountConfig), (16 bytes).
    Removing stm32f4xx_adc.o(i.ADC_DiscModeCmd), (20 bytes).
    Removing stm32f4xx_adc.o(i.ADC_EOCOnEachRegularChannelCmd), (20 bytes).
    Removing stm32f4xx_adc.o(i.ADC_ExternalTrigInjectedConvConfig), (12 bytes).
    Removing stm32f4xx_adc.o(i.ADC_ExternalTrigInjectedConvEdgeConfig), (12 bytes).
    Removing stm32f4xx_adc.o(i.ADC_GetConversionValue), (6 bytes).
    Removing stm32f4xx_adc.o(i.ADC_GetFlagStatus), (14 bytes).
    Removing stm32f4xx_adc.o(i.ADC_GetITStatus), (30 bytes).
    Removing stm32f4xx_adc.o(i.ADC_GetInjectedConversionValue), (14 bytes).
    Removing stm32f4xx_adc.o(i.ADC_GetMultiModeConversionValue), (12 bytes).
    Removing stm32f4xx_adc.o(i.ADC_GetSoftwareStartConvStatus), (14 bytes).
    Removing stm32f4xx_adc.o(i.ADC_GetSoftwareStartInjectedConvCmdStatus), (14 bytes).
    Removing stm32f4xx_adc.o(i.ADC_ITConfig), (18 bytes).
    Removing stm32f4xx_adc.o(i.ADC_Init), (76 bytes).
    Removing stm32f4xx_adc.o(i.ADC_InjectedChannelConfig), (74 bytes).
    Removing stm32f4xx_adc.o(i.ADC_InjectedDiscModeCmd), (20 bytes).
    Removing stm32f4xx_adc.o(i.ADC_InjectedSequencerLengthConfig), (16 bytes).
    Removing stm32f4xx_adc.o(i.ADC_MultiModeDMARequestAfterLastTransferCmd), (32 bytes).
    Removing stm32f4xx_adc.o(i.ADC_RegularChannelConfig), (116 bytes).
    Removing stm32f4xx_adc.o(i.ADC_SetInjectedOffset), (10 bytes).
    Removing stm32f4xx_adc.o(i.ADC_SoftwareStartConv), (10 bytes).
    Removing stm32f4xx_adc.o(i.ADC_SoftwareStartInjectedConv), (10 bytes).
    Removing stm32f4xx_adc.o(i.ADC_StructInit), (20 bytes).
    Removing stm32f4xx_adc.o(i.ADC_TempSensorVrefintCmd), (32 bytes).
    Removing stm32f4xx_adc.o(i.ADC_VBATCmd), (32 bytes).
    Removing stm32f4xx_can.o(.rev16_text), (4 bytes).
    Removing stm32f4xx_can.o(.revsh_text), (4 bytes).
    Removing stm32f4xx_can.o(i.CAN_CancelTransmit), (36 bytes).
    Removing stm32f4xx_can.o(i.CAN_ClearFlag), (48 bytes).
    Removing stm32f4xx_can.o(i.CAN_ClearITPendingBit), (120 bytes).
    Removing stm32f4xx_can.o(i.CAN_DBGFreeze), (20 bytes).
    Removing stm32f4xx_can.o(i.CAN_DeInit), (44 bytes).
    Removing stm32f4xx_can.o(i.CAN_FIFORelease), (22 bytes).
    Removing stm32f4xx_can.o(i.CAN_FilterInit), (196 bytes).
    Removing stm32f4xx_can.o(i.CAN_GetFlagStatus), (52 bytes).
    Removing stm32f4xx_can.o(i.CAN_GetITStatus), (168 bytes).
    Removing stm32f4xx_can.o(i.CAN_GetLSBTransmitErrorCounter), (8 bytes).
    Removing stm32f4xx_can.o(i.CAN_GetLastErrorCode), (10 bytes).
    Removing stm32f4xx_can.o(i.CAN_GetReceiveErrorCounter), (6 bytes).
    Removing stm32f4xx_can.o(i.CAN_ITConfig), (16 bytes).
    Removing stm32f4xx_can.o(i.CAN_Init), (232 bytes).
    Removing stm32f4xx_can.o(i.CAN_MessagePending), (22 bytes).
    Removing stm32f4xx_can.o(i.CAN_OperatingModeRequest), (140 bytes).
    Removing stm32f4xx_can.o(i.CAN_Receive), (126 bytes).
    Removing stm32f4xx_can.o(i.CAN_SlaveStartBank), (44 bytes).
    Removing stm32f4xx_can.o(i.CAN_Sleep), (30 bytes).
    Removing stm32f4xx_can.o(i.CAN_StructInit), (32 bytes).
    Removing stm32f4xx_can.o(i.CAN_TTComModeCmd), (90 bytes).
    Removing stm32f4xx_can.o(i.CAN_Transmit), (152 bytes).
    Removing stm32f4xx_can.o(i.CAN_TransmitStatus), (108 bytes).
    Removing stm32f4xx_can.o(i.CAN_WakeUp), (42 bytes).
    Removing stm32f4xx_can.o(i.CheckITStatus), (12 bytes).
    Removing stm32f4xx_crc.o(.rev16_text), (4 bytes).
    Removing stm32f4xx_crc.o(.revsh_text), (4 bytes).
    Removing stm32f4xx_crc.o(i.CRC_CalcBlockCRC), (28 bytes).
    Removing stm32f4xx_crc.o(i.CRC_CalcCRC), (12 bytes).
    Removing stm32f4xx_crc.o(i.CRC_GetCRC), (12 bytes).
    Removing stm32f4xx_crc.o(i.CRC_GetIDRegister), (12 bytes).
    Removing stm32f4xx_crc.o(i.CRC_ResetDR), (12 bytes).
    Removing stm32f4xx_crc.o(i.CRC_SetIDRegister), (12 bytes).
    Removing stm32f4xx_cryp.o(.rev16_text), (4 bytes).
    Removing stm32f4xx_cryp.o(.revsh_text), (4 bytes).
    Removing stm32f4xx_cryp.o(i.CRYP_Cmd), (28 bytes).
    Removing stm32f4xx_cryp.o(i.CRYP_DMACmd), (28 bytes).
    Removing stm32f4xx_cryp.o(i.CRYP_DataIn), (12 bytes).
    Removing stm32f4xx_cryp.o(i.CRYP_DataOut), (12 bytes).
    Removing stm32f4xx_cryp.o(i.CRYP_DeInit), (22 bytes).
    Removing stm32f4xx_cryp.o(i.CRYP_FIFOFlush), (16 bytes).
    Removing stm32f4xx_cryp.o(i.CRYP_GetFlagStatus), (28 bytes).
    Removing stm32f4xx_cryp.o(i.CRYP_GetITStatus), (20 bytes).
    Removing stm32f4xx_cryp.o(i.CRYP_ITConfig), (28 bytes).
    Removing stm32f4xx_cryp.o(i.CRYP_IVInit), (24 bytes).
    Removing stm32f4xx_cryp.o(i.CRYP_IVStructInit), (12 bytes).
    Removing stm32f4xx_cryp.o(i.CRYP_Init), (92 bytes).
    Removing stm32f4xx_cryp.o(i.CRYP_KeyInit), (40 bytes).
    Removing stm32f4xx_cryp.o(i.CRYP_KeyStructInit), (20 bytes).
    Removing stm32f4xx_cryp.o(i.CRYP_RestoreContext), (68 bytes).
    Removing stm32f4xx_cryp.o(i.CRYP_SaveContext), (144 bytes).
    Removing stm32f4xx_cryp.o(i.CRYP_StructInit), (12 bytes).
    Removing stm32f4xx_cryp_aes.o(.rev16_text), (4 bytes).
    Removing stm32f4xx_cryp_aes.o(.revsh_text), (4 bytes).
    Removing stm32f4xx_cryp_aes.o(i.CRYP_AES_CBC), (446 bytes).
    Removing stm32f4xx_cryp_aes.o(i.CRYP_AES_CTR), (390 bytes).
    Removing stm32f4xx_cryp_aes.o(i.CRYP_AES_ECB), (412 bytes).
    Removing stm32f4xx_cryp_des.o(.rev16_text), (4 bytes).
    Removing stm32f4xx_cryp_des.o(.revsh_text), (4 bytes).
    Removing stm32f4xx_cryp_des.o(i.CRYP_DES_CBC), (224 bytes).
    Removing stm32f4xx_cryp_des.o(i.CRYP_DES_ECB), (202 bytes).
    Removing stm32f4xx_cryp_tdes.o(.rev16_text), (4 bytes).
    Removing stm32f4xx_cryp_tdes.o(.revsh_text), (4 bytes).
    Removing stm32f4xx_cryp_tdes.o(i.CRYP_TDES_CBC), (248 bytes).
    Removing stm32f4xx_cryp_tdes.o(i.CRYP_TDES_ECB), (224 bytes).
    Removing stm32f4xx_dac.o(.rev16_text), (4 bytes).
    Removing stm32f4xx_dac.o(.revsh_text), (4 bytes).
    Removing stm32f4xx_dac.o(i.DAC_ClearFlag), (12 bytes).
    Removing stm32f4xx_dac.o(i.DAC_ClearITPendingBit), (12 bytes).
    Removing stm32f4xx_dac.o(i.DAC_Cmd), (24 bytes).
    Removing stm32f4xx_dac.o(i.DAC_DMACmd), (24 bytes).
    Removing stm32f4xx_dac.o(i.DAC_DeInit), (24 bytes).
    Removing stm32f4xx_dac.o(i.DAC_DualSoftwareTriggerCmd), (28 bytes).
    Removing stm32f4xx_dac.o(i.DAC_GetDataOutputValue), (24 bytes).
    Removing stm32f4xx_dac.o(i.DAC_GetFlagStatus), (24 bytes).
    Removing stm32f4xx_dac.o(i.DAC_GetITStatus), (36 bytes).
    Removing stm32f4xx_dac.o(i.DAC_ITConfig), (24 bytes).
    Removing stm32f4xx_dac.o(i.DAC_Init), (40 bytes).
    Removing stm32f4xx_dac.o(i.DAC_SetChannel1Data), (20 bytes).
    Removing stm32f4xx_dac.o(i.DAC_SetChannel2Data), (20 bytes).
    Removing stm32f4xx_dac.o(i.DAC_SetDualChannelData), (28 bytes).
    Removing stm32f4xx_dac.o(i.DAC_SoftwareTriggerCmd), (28 bytes).
    Removing stm32f4xx_dac.o(i.DAC_StructInit), (12 bytes).
    Removing stm32f4xx_dac.o(i.DAC_WaveGenerationCmd), (24 bytes).
    Removing stm32f4xx_dbgmcu.o(.rev16_text), (4 bytes).
    Removing stm32f4xx_dbgmcu.o(.revsh_text), (4 bytes).
    Removing stm32f4xx_dbgmcu.o(i.DBGMCU_APB1PeriphConfig), (24 bytes).
    Removing stm32f4xx_dbgmcu.o(i.DBGMCU_APB2PeriphConfig), (24 bytes).
    Removing stm32f4xx_dbgmcu.o(i.DBGMCU_Config), (24 bytes).
    Removing stm32f4xx_dbgmcu.o(i.DBGMCU_GetDEVID), (16 bytes).
    Removing stm32f4xx_dbgmcu.o(i.DBGMCU_GetREVID), (12 bytes).
    Removing stm32f4xx_dcmi.o(.rev16_text), (4 bytes).
    Removing stm32f4xx_dcmi.o(.revsh_text), (4 bytes).
    Removing stm32f4xx_dcmi.o(i.DCMI_CROPCmd), (28 bytes).
    Removing stm32f4xx_dcmi.o(i.DCMI_CROPConfig), (24 bytes).
    Removing stm32f4xx_dcmi.o(i.DCMI_CaptureCmd), (28 bytes).
    Removing stm32f4xx_dcmi.o(i.DCMI_ClearFlag), (12 bytes).
    Removing stm32f4xx_dcmi.o(i.DCMI_ClearITPendingBit), (12 bytes).
    Removing stm32f4xx_dcmi.o(i.DCMI_Cmd), (28 bytes).
    Removing stm32f4xx_dcmi.o(i.DCMI_DeInit), (28 bytes).
    Removing stm32f4xx_dcmi.o(i.DCMI_GetFlagStatus), (40 bytes).
    Removing stm32f4xx_dcmi.o(i.DCMI_GetITStatus), (20 bytes).
    Removing stm32f4xx_dcmi.o(i.DCMI_ITConfig), (28 bytes).
    Removing stm32f4xx_dcmi.o(i.DCMI_Init), (60 bytes).
    Removing stm32f4xx_dcmi.o(i.DCMI_JPEGCmd), (28 bytes).
    Removing stm32f4xx_dcmi.o(i.DCMI_ReadData), (12 bytes).
    Removing stm32f4xx_dcmi.o(i.DCMI_SetEmbeddedSynchroCodes), (20 bytes).
    Removing stm32f4xx_dcmi.o(i.DCMI_StructInit), (18 bytes).
    Removing stm32f4xx_dma.o(.rev16_text), (4 bytes).
    Removing stm32f4xx_dma.o(.revsh_text), (4 bytes).
    Removing stm32f4xx_dma.o(i.DMA_ClearFlag), (44 bytes).
    Removing stm32f4xx_dma.o(i.DMA_ClearITPendingBit), (44 bytes).
    Removing stm32f4xx_dma.o(i.DMA_Cmd), (20 bytes).
    Removing stm32f4xx_dma.o(i.DMA_DeInit), (292 bytes).
    Removing stm32f4xx_dma.o(i.DMA_DoubleBufferModeCmd), (20 bytes).
    Removing stm32f4xx_dma.o(i.DMA_DoubleBufferModeConfig), (22 bytes).
    Removing stm32f4xx_dma.o(i.DMA_FlowControllerConfig), (20 bytes).
    Removing stm32f4xx_dma.o(i.DMA_GetCmdStatus), (14 bytes).
    Removing stm32f4xx_dma.o(i.DMA_GetCurrDataCounter), (6 bytes).
    Removing stm32f4xx_dma.o(i.DMA_GetCurrentMemoryTarget), (14 bytes).
    Removing stm32f4xx_dma.o(i.DMA_GetFIFOStatus), (8 bytes).
    Removing stm32f4xx_dma.o(i.DMA_GetFlagStatus), (52 bytes).
    Removing stm32f4xx_dma.o(i.DMA_GetITStatus), (84 bytes).
    Removing stm32f4xx_dma.o(i.DMA_ITConfig), (52 bytes).
    Removing stm32f4xx_dma.o(i.DMA_Init), (84 bytes).
    Removing stm32f4xx_dma.o(i.DMA_MemoryTargetConfig), (10 bytes).
    Removing stm32f4xx_dma.o(i.DMA_PeriphIncOffsetSizeConfig), (20 bytes).
    Removing stm32f4xx_dma.o(i.DMA_SetCurrDataCounter), (4 bytes).
    Removing stm32f4xx_dma.o(i.DMA_StructInit), (34 bytes).
    Removing stm32f4xx_exti.o(.rev16_text), (4 bytes).
    Removing stm32f4xx_exti.o(.revsh_text), (4 bytes).
    Removing stm32f4xx_exti.o(i.EXTI_ClearFlag), (12 bytes).
    Removing stm32f4xx_exti.o(i.EXTI_ClearITPendingBit), (12 bytes).
    Removing stm32f4xx_exti.o(i.EXTI_DeInit), (36 bytes).
    Removing stm32f4xx_exti.o(i.EXTI_GenerateSWInterrupt), (16 bytes).
    Removing stm32f4xx_exti.o(i.EXTI_GetFlagStatus), (20 bytes).
    Removing stm32f4xx_exti.o(i.EXTI_GetITStatus), (32 bytes).
    Removing stm32f4xx_exti.o(i.EXTI_Init), (112 bytes).
    Removing stm32f4xx_exti.o(i.EXTI_StructInit), (14 bytes).
    Removing stm32f4xx_flash.o(.rev16_text), (4 bytes).
    Removing stm32f4xx_flash.o(.revsh_text), (4 bytes).
    Removing stm32f4xx_flash.o(i.FLASH_DataCacheCmd), (28 bytes).
    Removing stm32f4xx_flash.o(i.FLASH_EraseAllSectors), (92 bytes).
    Removing stm32f4xx_flash.o(i.FLASH_GetFlagStatus), (20 bytes).
    Removing stm32f4xx_flash.o(i.FLASH_ITConfig), (24 bytes).
    Removing stm32f4xx_flash.o(i.FLASH_InstructionCacheCmd), (28 bytes).
    Removing stm32f4xx_flash.o(i.FLASH_OB_BORConfig), (24 bytes).
    Removing stm32f4xx_flash.o(i.FLASH_OB_GetBOR), (16 bytes).
    Removing stm32f4xx_flash.o(i.FLASH_OB_GetRDP), (20 bytes).
    Removing stm32f4xx_flash.o(i.FLASH_OB_GetUser), (16 bytes).
    Removing stm32f4xx_flash.o(i.FLASH_OB_GetWRP), (12 bytes).
    Removing stm32f4xx_flash.o(i.FLASH_OB_Launch), (20 bytes).
    Removing stm32f4xx_flash.o(i.FLASH_OB_Lock), (16 bytes).
    Removing stm32f4xx_flash.o(i.FLASH_OB_RDPConfig), (24 bytes).
    Removing stm32f4xx_flash.o(i.FLASH_OB_Unlock), (36 bytes).
    Removing stm32f4xx_flash.o(i.FLASH_OB_UserConfig), (40 bytes).
    Removing stm32f4xx_flash.o(i.FLASH_OB_WRPConfig), (36 bytes).
    Removing stm32f4xx_flash.o(i.FLASH_PrefetchBufferCmd), (28 bytes).
    Removing stm32f4xx_flash.o(i.FLASH_ProgramByte), (56 bytes).
    Removing stm32f4xx_flash.o(i.FLASH_ProgramDoubleWord), (64 bytes).
    Removing stm32f4xx_flash.o(i.FLASH_ProgramWord), (60 bytes).
    Removing stm32f4xx_flash.o(i.FLASH_SetLatency), (12 bytes).
    Removing stm32f4xx_fsmc.o(.rev16_text), (4 bytes).
    Removing stm32f4xx_fsmc.o(.revsh_text), (4 bytes).
    Removing stm32f4xx_fsmc.o(i.FSMC_ClearFlag), (36 bytes).
    Removing stm32f4xx_fsmc.o(i.FSMC_ClearITPendingBit), (40 bytes).
    Removing stm32f4xx_fsmc.o(i.FSMC_GetECC), (18 bytes).
    Removing stm32f4xx_fsmc.o(i.FSMC_GetFlagStatus), (40 bytes).
    Removing stm32f4xx_fsmc.o(i.FSMC_GetITStatus), (48 bytes).
    Removing stm32f4xx_fsmc.o(i.FSMC_ITConfig), (68 bytes).
    Removing stm32f4xx_fsmc.o(i.FSMC_NANDCmd), (56 bytes).
    Removing stm32f4xx_fsmc.o(i.FSMC_NANDDeInit), (40 bytes).
    Removing stm32f4xx_fsmc.o(i.FSMC_NANDECCCmd), (56 bytes).
    Removing stm32f4xx_fsmc.o(i.FSMC_NANDInit), (104 bytes).
    Removing stm32f4xx_fsmc.o(i.FSMC_NANDStructInit), (54 bytes).
    Removing stm32f4xx_fsmc.o(i.FSMC_NORSRAMCmd), (32 bytes).
    Removing stm32f4xx_fsmc.o(i.FSMC_NORSRAMDeInit), (36 bytes).
    Removing stm32f4xx_fsmc.o(i.FSMC_NORSRAMInit), (192 bytes).
    Removing stm32f4xx_fsmc.o(i.FSMC_NORSRAMStructInit), (98 bytes).
    Removing stm32f4xx_fsmc.o(i.FSMC_PCCARDCmd), (32 bytes).
    Removing stm32f4xx_fsmc.o(i.FSMC_PCCARDDeInit), (28 bytes).
    Removing stm32f4xx_fsmc.o(i.FSMC_PCCARDInit), (104 bytes).
    Removing stm32f4xx_fsmc.o(i.FSMC_PCCARDStructInit), (60 bytes).
    Removing stm32f4xx_gpio.o(.rev16_text), (4 bytes).
    Removing stm32f4xx_gpio.o(.revsh_text), (4 bytes).
    Removing stm32f4xx_gpio.o(i.GPIO_DeInit), (228 bytes).
    Removing stm32f4xx_gpio.o(i.GPIO_Init), (162 bytes).
    Removing stm32f4xx_gpio.o(i.GPIO_PinAFConfig), (32 bytes).
    Removing stm32f4xx_gpio.o(i.GPIO_PinLockConfig), (24 bytes).
    Removing stm32f4xx_gpio.o(i.GPIO_ReadInputData), (6 bytes).
    Removing stm32f4xx_gpio.o(i.GPIO_ReadInputDataBit), (14 bytes).
    Removing stm32f4xx_gpio.o(i.GPIO_ReadOutputData), (6 bytes).
    Removing stm32f4xx_gpio.o(i.GPIO_ReadOutputDataBit), (14 bytes).
    Removing stm32f4xx_gpio.o(i.GPIO_ResetBits), (4 bytes).
    Removing stm32f4xx_gpio.o(i.GPIO_SetBits), (4 bytes).
    Removing stm32f4xx_gpio.o(i.GPIO_StructInit), (18 bytes).
    Removing stm32f4xx_gpio.o(i.GPIO_ToggleBits), (8 bytes).
    Removing stm32f4xx_gpio.o(i.GPIO_Write), (4 bytes).
    Removing stm32f4xx_gpio.o(i.GPIO_WriteBit), (10 bytes).
    Removing stm32f4xx_hash.o(.rev16_text), (4 bytes).
    Removing stm32f4xx_hash.o(.revsh_text), (4 bytes).
    Removing stm32f4xx_hash.o(i.HASH_ClearFlag), (12 bytes).
    Removing stm32f4xx_hash.o(i.HASH_ClearITPendingBit), (16 bytes).
    Removing stm32f4xx_hash.o(i.HASH_DMACmd), (28 bytes).
    Removing stm32f4xx_hash.o(i.HASH_DataIn), (12 bytes).
    Removing stm32f4xx_hash.o(i.HASH_DeInit), (22 bytes).
    Removing stm32f4xx_hash.o(i.HASH_GetDigest), (44 bytes).
    Removing stm32f4xx_hash.o(i.HASH_GetFlagStatus), (32 bytes).
    Removing stm32f4xx_hash.o(i.HASH_GetITStatus), (28 bytes).
    Removing stm32f4xx_hash.o(i.HASH_GetInFIFOWordsNbr), (16 bytes).
    Removing stm32f4xx_hash.o(i.HASH_ITConfig), (28 bytes).
    Removing stm32f4xx_hash.o(i.HASH_Init), (64 bytes).
    Removing stm32f4xx_hash.o(i.HASH_Reset), (16 bytes).
    Removing stm32f4xx_hash.o(i.HASH_RestoreContext), (64 bytes).
    Removing stm32f4xx_hash.o(i.HASH_SaveContext), (56 bytes).
    Removing stm32f4xx_hash.o(i.HASH_SetLastWordValidBitsNbr), (24 bytes).
    Removing stm32f4xx_hash.o(i.HASH_StartDigest), (16 bytes).
    Removing stm32f4xx_hash.o(i.HASH_StructInit), (12 bytes).
    Removing stm32f4xx_hash_md5.o(.rev16_text), (4 bytes).
    Removing stm32f4xx_hash_md5.o(.revsh_text), (4 bytes).
    Removing stm32f4xx_hash_md5.o(i.HASH_MD5), (158 bytes).
    Removing stm32f4xx_hash_md5.o(i.HMAC_MD5), (320 bytes).
    Removing stm32f4xx_hash_sha1.o(.rev16_text), (4 bytes).
    Removing stm32f4xx_hash_sha1.o(.revsh_text), (4 bytes).
    Removing stm32f4xx_hash_sha1.o(i.HASH_SHA1), (164 bytes).
    Removing stm32f4xx_hash_sha1.o(i.HMAC_SHA1), (326 bytes).
    Removing stm32f4xx_i2c.o(.rev16_text), (4 bytes).
    Removing stm32f4xx_i2c.o(.revsh_text), (4 bytes).
    Removing stm32f4xx_i2c.o(i.I2C_ARPCmd), (20 bytes).
    Removing stm32f4xx_i2c.o(i.I2C_AcknowledgeConfig), (20 bytes).
    Removing stm32f4xx_i2c.o(i.I2C_CalculatePEC), (20 bytes).
    Removing stm32f4xx_i2c.o(i.I2C_CheckEvent), (24 bytes).
    Removing stm32f4xx_i2c.o(i.I2C_ClearFlag), (6 bytes).
    Removing stm32f4xx_i2c.o(i.I2C_ClearITPendingBit), (6 bytes).
    Removing stm32f4xx_i2c.o(i.I2C_Cmd), (20 bytes).
    Removing stm32f4xx_i2c.o(i.I2C_DMACmd), (20 bytes).
    Removing stm32f4xx_i2c.o(i.I2C_DMALastTransferCmd), (20 bytes).
    Removing stm32f4xx_i2c.o(i.I2C_DeInit), (68 bytes).
    Removing stm32f4xx_i2c.o(i.I2C_DualAddressCmd), (20 bytes).
    Removing stm32f4xx_i2c.o(i.I2C_FastModeDutyCycleConfig), (22 bytes).
    Removing stm32f4xx_i2c.o(i.I2C_GeneralCallCmd), (20 bytes).
    Removing stm32f4xx_i2c.o(i.I2C_GenerateSTART), (20 bytes).
    Removing stm32f4xx_i2c.o(i.I2C_GenerateSTOP), (20 bytes).
    Removing stm32f4xx_i2c.o(i.I2C_GetFlagStatus), (42 bytes).
    Removing stm32f4xx_i2c.o(i.I2C_GetITStatus), (36 bytes).
    Removing stm32f4xx_i2c.o(i.I2C_GetLastEvent), (14 bytes).
    Removing stm32f4xx_i2c.o(i.I2C_GetPEC), (6 bytes).
    Removing stm32f4xx_i2c.o(i.I2C_ITConfig), (16 bytes).
    Removing stm32f4xx_i2c.o(i.I2C_Init), (180 bytes).
    Removing stm32f4xx_i2c.o(i.I2C_NACKPositionConfig), (22 bytes).
    Removing stm32f4xx_i2c.o(i.I2C_OwnAddress2Config), (16 bytes).
    Removing stm32f4xx_i2c.o(i.I2C_PECPositionConfig), (22 bytes).
    Removing stm32f4xx_i2c.o(i.I2C_ReadRegister), (10 bytes).
    Removing stm32f4xx_i2c.o(i.I2C_ReceiveData), (6 bytes).
    Removing stm32f4xx_i2c.o(i.I2C_SMBusAlertConfig), (22 bytes).
    Removing stm32f4xx_i2c.o(i.I2C_Send7bitAddress), (16 bytes).
    Removing stm32f4xx_i2c.o(i.I2C_SendData), (4 bytes).
    Removing stm32f4xx_i2c.o(i.I2C_SoftwareResetCmd), (20 bytes).
    Removing stm32f4xx_i2c.o(i.I2C_StretchClockCmd), (20 bytes).
    Removing stm32f4xx_i2c.o(i.I2C_StructInit), (28 bytes).
    Removing stm32f4xx_i2c.o(i.I2C_TransmitPEC), (20 bytes).
    Removing stm32f4xx_iwdg.o(.rev16_text), (4 bytes).
    Removing stm32f4xx_iwdg.o(.revsh_text), (4 bytes).
    Removing stm32f4xx_iwdg.o(i.IWDG_Enable), (16 bytes).
    Removing stm32f4xx_iwdg.o(i.IWDG_GetFlagStatus), (20 bytes).
    Removing stm32f4xx_iwdg.o(i.IWDG_ReloadCounter), (16 bytes).
    Removing stm32f4xx_iwdg.o(i.IWDG_SetPrescaler), (12 bytes).
    Removing stm32f4xx_iwdg.o(i.IWDG_SetReload), (12 bytes).
    Removing stm32f4xx_iwdg.o(i.IWDG_WriteAccessCmd), (12 bytes).
    Removing stm32f4xx_pwr.o(.rev16_text), (4 bytes).
    Removing stm32f4xx_pwr.o(.revsh_text), (4 bytes).
    Removing stm32f4xx_pwr.o(i.PWR_BackupAccessCmd), (12 bytes).
    Removing stm32f4xx_pwr.o(i.PWR_BackupRegulatorCmd), (12 bytes).
    Removing stm32f4xx_pwr.o(i.PWR_ClearFlag), (16 bytes).
    Removing stm32f4xx_pwr.o(i.PWR_DeInit), (24 bytes).
    Removing stm32f4xx_pwr.o(i.PWR_EnterSTANDBYMode), (40 bytes).
    Removing stm32f4xx_pwr.o(i.PWR_EnterSTOPMode), (52 bytes).
    Removing stm32f4xx_pwr.o(i.PWR_FlashPowerDownCmd), (12 bytes).
    Removing stm32f4xx_pwr.o(i.PWR_GetFlagStatus), (20 bytes).
    Removing stm32f4xx_pwr.o(i.PWR_HighPerformanceModeCmd), (12 bytes).
    Removing stm32f4xx_pwr.o(i.PWR_PVDCmd), (12 bytes).
    Removing stm32f4xx_pwr.o(i.PWR_PVDLevelConfig), (20 bytes).
    Removing stm32f4xx_pwr.o(i.PWR_WakeUpPinCmd), (12 bytes).
    Removing stm32f4xx_rcc.o(.rev16_text), (4 bytes).
    Removing stm32f4xx_rcc.o(.revsh_text), (4 bytes).
    Removing stm32f4xx_rcc.o(i.RCC_AHB1PeriphClockCmd), (24 bytes).
    Removing stm32f4xx_rcc.o(i.RCC_AHB1PeriphClockLPModeCmd), (24 bytes).
    Removing stm32f4xx_rcc.o(i.RCC_AHB1PeriphResetCmd), (24 bytes).
    Removing stm32f4xx_rcc.o(i.RCC_AHB2PeriphClockCmd), (24 bytes).
    Removing stm32f4xx_rcc.o(i.RCC_AHB2PeriphClockLPModeCmd), (24 bytes).
    Removing stm32f4xx_rcc.o(i.RCC_AHB2PeriphResetCmd), (24 bytes).
    Removing stm32f4xx_rcc.o(i.RCC_AHB3PeriphClockCmd), (24 bytes).
    Removing stm32f4xx_rcc.o(i.RCC_AHB3PeriphClockLPModeCmd), (24 bytes).
    Removing stm32f4xx_rcc.o(i.RCC_AHB3PeriphResetCmd), (24 bytes).
    Removing stm32f4xx_rcc.o(i.RCC_APB1PeriphClockCmd), (24 bytes).
    Removing stm32f4xx_rcc.o(i.RCC_APB1PeriphClockLPModeCmd), (24 bytes).
    Removing stm32f4xx_rcc.o(i.RCC_APB1PeriphResetCmd), (24 bytes).
    Removing stm32f4xx_rcc.o(i.RCC_APB2PeriphClockCmd), (24 bytes).
    Removing stm32f4xx_rcc.o(i.RCC_APB2PeriphClockLPModeCmd), (24 bytes).
    Removing stm32f4xx_rcc.o(i.RCC_APB2PeriphResetCmd), (24 bytes).
    Removing stm32f4xx_rcc.o(i.RCC_AdjustHSICalibrationValue), (20 bytes).
    Removing stm32f4xx_rcc.o(i.RCC_BackupResetCmd), (12 bytes).
    Removing stm32f4xx_rcc.o(i.RCC_ClearFlag), (16 bytes).
    Removing stm32f4xx_rcc.o(i.RCC_ClearITPendingBit), (12 bytes).
    Removing stm32f4xx_rcc.o(i.RCC_ClockSecuritySystemCmd), (12 bytes).
    Removing stm32f4xx_rcc.o(i.RCC_DeInit), (60 bytes).
    Removing stm32f4xx_rcc.o(i.RCC_GetClocksFreq), (132 bytes).
    Removing stm32f4xx_rcc.o(i.RCC_GetFlagStatus), (52 bytes).
    Removing stm32f4xx_rcc.o(i.RCC_GetITStatus), (20 bytes).
    Removing stm32f4xx_rcc.o(i.RCC_GetSYSCLKSource), (16 bytes).
    Removing stm32f4xx_rcc.o(i.RCC_HCLKConfig), (20 bytes).
    Removing stm32f4xx_rcc.o(i.RCC_HSEConfig), (16 bytes).
    Removing stm32f4xx_rcc.o(i.RCC_HSICmd), (12 bytes).
    Removing stm32f4xx_rcc.o(i.RCC_I2SCLKConfig), (12 bytes).
    Removing stm32f4xx_rcc.o(i.RCC_ITConfig), (24 bytes).
    Removing stm32f4xx_rcc.o(i.RCC_LSEConfig), (28 bytes).
    Removing stm32f4xx_rcc.o(i.RCC_LSICmd), (12 bytes).
    Removing stm32f4xx_rcc.o(i.RCC_MCO1Config), (20 bytes).
    Removing stm32f4xx_rcc.o(i.RCC_MCO2Config), (20 bytes).
    Removing stm32f4xx_rcc.o(i.RCC_PCLK1Config), (20 bytes).
    Removing stm32f4xx_rcc.o(i.RCC_PCLK2Config), (20 bytes).
    Removing stm32f4xx_rcc.o(i.RCC_PLLCmd), (12 bytes).
    Removing stm32f4xx_rcc.o(i.RCC_PLLConfig), (40 bytes).
    Removing stm32f4xx_rcc.o(i.RCC_PLLI2SCmd), (12 bytes).
    Removing stm32f4xx_rcc.o(i.RCC_PLLI2SConfig), (16 bytes).
    Removing stm32f4xx_rcc.o(i.RCC_RTCCLKCmd), (12 bytes).
    Removing stm32f4xx_rcc.o(i.RCC_RTCCLKConfig), (48 bytes).
    Removing stm32f4xx_rcc.o(i.RCC_SYSCLKConfig), (20 bytes).
    Removing stm32f4xx_rcc.o(i.RCC_WaitForHSEStartUp), (44 bytes).
    Removing stm32f4xx_rcc.o(.data), (16 bytes).
    Removing stm32f4xx_rng.o(.rev16_text), (4 bytes).
    Removing stm32f4xx_rng.o(.revsh_text), (4 bytes).
    Removing stm32f4xx_rng.o(i.RNG_ClearFlag), (16 bytes).
    Removing stm32f4xx_rng.o(i.RNG_ClearITPendingBit), (16 bytes).
    Removing stm32f4xx_rng.o(i.RNG_Cmd), (28 bytes).
    Removing stm32f4xx_rng.o(i.RNG_DeInit), (22 bytes).
    Removing stm32f4xx_rng.o(i.RNG_GetFlagStatus), (20 bytes).
    Removing stm32f4xx_rng.o(i.RNG_GetITStatus), (20 bytes).
    Removing stm32f4xx_rng.o(i.RNG_GetRandomNumber), (12 bytes).
    Removing stm32f4xx_rng.o(i.RNG_ITConfig), (28 bytes).
    Removing stm32f4xx_rtc.o(.rev16_text), (4 bytes).
    Removing stm32f4xx_rtc.o(.revsh_text), (4 bytes).
    Removing stm32f4xx_rtc.o(i.RTC_AlarmCmd), (84 bytes).
    Removing stm32f4xx_rtc.o(i.RTC_AlarmStructInit), (20 bytes).
    Removing stm32f4xx_rtc.o(i.RTC_AlarmSubSecondConfig), (44 bytes).
    Removing stm32f4xx_rtc.o(i.RTC_Bcd2ToByte), (18 bytes).
    Removing stm32f4xx_rtc.o(i.RTC_BypassShadowCmd), (44 bytes).
    Removing stm32f4xx_rtc.o(i.RTC_ByteToBcd2), (24 bytes).
    Removing stm32f4xx_rtc.o(i.RTC_CalibOutputCmd), (44 bytes).
    Removing stm32f4xx_rtc.o(i.RTC_CalibOutputConfig), (40 bytes).
    Removing stm32f4xx_rtc.o(i.RTC_ClearFlag), (28 bytes).
    Removing stm32f4xx_rtc.o(i.RTC_ClearITPendingBit), (28 bytes).
    Removing stm32f4xx_rtc.o(i.RTC_CoarseCalibCmd), (60 bytes).
    Removing stm32f4xx_rtc.o(i.RTC_CoarseCalibConfig), (52 bytes).
    Removing stm32f4xx_rtc.o(i.RTC_DateStructInit), (14 bytes).
    Removing stm32f4xx_rtc.o(i.RTC_DayLightSavingConfig), (44 bytes).
    Removing stm32f4xx_rtc.o(i.RTC_DeInit), (152 bytes).
    Removing stm32f4xx_rtc.o(i.RTC_EnterInitMode), (60 bytes).
    Removing stm32f4xx_rtc.o(i.RTC_ExitInitMode), (16 bytes).
    Removing stm32f4xx_rtc.o(i.RTC_GetAlarm), (108 bytes).
    Removing stm32f4xx_rtc.o(i.RTC_GetAlarmSubSecond), (28 bytes).
    Removing stm32f4xx_rtc.o(i.RTC_GetDate), (72 bytes).
    Removing stm32f4xx_rtc.o(i.RTC_GetFlagStatus), (28 bytes).
    Removing stm32f4xx_rtc.o(i.RTC_GetITStatus), (56 bytes).
    Removing stm32f4xx_rtc.o(i.RTC_GetStoreOperation), (16 bytes).
    Removing stm32f4xx_rtc.o(i.RTC_GetSubSecond), (16 bytes).
    Removing stm32f4xx_rtc.o(i.RTC_GetTime), (76 bytes).
    Removing stm32f4xx_rtc.o(i.RTC_GetTimeStamp), (136 bytes).
    Removing stm32f4xx_rtc.o(i.RTC_GetTimeStampSubSecond), (12 bytes).
    Removing stm32f4xx_rtc.o(i.RTC_GetWakeUpCounter), (12 bytes).
    Removing stm32f4xx_rtc.o(i.RTC_ITConfig), (64 bytes).
    Removing stm32f4xx_rtc.o(i.RTC_Init), (80 bytes).
    Removing stm32f4xx_rtc.o(i.RTC_OutputConfig), (44 bytes).
    Removing stm32f4xx_rtc.o(i.RTC_OutputTypeConfig), (24 bytes).
    Removing stm32f4xx_rtc.o(i.RTC_ReadBackupRegister), (20 bytes).
    Removing stm32f4xx_rtc.o(i.RTC_RefClockCmd), (60 bytes).
    Removing stm32f4xx_rtc.o(i.RTC_SetAlarm), (164 bytes).
    Removing stm32f4xx_rtc.o(i.RTC_SetDate), (144 bytes).
    Removing stm32f4xx_rtc.o(i.RTC_SetTime), (152 bytes).
    Removing stm32f4xx_rtc.o(i.RTC_SetWakeUpCounter), (28 bytes).
    Removing stm32f4xx_rtc.o(i.RTC_SmoothCalibConfig), (76 bytes).
    Removing stm32f4xx_rtc.o(i.RTC_StructInit), (14 bytes).
    Removing stm32f4xx_rtc.o(i.RTC_SynchroShiftConfig), (88 bytes).
    Removing stm32f4xx_rtc.o(i.RTC_TamperCmd), (24 bytes).
    Removing stm32f4xx_rtc.o(i.RTC_TamperFilterConfig), (24 bytes).
    Removing stm32f4xx_rtc.o(i.RTC_TamperPinSelection), (24 bytes).
    Removing stm32f4xx_rtc.o(i.RTC_TamperPinsPrechargeDuration), (24 bytes).
    Removing stm32f4xx_rtc.o(i.RTC_TamperPullUpCmd), (28 bytes).
    Removing stm32f4xx_rtc.o(i.RTC_TamperSamplingFreqConfig), (24 bytes).
    Removing stm32f4xx_rtc.o(i.RTC_TamperTriggerConfig), (28 bytes).
    Removing stm32f4xx_rtc.o(i.RTC_TimeStampCmd), (48 bytes).
    Removing stm32f4xx_rtc.o(i.RTC_TimeStampOnTamperDetectionCmd), (28 bytes).
    Removing stm32f4xx_rtc.o(i.RTC_TimeStampPinSelection), (24 bytes).
    Removing stm32f4xx_rtc.o(i.RTC_TimeStructInit), (12 bytes).
    Removing stm32f4xx_rtc.o(i.RTC_WaitForSynchro), (76 bytes).
    Removing stm32f4xx_rtc.o(i.RTC_WakeUpClockConfig), (40 bytes).
    Removing stm32f4xx_rtc.o(i.RTC_WakeUpCmd), (88 bytes).
    Removing stm32f4xx_rtc.o(i.RTC_WriteBackupRegister), (20 bytes).
    Removing stm32f4xx_rtc.o(i.RTC_WriteProtectionCmd), (24 bytes).
    Removing stm32f4xx_sdio.o(.rev16_text), (4 bytes).
    Removing stm32f4xx_sdio.o(.revsh_text), (4 bytes).
    Removing stm32f4xx_sdio.o(i.SDIO_CEATAITCmd), (16 bytes).
    Removing stm32f4xx_sdio.o(i.SDIO_ClearFlag), (12 bytes).
    Removing stm32f4xx_sdio.o(i.SDIO_ClearITPendingBit), (12 bytes).
    Removing stm32f4xx_sdio.o(i.SDIO_ClockCmd), (12 bytes).
    Removing stm32f4xx_sdio.o(i.SDIO_CmdStructInit), (14 bytes).
    Removing stm32f4xx_sdio.o(i.SDIO_CommandCompletionCmd), (12 bytes).
    Removing stm32f4xx_sdio.o(i.SDIO_DMACmd), (12 bytes).
    Removing stm32f4xx_sdio.o(i.SDIO_DataConfig), (48 bytes).
    Removing stm32f4xx_sdio.o(i.SDIO_DataStructInit), (20 bytes).
    Removing stm32f4xx_sdio.o(i.SDIO_DeInit), (24 bytes).
    Removing stm32f4xx_sdio.o(i.SDIO_GetCommandResponse), (12 bytes).
    Removing stm32f4xx_sdio.o(i.SDIO_GetDataCounter), (12 bytes).
    Removing stm32f4xx_sdio.o(i.SDIO_GetFIFOCount), (12 bytes).
    Removing stm32f4xx_sdio.o(i.SDIO_GetFlagStatus), (20 bytes).
    Removing stm32f4xx_sdio.o(i.SDIO_GetITStatus), (20 bytes).
    Removing stm32f4xx_sdio.o(i.SDIO_GetPowerState), (16 bytes).
    Removing stm32f4xx_sdio.o(i.SDIO_GetResponse), (16 bytes).
    Removing stm32f4xx_sdio.o(i.SDIO_ITConfig), (24 bytes).
    Removing stm32f4xx_sdio.o(i.SDIO_Init), (44 bytes).
    Removing stm32f4xx_sdio.o(i.SDIO_ReadData), (12 bytes).
    Removing stm32f4xx_sdio.o(i.SDIO_SendCEATACmd), (12 bytes).
    Removing stm32f4xx_sdio.o(i.SDIO_SendCommand), (40 bytes).
    Removing stm32f4xx_sdio.o(i.SDIO_SendSDIOSuspendCmd), (12 bytes).
    Removing stm32f4xx_sdio.o(i.SDIO_SetPowerState), (12 bytes).
    Removing stm32f4xx_sdio.o(i.SDIO_SetSDIOOperation), (12 bytes).
    Removing stm32f4xx_sdio.o(i.SDIO_SetSDIOReadWaitMode), (12 bytes).
    Removing stm32f4xx_sdio.o(i.SDIO_StartSDIOReadWait), (12 bytes).
    Removing stm32f4xx_sdio.o(i.SDIO_StopSDIOReadWait), (12 bytes).
    Removing stm32f4xx_sdio.o(i.SDIO_StructInit), (16 bytes).
    Removing stm32f4xx_sdio.o(i.SDIO_WriteData), (12 bytes).
    Removing stm32f4xx_spi.o(.rev16_text), (4 bytes).
    Removing stm32f4xx_spi.o(.revsh_text), (4 bytes).
    Removing stm32f4xx_spi.o(i.I2S_Cmd), (20 bytes).
    Removing stm32f4xx_spi.o(i.I2S_FullDuplexConfig), (58 bytes).
    Removing stm32f4xx_spi.o(i.I2S_Init), (200 bytes).
    Removing stm32f4xx_spi.o(i.I2S_StructInit), (18 bytes).
    Removing stm32f4xx_spi.o(i.SPI_BiDirectionalLineConfig), (22 bytes).
    Removing stm32f4xx_spi.o(i.SPI_CalculateCRC), (20 bytes).
    Removing stm32f4xx_spi.o(i.SPI_Cmd), (20 bytes).
    Removing stm32f4xx_spi.o(i.SPI_DataSizeConfig), (16 bytes).
    Removing stm32f4xx_spi.o(i.SPI_GetCRC), (12 bytes).
    Removing stm32f4xx_spi.o(i.SPI_GetCRCPolynomial), (4 bytes).
    Removing stm32f4xx_spi.o(i.SPI_I2S_ClearFlag), (6 bytes).
    Removing stm32f4xx_spi.o(i.SPI_I2S_ClearITPendingBit), (14 bytes).
    Removing stm32f4xx_spi.o(i.SPI_I2S_DMACmd), (16 bytes).
    Removing stm32f4xx_spi.o(i.SPI_I2S_DeInit), (84 bytes).
    Removing stm32f4xx_spi.o(i.SPI_I2S_GetFlagStatus), (14 bytes).
    Removing stm32f4xx_spi.o(i.SPI_I2S_GetITStatus), (42 bytes).
    Removing stm32f4xx_spi.o(i.SPI_I2S_ITConfig), (24 bytes).
    Removing stm32f4xx_spi.o(i.SPI_I2S_ReceiveData), (4 bytes).
    Removing stm32f4xx_spi.o(i.SPI_I2S_SendData), (4 bytes).
    Removing stm32f4xx_spi.o(i.SPI_Init), (56 bytes).
    Removing stm32f4xx_spi.o(i.SPI_NSSInternalSoftwareConfig), (24 bytes).
    Removing stm32f4xx_spi.o(i.SPI_SSOutputCmd), (20 bytes).
    Removing stm32f4xx_spi.o(i.SPI_StructInit), (24 bytes).
    Removing stm32f4xx_spi.o(i.SPI_TIModeCmd), (20 bytes).
    Removing stm32f4xx_spi.o(i.SPI_TransmitCRC), (10 bytes).
    Removing stm32f4xx_syscfg.o(.rev16_text), (4 bytes).
    Removing stm32f4xx_syscfg.o(.revsh_text), (4 bytes).
    Removing stm32f4xx_syscfg.o(i.SYSCFG_CompensationCellCmd), (12 bytes).
    Removing stm32f4xx_syscfg.o(i.SYSCFG_DeInit), (24 bytes).
    Removing stm32f4xx_syscfg.o(i.SYSCFG_ETH_MediaInterfaceConfig), (12 bytes).
    Removing stm32f4xx_syscfg.o(i.SYSCFG_EXTILineConfig), (40 bytes).
    Removing stm32f4xx_syscfg.o(i.SYSCFG_GetCompensationCellStatus), (20 bytes).
    Removing stm32f4xx_syscfg.o(i.SYSCFG_MemoryRemapConfig), (12 bytes).
    Removing stm32f4xx_tim.o(.rev16_text), (4 bytes).
    Removing stm32f4xx_tim.o(.revsh_text), (4 bytes).
    Removing stm32f4xx_tim.o(i.TI1_Config), (46 bytes).
    Removing stm32f4xx_tim.o(i.TI2_Config), (54 bytes).
    Removing stm32f4xx_tim.o(i.TIM_ARRPreloadConfig), (20 bytes).
    Removing stm32f4xx_tim.o(i.TIM_BDTRConfig), (34 bytes).
    Removing stm32f4xx_tim.o(i.TIM_BDTRStructInit), (18 bytes).
    Removing stm32f4xx_tim.o(i.TIM_CCPreloadControl), (20 bytes).
    Removing stm32f4xx_tim.o(i.TIM_CCxCmd), (22 bytes).
    Removing stm32f4xx_tim.o(i.TIM_CCxNCmd), (22 bytes).
    Removing stm32f4xx_tim.o(i.TIM_ClearFlag), (6 bytes).
    Removing stm32f4xx_tim.o(i.TIM_ClearITPendingBit), (6 bytes).
    Removing stm32f4xx_tim.o(i.TIM_ClearOC1Ref), (12 bytes).
    Removing stm32f4xx_tim.o(i.TIM_ClearOC2Ref), (20 bytes).
    Removing stm32f4xx_tim.o(i.TIM_ClearOC3Ref), (12 bytes).
    Removing stm32f4xx_tim.o(i.TIM_ClearOC4Ref), (20 bytes).
    Removing stm32f4xx_tim.o(i.TIM_Cmd), (20 bytes).
    Removing stm32f4xx_tim.o(i.TIM_CounterModeConfig), (12 bytes).
    Removing stm32f4xx_tim.o(i.TIM_CtrlPWMOutputs), (22 bytes).
    Removing stm32f4xx_tim.o(i.TIM_DMACmd), (16 bytes).
    Removing stm32f4xx_tim.o(i.TIM_DMAConfig), (8 bytes).
    Removing stm32f4xx_tim.o(i.TIM_DeInit), (336 bytes).
    Removing stm32f4xx_tim.o(i.TIM_ETRClockMode1Config), (18 bytes).
    Removing stm32f4xx_tim.o(i.TIM_ETRClockMode2Config), (18 bytes).
    Removing stm32f4xx_tim.o(i.TIM_ETRConfig), (24 bytes).
    Removing stm32f4xx_tim.o(i.TIM_EncoderInterfaceConfig), (50 bytes).
    Removing stm32f4xx_tim.o(i.TIM_ForcedOC1Config), (12 bytes).
    Removing stm32f4xx_tim.o(i.TIM_ForcedOC2Config), (20 bytes).
    Removing stm32f4xx_tim.o(i.TIM_ForcedOC3Config), (12 bytes).
    Removing stm32f4xx_tim.o(i.TIM_ForcedOC4Config), (20 bytes).
    Removing stm32f4xx_tim.o(i.TIM_GenerateEvent), (4 bytes).
    Removing stm32f4xx_tim.o(i.TIM_GetCapture1), (4 bytes).
    Removing stm32f4xx_tim.o(i.TIM_GetCapture2), (4 bytes).
    Removing stm32f4xx_tim.o(i.TIM_GetCapture3), (4 bytes).
    Removing stm32f4xx_tim.o(i.TIM_GetCapture4), (4 bytes).
    Removing stm32f4xx_tim.o(i.TIM_GetCounter), (4 bytes).
    Removing stm32f4xx_tim.o(i.TIM_GetFlagStatus), (14 bytes).
    Removing stm32f4xx_tim.o(i.TIM_GetITStatus), (24 bytes).
    Removing stm32f4xx_tim.o(i.TIM_GetPrescaler), (4 bytes).
    Removing stm32f4xx_tim.o(i.TIM_ICInit), (172 bytes).
    Removing stm32f4xx_tim.o(i.TIM_ICStructInit), (16 bytes).
    Removing stm32f4xx_tim.o(i.TIM_ITConfig), (16 bytes).
    Removing stm32f4xx_tim.o(i.TIM_ITRxExternalClockConfig), (18 bytes).
    Removing stm32f4xx_tim.o(i.TIM_InternalClockConfig), (10 bytes).
    Removing stm32f4xx_tim.o(i.TIM_OC1FastConfig), (12 bytes).
    Removing stm32f4xx_tim.o(i.TIM_OC1Init), (96 bytes).
    Removing stm32f4xx_tim.o(i.TIM_OC1NPolarityConfig), (12 bytes).
    Removing stm32f4xx_tim.o(i.TIM_OC1PolarityConfig), (12 bytes).
    Removing stm32f4xx_tim.o(i.TIM_OC1PreloadConfig), (12 bytes).
    Removing stm32f4xx_tim.o(i.TIM_OC2FastConfig), (20 bytes).
    Removing stm32f4xx_tim.o(i.TIM_OC2Init), (128 bytes).
    Removing stm32f4xx_tim.o(i.TIM_OC2NPolarityConfig), (20 bytes).
    Removing stm32f4xx_tim.o(i.TIM_OC2PolarityConfig), (20 bytes).
    Removing stm32f4xx_tim.o(i.TIM_OC2PreloadConfig), (20 bytes).
    Removing stm32f4xx_tim.o(i.TIM_OC3FastConfig), (12 bytes).
    Removing stm32f4xx_tim.o(i.TIM_OC3Init), (124 bytes).
    Removing stm32f4xx_tim.o(i.TIM_OC3NPolarityConfig), (20 bytes).
    Removing stm32f4xx_tim.o(i.TIM_OC3PolarityConfig), (20 bytes).
    Removing stm32f4xx_tim.o(i.TIM_OC3PreloadConfig), (12 bytes).
    Removing stm32f4xx_tim.o(i.TIM_OC4FastConfig), (20 bytes).
    Removing stm32f4xx_tim.o(i.TIM_OC4Init), (96 bytes).
    Removing stm32f4xx_tim.o(i.TIM_OC4PolarityConfig), (20 bytes).
    Removing stm32f4xx_tim.o(i.TIM_OC4PreloadConfig), (20 bytes).
    Removing stm32f4xx_tim.o(i.TIM_OCStructInit), (20 bytes).
    Removing stm32f4xx_tim.o(i.TIM_PWMIConfig), (108 bytes).
    Removing stm32f4xx_tim.o(i.TIM_PrescalerConfig), (6 bytes).
    Removing stm32f4xx_tim.o(i.TIM_RemapConfig), (6 bytes).
    Removing stm32f4xx_tim.o(i.TIM_SelectCCDMA), (20 bytes).
    Removing stm32f4xx_tim.o(i.TIM_SelectCOM), (20 bytes).
    Removing stm32f4xx_tim.o(i.TIM_SelectHallSensor), (20 bytes).
    Removing stm32f4xx_tim.o(i.TIM_SelectInputTrigger), (12 bytes).
    Removing stm32f4xx_tim.o(i.TIM_SelectMasterSlaveMode), (16 bytes).
    Removing stm32f4xx_tim.o(i.TIM_SelectOCxM), (74 bytes).
    Removing stm32f4xx_tim.o(i.TIM_SelectOnePulseMode), (16 bytes).
    Removing stm32f4xx_tim.o(i.TIM_SelectOutputTrigger), (16 bytes).
    Removing stm32f4xx_tim.o(i.TIM_SelectSlaveMode), (16 bytes).
    Removing stm32f4xx_tim.o(i.TIM_SetAutoreload), (4 bytes).
    Removing stm32f4xx_tim.o(i.TIM_SetClockDivision), (16 bytes).
    Removing stm32f4xx_tim.o(i.TIM_SetCompare1), (4 bytes).
    Removing stm32f4xx_tim.o(i.TIM_SetCompare2), (4 bytes).
    Removing stm32f4xx_tim.o(i.TIM_SetCompare3), (4 bytes).
    Removing stm32f4xx_tim.o(i.TIM_SetCompare4), (4 bytes).
    Removing stm32f4xx_tim.o(i.TIM_SetCounter), (4 bytes).
    Removing stm32f4xx_tim.o(i.TIM_SetIC1Prescaler), (16 bytes).
    Removing stm32f4xx_tim.o(i.TIM_SetIC2Prescaler), (24 bytes).
    Removing stm32f4xx_tim.o(i.TIM_SetIC3Prescaler), (16 bytes).
    Removing stm32f4xx_tim.o(i.TIM_SetIC4Prescaler), (24 bytes).
    Removing stm32f4xx_tim.o(i.TIM_TIxExternalClockConfig), (46 bytes).
    Removing stm32f4xx_tim.o(i.TIM_TimeBaseInit), (124 bytes).
    Removing stm32f4xx_tim.o(i.TIM_TimeBaseStructInit), (18 bytes).
    Removing stm32f4xx_tim.o(i.TIM_UpdateDisableConfig), (20 bytes).
    Removing stm32f4xx_tim.o(i.TIM_UpdateRequestConfig), (20 bytes).
    Removing stm32f4xx_usart.o(.rev16_text), (4 bytes).
    Removing stm32f4xx_usart.o(.revsh_text), (4 bytes).
    Removing stm32f4xx_usart.o(i.USART_ClearFlag), (6 bytes).
    Removing stm32f4xx_usart.o(i.USART_ClearITPendingBit), (12 bytes).
    Removing stm32f4xx_usart.o(i.USART_ClockInit), (28 bytes).
    Removing stm32f4xx_usart.o(i.USART_ClockStructInit), (12 bytes).
    Removing stm32f4xx_usart.o(i.USART_Cmd), (20 bytes).
    Removing stm32f4xx_usart.o(i.USART_DMACmd), (16 bytes).
    Removing stm32f4xx_usart.o(i.USART_DeInit), (140 bytes).
    Removing stm32f4xx_usart.o(i.USART_GetFlagStatus), (14 bytes).
    Removing stm32f4xx_usart.o(i.USART_GetITStatus), (62 bytes).
    Removing stm32f4xx_usart.o(i.USART_HalfDuplexCmd), (20 bytes).
    Removing stm32f4xx_usart.o(i.USART_ITConfig), (48 bytes).
    Removing stm32f4xx_usart.o(i.USART_Init), (184 bytes).
    Removing stm32f4xx_usart.o(i.USART_IrDACmd), (20 bytes).
    Removing stm32f4xx_usart.o(i.USART_IrDAConfig), (16 bytes).
    Removing stm32f4xx_usart.o(i.USART_LINBreakDetectLengthConfig), (16 bytes).
    Removing stm32f4xx_usart.o(i.USART_LINCmd), (20 bytes).
    Removing stm32f4xx_usart.o(i.USART_OneBitMethodCmd), (20 bytes).
    Removing stm32f4xx_usart.o(i.USART_OverSampling8Cmd), (20 bytes).
    Removing stm32f4xx_usart.o(i.USART_ReceiveData), (8 bytes).
    Removing stm32f4xx_usart.o(i.USART_ReceiverWakeUpCmd), (20 bytes).
    Removing stm32f4xx_usart.o(i.USART_SendBreak), (10 bytes).
    Removing stm32f4xx_usart.o(i.USART_SendData), (8 bytes).
    Removing stm32f4xx_usart.o(i.USART_SetAddress), (16 bytes).
    Removing stm32f4xx_usart.o(i.USART_SetGuardTime), (16 bytes).
    Removing stm32f4xx_usart.o(i.USART_SetPrescaler), (16 bytes).
    Removing stm32f4xx_usart.o(i.USART_SmartCardCmd), (20 bytes).
    Removing stm32f4xx_usart.o(i.USART_SmartCardNACKCmd), (20 bytes).
    Removing stm32f4xx_usart.o(i.USART_StructInit), (22 bytes).
    Removing stm32f4xx_usart.o(i.USART_WakeUpConfig), (16 bytes).
    Removing stm32f4xx_wwdg.o(.rev16_text), (4 bytes).
    Removing stm32f4xx_wwdg.o(.revsh_text), (4 bytes).
    Removing stm32f4xx_wwdg.o(i.WWDG_ClearFlag), (12 bytes).
    Removing stm32f4xx_wwdg.o(i.WWDG_DeInit), (24 bytes).
    Removing stm32f4xx_wwdg.o(i.WWDG_Enable), (16 bytes).
    Removing stm32f4xx_wwdg.o(i.WWDG_EnableIT), (12 bytes).
    Removing stm32f4xx_wwdg.o(i.WWDG_GetFlagStatus), (20 bytes).
    Removing stm32f4xx_wwdg.o(i.WWDG_SetCounter), (16 bytes).
    Removing stm32f4xx_wwdg.o(i.WWDG_SetPrescaler), (20 bytes).
    Removing stm32f4xx_wwdg.o(i.WWDG_SetWindowValue), (28 bytes).
    Removing rb_base64m.o(.rev16_text), (4 bytes).
    Removing rb_base64m.o(.revsh_text), (4 bytes).
    Removing rb_base64m.o(i.BASE64_T_TBD), (22 bytes).
    Removing rb_base64m.o(i.BASE64m_DeCode), (44 bytes).
    Removing rb_base64m.o(i.BASE64m_DeCodeStart), (8 bytes).
    Removing rb_base64m.o(i.BASE64m_DeCodeStep), (104 bytes).
    Removing rb_base64m.o(i.BASE64m_EnCode), (84 bytes).
    Removing rb_base64m.o(i.BASE64m_EnCodeFlush), (30 bytes).
    Removing rb_base64m.o(i.BASE64m_EnCodeStart), (8 bytes).
    Removing rb_base64m.o(i.BASE64m_EnCodeStep), (86 bytes).
    Removing rb_base64m.o(i.BASE64m_EnCodeStepD), (42 bytes).
    Removing rb_base64m.o(i.BASE64m_EnCodeStepPTR), (24 bytes).
    Removing rb_base64m.o(i.BASE64m_Init), (4 bytes).
    Removing rb_base64m.o(.data), (8 bytes).
    Removing rb_crc16.o(.rev16_text), (4 bytes).
    Removing rb_crc16.o(.revsh_text), (4 bytes).
    Removing rb_crc16.o(i.crc16_str_CCITT), (28 bytes).
    Removing core_uid.o(.rev16_text), (4 bytes).
    Removing core_uid.o(.revsh_text), (4 bytes).
    Removing cortex_rb_sys.o(.rev16_text), (4 bytes).
    Removing cortex_rb_sys.o(.revsh_text), (4 bytes).
    Removing rb_fifo.o(.rev16_text), (4 bytes).
    Removing rb_fifo.o(.revsh_text), (4 bytes).
    Removing rb_fifo.o(i.rb_fifo_clear), (12 bytes).
    Removing rb_fifo.o(i.rb_fifo_flush), (36 bytes).
    Removing rb_fifo.o(i.rb_fifo_free), (14 bytes).
    Removing rb_fifo.o(i.rb_fifo_ofs_rd), (22 bytes).
    Removing rb_fifo.o(i.rb_fifo_ofs_rd_D), (18 bytes).
    Removing rb_fifo.o(i.rb_fifo_ofs_rd_T), (18 bytes).
    Removing rb_fifo.o(i.rb_fifo_ofs_rd_W), (22 bytes).
    Removing rb_fifo.o(i.rb_fifo_ofs_rd_blk), (12 bytes).
    Removing rb_fifo.o(i.rb_fifo_ofs_rd_blk_is), (136 bytes).
    Removing rb_fifo.o(i.rb_fifo_rd), (30 bytes).
    Removing rb_fifo.o(i.rb_fifo_rd_D), (18 bytes).
    Removing rb_fifo.o(i.rb_fifo_rd_W), (22 bytes).
    Removing rb_fifo.o(i.rb_fifo_rd_blk), (102 bytes).
    Removing rb_fifo.o(i.rb_fifo_size), (12 bytes).
    Removing rb_fifo.o(i.rb_fifo_wr), (36 bytes).
    Removing rb_fifo.o(i.rb_fifo_wr_D), (12 bytes).
    Removing rb_fifo.o(i.rb_fifo_wr_W), (12 bytes).
    Removing rb_fifo.o(i.rb_fifo_wr_blk), (48 bytes).
    Removing rb_fifo.o(i.rb_fifo_wr_blkA), (128 bytes).
    Removing rb_fifo.o(i.rb_fifo_wr_wait), (28 bytes).
    Removing rb_util.o(.rev16_text), (4 bytes).
    Removing rb_util.o(.revsh_text), (4 bytes).
    Removing rb_util.o(i.rb_CompareSTR), (24 bytes).
    Removing rb_util.o(i.rb_CopyBlock), (18 bytes).
    Removing rb_util.o(i.rb_CopyBlockMaxSize), (18 bytes).
    Removing rb_util.o(i.rb_CopySTR), (20 bytes).
    Removing rb_util.o(i.rb_FillChar), (14 bytes).
    Removing rb_util.o(i.rb_HexGet), (42 bytes).
    Removing rb_util.o(i.rb_HexToInt), (32 bytes).
    Removing rb_util.o(i.rb_IntToBIN), (8 bytes).
    Removing rb_util.o(i.rb_IntToHEX), (8 bytes).
    Removing rb_util.o(i.rb_IntToProc), (400 bytes).
    Removing rb_util.o(i.rb_IntToStr), (8 bytes).
    Removing rb_util.o(i.rb_LengthSTR), (18 bytes).
    Removing rb_util.o(i.rb_MaxD), (8 bytes).
    Removing rb_util.o(i.rb_RangeS32), (16 bytes).
    Removing rb_util.o(i.rb_RangeU32), (16 bytes).
    Removing rb_util.o(i.rb_RolBlock), (24 bytes).
    Removing rb_util.o(i.rb_StrIns), (66 bytes).
    Removing rb_util.o(i.rb_StrSet), (4 bytes).
    Removing rb_util.o(.constdata), (256 bytes).
    Removing bootflasherf4.o(.rev16_text), (4 bytes).
    Removing bootflasherf4.o(.revsh_text), (4 bytes).
    Removing bootflasherf4.o(.emb_text), (40 bytes).
    Removing bootflasherf4.o(i.bflBootBlockPBUF), (4 bytes).
    Removing bootflasherf4.o(i.bflBootExtremalExecFlash), (36 bytes).
    Removing bootflasherf4.o(i.bflBootExtremalExecuteBlock), (22 bytes).
    Removing bootflasherf4.o(i.bflBootExtremalExecuteBlockType), (24 bytes).
    Removing bootflasherf4.o(i.bflDataAddBuffer), (30 bytes).
    Removing bootflasherf4.o(i.bflDataAddByte), (172 bytes).
    Removing bootflasherf4.o(i.bflDataStart), (28 bytes).
    Removing bootflasherf4.o(i.bflImageAddBlock), (128 bytes).
    Removing bootflasherf4.o(i.bflImageFinish), (92 bytes).
    Removing bootflasherf4.o(i.bflImageStart), (44 bytes).
    Removing bootflasherf4.o(i.flashaddr), (6 bytes).
    Removing bootflasherf4.o(.bss), (123 bytes).
    Removing bootflasherf4.o(.constdata), (86 bytes).

732 unused section(s) (total 25367 bytes) removed from the image.

==============================================================================

Image Symbol Table

    Local Symbols

    Symbol Name                              Value     Ov Type        Size  Object(Section)

    ../clib/microlib/init/entry.s            0x00000000   Number         0  entry11a.o ABSOLUTE
    ../clib/microlib/init/entry.s            0x00000000   Number         0  entry10b.o ABSOLUTE
    ../clib/microlib/init/entry.s            0x00000000   Number         0  entry10a.o ABSOLUTE
    ../clib/microlib/init/entry.s            0x00000000   Number         0  entry9b.o ABSOLUTE
    ../clib/microlib/init/entry.s            0x00000000   Number         0  entry9a.o ABSOLUTE
    ../clib/microlib/init/entry.s            0x00000000   Number         0  entry8b.o ABSOLUTE
    ../clib/microlib/init/entry.s            0x00000000   Number         0  entry8a.o ABSOLUTE
    ../clib/microlib/init/entry.s            0x00000000   Number         0  entry7b.o ABSOLUTE
    ../clib/microlib/init/entry.s            0x00000000   Number         0  entry2.o ABSOLUTE
    ../clib/microlib/init/entry.s            0x00000000   Number         0  entry7a.o ABSOLUTE
    ../clib/microlib/init/entry.s            0x00000000   Number         0  entry11b.o ABSOLUTE
    ../clib/microlib/init/entry.s            0x00000000   Number         0  entry.o ABSOLUTE
    ../clib/microlib/init/entry.s            0x00000000   Number         0  entry5.o ABSOLUTE
    ../clib/microlib/string/memchr.c         0x00000000   Number         0  memchr.o ABSOLUTE
    ../clib/microlib/string/memcpy.c         0x00000000   Number         0  memcpyb.o ABSOLUTE
    ../clib/microlib/string/memcpy.c         0x00000000   Number         0  memcpya.o ABSOLUTE
    ../clib/microlib/string/memset.c         0x00000000   Number         0  memseta.o ABSOLUTE
    ..\SRC\BootFlasherF4.c                   0x00000000   Number         0  bootflasherf4.o ABSOLUTE
    ..\SRC\LIB\src\misc.c                    0x00000000   Number         0  misc.o ABSOLUTE
    ..\SRC\LIB\src\stm32f4xx_adc.c           0x00000000   Number         0  stm32f4xx_adc.o ABSOLUTE
    ..\SRC\LIB\src\stm32f4xx_can.c           0x00000000   Number         0  stm32f4xx_can.o ABSOLUTE
    ..\SRC\LIB\src\stm32f4xx_crc.c           0x00000000   Number         0  stm32f4xx_crc.o ABSOLUTE
    ..\SRC\LIB\src\stm32f4xx_cryp.c          0x00000000   Number         0  stm32f4xx_cryp.o ABSOLUTE
    ..\SRC\LIB\src\stm32f4xx_cryp_aes.c      0x00000000   Number         0  stm32f4xx_cryp_aes.o ABSOLUTE
    ..\SRC\LIB\src\stm32f4xx_cryp_des.c      0x00000000   Number         0  stm32f4xx_cryp_des.o ABSOLUTE
    ..\SRC\LIB\src\stm32f4xx_cryp_tdes.c     0x00000000   Number         0  stm32f4xx_cryp_tdes.o ABSOLUTE
    ..\SRC\LIB\src\stm32f4xx_dac.c           0x00000000   Number         0  stm32f4xx_dac.o ABSOLUTE
    ..\SRC\LIB\src\stm32f4xx_dbgmcu.c        0x00000000   Number         0  stm32f4xx_dbgmcu.o ABSOLUTE
    ..\SRC\LIB\src\stm32f4xx_dcmi.c          0x00000000   Number         0  stm32f4xx_dcmi.o ABSOLUTE
    ..\SRC\LIB\src\stm32f4xx_dma.c           0x00000000   Number         0  stm32f4xx_dma.o ABSOLUTE
    ..\SRC\LIB\src\stm32f4xx_exti.c          0x00000000   Number         0  stm32f4xx_exti.o ABSOLUTE
    ..\SRC\LIB\src\stm32f4xx_flash.c         0x00000000   Number         0  stm32f4xx_flash.o ABSOLUTE
    ..\SRC\LIB\src\stm32f4xx_fsmc.c          0x00000000   Number         0  stm32f4xx_fsmc.o ABSOLUTE
    ..\SRC\LIB\src\stm32f4xx_gpio.c          0x00000000   Number         0  stm32f4xx_gpio.o ABSOLUTE
    ..\SRC\LIB\src\stm32f4xx_hash.c          0x00000000   Number         0  stm32f4xx_hash.o ABSOLUTE
    ..\SRC\LIB\src\stm32f4xx_hash_md5.c      0x00000000   Number         0  stm32f4xx_hash_md5.o ABSOLUTE
    ..\SRC\LIB\src\stm32f4xx_hash_sha1.c     0x00000000   Number         0  stm32f4xx_hash_sha1.o ABSOLUTE
    ..\SRC\LIB\src\stm32f4xx_i2c.c           0x00000000   Number         0  stm32f4xx_i2c.o ABSOLUTE
    ..\SRC\LIB\src\stm32f4xx_iwdg.c          0x00000000   Number         0  stm32f4xx_iwdg.o ABSOLUTE
    ..\SRC\LIB\src\stm32f4xx_pwr.c           0x00000000   Number         0  stm32f4xx_pwr.o ABSOLUTE
    ..\SRC\LIB\src\stm32f4xx_rcc.c           0x00000000   Number         0  stm32f4xx_rcc.o ABSOLUTE
    ..\SRC\LIB\src\stm32f4xx_rng.c           0x00000000   Number         0  stm32f4xx_rng.o ABSOLUTE
    ..\SRC\LIB\src\stm32f4xx_rtc.c           0x00000000   Number         0  stm32f4xx_rtc.o ABSOLUTE
    ..\SRC\LIB\src\stm32f4xx_sdio.c          0x00000000   Number         0  stm32f4xx_sdio.o ABSOLUTE
    ..\SRC\LIB\src\stm32f4xx_spi.c           0x00000000   Number         0  stm32f4xx_spi.o ABSOLUTE
    ..\SRC\LIB\src\stm32f4xx_syscfg.c        0x00000000   Number         0  stm32f4xx_syscfg.o ABSOLUTE
    ..\SRC\LIB\src\stm32f4xx_tim.c           0x00000000   Number         0  stm32f4xx_tim.o ABSOLUTE
    ..\SRC\LIB\src\stm32f4xx_usart.c         0x00000000   Number         0  stm32f4xx_usart.o ABSOLUTE
    ..\SRC\LIB\src\stm32f4xx_wwdg.c          0x00000000   Number         0  stm32f4xx_wwdg.o ABSOLUTE
    ..\SRC\core_UID.c                        0x00000000   Number         0  core_uid.o ABSOLUTE
    ..\SRC\cortex_rb_sys.c                   0x00000000   Number         0  cortex_rb_sys.o ABSOLUTE
    ..\SRC\rb_base64m.c                      0x00000000   Number         0  rb_base64m.o ABSOLUTE
    ..\SRC\rb_crc16.c                        0x00000000   Number         0  rb_crc16.o ABSOLUTE
    ..\SRC\rb_fifo.c                         0x00000000   Number         0  rb_fifo.o ABSOLUTE
    ..\SRC\rb_util.c                         0x00000000   Number         0  rb_util.o ABSOLUTE
    ..\\SRC\\BootFlasherF4.c                 0x00000000   Number         0  bootflasherf4.o ABSOLUTE
    ..\\SRC\\LIB\\src\\misc.c                0x00000000   Number         0  misc.o ABSOLUTE
    ..\\SRC\\LIB\\src\\stm32f4xx_adc.c       0x00000000   Number         0  stm32f4xx_adc.o ABSOLUTE
    ..\\SRC\\LIB\\src\\stm32f4xx_can.c       0x00000000   Number         0  stm32f4xx_can.o ABSOLUTE
    ..\\SRC\\LIB\\src\\stm32f4xx_crc.c       0x00000000   Number         0  stm32f4xx_crc.o ABSOLUTE
    ..\\SRC\\LIB\\src\\stm32f4xx_cryp.c      0x00000000   Number         0  stm32f4xx_cryp.o ABSOLUTE
    ..\\SRC\\LIB\\src\\stm32f4xx_cryp_aes.c  0x00000000   Number         0  stm32f4xx_cryp_aes.o ABSOLUTE
    ..\\SRC\\LIB\\src\\stm32f4xx_cryp_des.c  0x00000000   Number         0  stm32f4xx_cryp_des.o ABSOLUTE
    ..\\SRC\\LIB\\src\\stm32f4xx_cryp_tdes.c 0x00000000   Number         0  stm32f4xx_cryp_tdes.o ABSOLUTE
    ..\\SRC\\LIB\\src\\stm32f4xx_dac.c       0x00000000   Number         0  stm32f4xx_dac.o ABSOLUTE
    ..\\SRC\\LIB\\src\\stm32f4xx_dbgmcu.c    0x00000000   Number         0  stm32f4xx_dbgmcu.o ABSOLUTE
    ..\\SRC\\LIB\\src\\stm32f4xx_dcmi.c      0x00000000   Number         0  stm32f4xx_dcmi.o ABSOLUTE
    ..\\SRC\\LIB\\src\\stm32f4xx_dma.c       0x00000000   Number         0  stm32f4xx_dma.o ABSOLUTE
    ..\\SRC\\LIB\\src\\stm32f4xx_exti.c      0x00000000   Number         0  stm32f4xx_exti.o ABSOLUTE
    ..\\SRC\\LIB\\src\\stm32f4xx_flash.c     0x00000000   Number         0  stm32f4xx_flash.o ABSOLUTE
    ..\\SRC\\LIB\\src\\stm32f4xx_fsmc.c      0x00000000   Number         0  stm32f4xx_fsmc.o ABSOLUTE
    ..\\SRC\\LIB\\src\\stm32f4xx_gpio.c      0x00000000   Number         0  stm32f4xx_gpio.o ABSOLUTE
    ..\\SRC\\LIB\\src\\stm32f4xx_hash.c      0x00000000   Number         0  stm32f4xx_hash.o ABSOLUTE
    ..\\SRC\\LIB\\src\\stm32f4xx_hash_md5.c  0x00000000   Number         0  stm32f4xx_hash_md5.o ABSOLUTE
    ..\\SRC\\LIB\\src\\stm32f4xx_hash_sha1.c 0x00000000   Number         0  stm32f4xx_hash_sha1.o ABSOLUTE
    ..\\SRC\\LIB\\src\\stm32f4xx_i2c.c       0x00000000   Number         0  stm32f4xx_i2c.o ABSOLUTE
    ..\\SRC\\LIB\\src\\stm32f4xx_iwdg.c      0x00000000   Number         0  stm32f4xx_iwdg.o ABSOLUTE
    ..\\SRC\\LIB\\src\\stm32f4xx_pwr.c       0x00000000   Number         0  stm32f4xx_pwr.o ABSOLUTE
    ..\\SRC\\LIB\\src\\stm32f4xx_rcc.c       0x00000000   Number         0  stm32f4xx_rcc.o ABSOLUTE
    ..\\SRC\\LIB\\src\\stm32f4xx_rng.c       0x00000000   Number         0  stm32f4xx_rng.o ABSOLUTE
    ..\\SRC\\LIB\\src\\stm32f4xx_rtc.c       0x00000000   Number         0  stm32f4xx_rtc.o ABSOLUTE
    ..\\SRC\\LIB\\src\\stm32f4xx_sdio.c      0x00000000   Number         0  stm32f4xx_sdio.o ABSOLUTE
    ..\\SRC\\LIB\\src\\stm32f4xx_spi.c       0x00000000   Number         0  stm32f4xx_spi.o ABSOLUTE
    ..\\SRC\\LIB\\src\\stm32f4xx_syscfg.c    0x00000000   Number         0  stm32f4xx_syscfg.o ABSOLUTE
    ..\\SRC\\LIB\\src\\stm32f4xx_tim.c       0x00000000   Number         0  stm32f4xx_tim.o ABSOLUTE
    ..\\SRC\\LIB\\src\\stm32f4xx_usart.c     0x00000000   Number         0  stm32f4xx_usart.o ABSOLUTE
    ..\\SRC\\LIB\\src\\stm32f4xx_wwdg.c      0x00000000   Number         0  stm32f4xx_wwdg.o ABSOLUTE
    ..\\SRC\\core_UID.c                      0x00000000   Number         0  core_uid.o ABSOLUTE
    ..\\SRC\\cortex_rb_sys.c                 0x00000000   Number         0  cortex_rb_sys.o ABSOLUTE
    ..\\SRC\\rb_base64m.c                    0x00000000   Number         0  rb_base64m.o ABSOLUTE
    ..\\SRC\\rb_crc16.c                      0x00000000   Number         0  rb_crc16.o ABSOLUTE
    ..\\SRC\\rb_fifo.c                       0x00000000   Number         0  rb_fifo.o ABSOLUTE
    ..\\SRC\\rb_util.c                       0x00000000   Number         0  rb_util.o ABSOLUTE
    SRC\\main.c                              0x00000000   Number         0  main.o ABSOLUTE
    SRC\main.c                               0x00000000   Number         0  main.o ABSOLUTE
    dc.s                                     0x00000000   Number         0  dc.o ABSOLUTE
    handlers.s                               0x00000000   Number         0  handlers.o ABSOLUTE
    init.s                                   0x00000000   Number         0  init.o ABSOLUTE
    startup_stm32f40_41xxx.s                 0x00000000   Number         0  startup_stm32f40_41xxx.o ABSOLUTE
    RESET                                    0x20000000   Section        8  startup_stm32f40_41xxx.o(RESET)
    .ARM.Collect$$$$00000000                 0x20000008   Section        0  entry.o(.ARM.Collect$$$$00000000)
    .ARM.Collect$$$$00000001                 0x20000008   Section        4  entry2.o(.ARM.Collect$$$$00000001)
    .ARM.Collect$$$$00000004                 0x2000000c   Section        4  entry5.o(.ARM.Collect$$$$00000004)
    .ARM.Collect$$$$00000008                 0x20000010   Section        0  entry7b.o(.ARM.Collect$$$$00000008)
    .ARM.Collect$$$$0000000A                 0x20000010   Section        0  entry8b.o(.ARM.Collect$$$$0000000A)
    .ARM.Collect$$$$0000000B                 0x20000010   Section        8  entry9a.o(.ARM.Collect$$$$0000000B)
    .ARM.Collect$$$$0000000D                 0x20000018   Section        0  entry10a.o(.ARM.Collect$$$$0000000D)
    .ARM.Collect$$$$0000000F                 0x20000018   Section        0  entry11a.o(.ARM.Collect$$$$0000000F)
    .ARM.Collect$$$$00002712                 0x20000018   Section        4  entry2.o(.ARM.Collect$$$$00002712)
    __lit__00000000                          0x20000018   Data           4  entry2.o(.ARM.Collect$$$$00002712)
    .text                                    0x2000001c   Section       16  startup_stm32f40_41xxx.o(.text)
    $v0                                      0x2000001c   Number         0  startup_stm32f40_41xxx.o(.text)
    .text                                    0x2000002c   Section       36  init.o(.text)
    i.FLASH_ClearFlag                        0x20000050   Section        0  stm32f4xx_flash.o(i.FLASH_ClearFlag)
    i.FLASH_DataCacheReset                   0x2000005c   Section        0  stm32f4xx_flash.o(i.FLASH_DataCacheReset)
    i.FLASH_ErasePage                        0x2000006c   Section        0  bootflasherf4.o(i.FLASH_ErasePage)
    i.FLASH_EraseSector                      0x20000094   Section        0  stm32f4xx_flash.o(i.FLASH_EraseSector)
    i.FLASH_GetStatus                        0x20000100   Section        0  stm32f4xx_flash.o(i.FLASH_GetStatus)
    i.FLASH_InstructionCacheReset            0x20000134   Section        0  stm32f4xx_flash.o(i.FLASH_InstructionCacheReset)
    i.FLASH_Lock                             0x20000144   Section        0  stm32f4xx_flash.o(i.FLASH_Lock)
    i.FLASH_ProgramHalfWord                  0x20000154   Section        0  stm32f4xx_flash.o(i.FLASH_ProgramHalfWord)
    i.FLASH_Unlock                           0x20000190   Section        0  stm32f4xx_flash.o(i.FLASH_Unlock)
    i.FLASH_WaitForLastOperation             0x200001b4   Section        0  stm32f4xx_flash.o(i.FLASH_WaitForLastOperation)
    i.SystemInit                             0x200001d2   Section        0  main.o(i.SystemInit)
    i.__scatterload_copy                     0x200001d4   Section       14  handlers.o(i.__scatterload_copy)
    i.__scatterload_null                     0x200001e2   Section        2  handlers.o(i.__scatterload_null)
    i.__scatterload_zeroinit                 0x200001e4   Section       14  handlers.o(i.__scatterload_zeroinit)
    i.bflBootBlockAddr                       0x200001f4   Section        0  bootflasherf4.o(i.bflBootBlockAddr)
    i.bflBootBlockPTR                        0x20000218   Section        0  bootflasherf4.o(i.bflBootBlockPTR)
    i.bflBootBlocks                          0x2000021c   Section        0  bootflasherf4.o(i.bflBootBlocks)
    i.bflBootBlocksGetCRC                    0x20000264   Section        0  bootflasherf4.o(i.bflBootBlocksGetCRC)
    i.bflBootCheckNeedFlashing               0x20000280   Section        0  bootflasherf4.o(i.bflBootCheckNeedFlashing)
    i.bflBootFindByType                      0x200002a4   Section        0  bootflasherf4.o(i.bflBootFindByType)
    i.bflBootFlashDisable                    0x200002d0   Section        0  bootflasherf4.o(i.bflBootFlashDisable)
    i.bflBootProgramBlock                    0x200002e2   Section        0  bootflasherf4.o(i.bflBootProgramBlock)
    i.bflBootProgramBlockType                0x2000030e   Section        0  bootflasherf4.o(i.bflBootProgramBlockType)
    i.bflBootProgramErase                    0x20000328   Section        0  bootflasherf4.o(i.bflBootProgramErase)
    i.bflFlashCompareBlock                   0x20000384   Section        0  bootflasherf4.o(i.bflFlashCompareBlock)
    i.bflFlashErase                          0x200003a0   Section        0  bootflasherf4.o(i.bflFlashErase)
    i.bflFlashEraseAlignBLK                  0x200003c4   Section        0  bootflasherf4.o(i.bflFlashEraseAlignBLK)
    i.bflFlashWriteBlock                     0x20000402   Section        0  bootflasherf4.o(i.bflFlashWriteBlock)
    i.crc16_blk                              0x2000045c   Section        0  rb_crc16.o(i.crc16_blk)
    i.crc16_blk_CCITT                        0x2000047a   Section        0  rb_crc16.o(i.crc16_blk_CCITT)
    i.crc16_byte                             0x20000482   Section        0  rb_crc16.o(i.crc16_byte)
    i.flashsize                              0x2000049c   Section        0  bootflasherf4.o(i.flashsize)
    i.flashtop                               0x200004a8   Section        0  bootflasherf4.o(i.flashtop)
    i.main                                   0x200004b4   Section        0  main.o(i.main)
    .data                                    0x20000800   Section       20  bootflasherf4.o(.data)
    STACK                                    0x20000818   Section      256  startup_stm32f40_41xxx.o(STACK)

    Global Symbols

    Symbol Name                              Value     Ov Type        Size  Object(Section)

    BuildAttributes$$THM_ISAv4$E$P$D$K$B$S$7EM$VFPi3$EXTD16$VFPS$VFMA$PE$A:L22UL41UL21$X:L11$S22US41US21$IEEE1$IW$USESV6$~STKCKD$USESV7$~SHL$OSPACE$EBA8$MICROLIB$REQ8$EABIv2 0x00000000   Number         0  anon$$obj.o ABSOLUTE
    __ARM_use_no_argv                        0x00000000   Number         0  main.o ABSOLUTE
    __cpp_initialize__aeabi_                  - Undefined Weak Reference
    __cxa_finalize                            - Undefined Weak Reference
    __decompress                              - Undefined Weak Reference
    _clock_init                               - Undefined Weak Reference
    _microlib_exit                            - Undefined Weak Reference
    __Vectors_Size                           0x00000008   Number         0  startup_stm32f40_41xxx.o ABSOLUTE
    __Vectors                                0x20000000   Data           4  startup_stm32f40_41xxx.o(RESET)
    __Vectors_End                            0x20000008   Data           0  startup_stm32f40_41xxx.o(RESET)
    __main                                   0x20000009   Thumb Code     0  entry.o(.ARM.Collect$$$$00000000)
    _main_stk                                0x20000009   Thumb Code     0  entry2.o(.ARM.Collect$$$$00000001)
    _main_scatterload                        0x2000000d   Thumb Code     0  entry5.o(.ARM.Collect$$$$00000004)
    __main_after_scatterload                 0x20000011   Thumb Code     0  entry5.o(.ARM.Collect$$$$00000004)
    _main_clock                              0x20000011   Thumb Code     0  entry7b.o(.ARM.Collect$$$$00000008)
    _main_cpp_init                           0x20000011   Thumb Code     0  entry8b.o(.ARM.Collect$$$$0000000A)
    _main_init                               0x20000011   Thumb Code     0  entry9a.o(.ARM.Collect$$$$0000000B)
    __rt_final_cpp                           0x20000019   Thumb Code     0  entry10a.o(.ARM.Collect$$$$0000000D)
    __rt_final_exit                          0x20000019   Thumb Code     0  entry11a.o(.ARM.Collect$$$$0000000F)
    Reset_Handler                            0x2000001d   Thumb Code     8  startup_stm32f40_41xxx.o(.text)
    __scatterload                            0x2000002d   Thumb Code    28  init.o(.text)
    __scatterload_rt2                        0x2000002d   Thumb Code     0  init.o(.text)
    FLASH_ClearFlag                          0x20000051   Thumb Code     6  stm32f4xx_flash.o(i.FLASH_ClearFlag)
    FLASH_DataCacheReset                     0x2000005d   Thumb Code    12  stm32f4xx_flash.o(i.FLASH_DataCacheReset)
    FLASH_ErasePage                          0x2000006d   Thumb Code    40  bootflasherf4.o(i.FLASH_ErasePage)
    FLASH_EraseSector                        0x20000095   Thumb Code   104  stm32f4xx_flash.o(i.FLASH_EraseSector)
    FLASH_GetStatus                          0x20000101   Thumb Code    46  stm32f4xx_flash.o(i.FLASH_GetStatus)
    FLASH_InstructionCacheReset              0x20000135   Thumb Code    12  stm32f4xx_flash.o(i.FLASH_InstructionCacheReset)
    FLASH_Lock                               0x20000145   Thumb Code    12  stm32f4xx_flash.o(i.FLASH_Lock)
    FLASH_ProgramHalfWord                    0x20000155   Thumb Code    56  stm32f4xx_flash.o(i.FLASH_ProgramHalfWord)
    FLASH_Unlock                             0x20000191   Thumb Code    22  stm32f4xx_flash.o(i.FLASH_Unlock)
    FLASH_WaitForLastOperation               0x200001b5   Thumb Code    30  stm32f4xx_flash.o(i.FLASH_WaitForLastOperation)
    SystemInit                               0x200001d3   Thumb Code     2  main.o(i.SystemInit)
    __scatterload_copy                       0x200001d5   Thumb Code    14  handlers.o(i.__scatterload_copy)
    __scatterload_null                       0x200001e3   Thumb Code     2  handlers.o(i.__scatterload_null)
    __scatterload_zeroinit                   0x200001e5   Thumb Code    14  handlers.o(i.__scatterload_zeroinit)
    bflBootBlockAddr                         0x200001f5   Thumb Code    32  bootflasherf4.o(i.bflBootBlockAddr)
    bflBootBlockPTR                          0x20000219   Thumb Code     4  bootflasherf4.o(i.bflBootBlockPTR)
    bflBootBlocks                            0x2000021d   Thumb Code    66  bootflasherf4.o(i.bflBootBlocks)
    bflBootBlocksGetCRC                      0x20000265   Thumb Code    24  bootflasherf4.o(i.bflBootBlocksGetCRC)
    bflBootCheckNeedFlashing                 0x20000281   Thumb Code    32  bootflasherf4.o(i.bflBootCheckNeedFlashing)
    bflBootFindByType                        0x200002a5   Thumb Code    44  bootflasherf4.o(i.bflBootFindByType)
    bflBootFlashDisable                      0x200002d1   Thumb Code    18  bootflasherf4.o(i.bflBootFlashDisable)
    bflBootProgramBlock                      0x200002e3   Thumb Code    44  bootflasherf4.o(i.bflBootProgramBlock)
    bflBootProgramBlockType                  0x2000030f   Thumb Code    24  bootflasherf4.o(i.bflBootProgramBlockType)
    bflBootProgramErase                      0x20000329   Thumb Code    88  bootflasherf4.o(i.bflBootProgramErase)
    bflFlashCompareBlock                     0x20000385   Thumb Code    28  bootflasherf4.o(i.bflFlashCompareBlock)
    bflFlashErase                            0x200003a1   Thumb Code    36  bootflasherf4.o(i.bflFlashErase)
    bflFlashEraseAlignBLK                    0x200003c5   Thumb Code    62  bootflasherf4.o(i.bflFlashEraseAlignBLK)
    bflFlashWriteBlock                       0x20000403   Thumb Code    88  bootflasherf4.o(i.bflFlashWriteBlock)
    crc16_blk                                0x2000045d   Thumb Code    30  rb_crc16.o(i.crc16_blk)
    crc16_blk_CCITT                          0x2000047b   Thumb Code     8  rb_crc16.o(i.crc16_blk_CCITT)
    crc16_byte                               0x20000483   Thumb Code    24  rb_crc16.o(i.crc16_byte)
    flashsize                                0x2000049d   Thumb Code     8  bootflasherf4.o(i.flashsize)
    flashtop                                 0x200004a9   Thumb Code    12  bootflasherf4.o(i.flashtop)
    main                                     0x200004b5   Thumb Code    56  main.o(i.main)
    Region$$Table$$Base                      0x200004f4   Number         0  anon$$obj.o(Region$$Table)
    Region$$Table$$Limit                     0x20000514   Number         0  anon$$obj.o(Region$$Table)
    fbufp                                    0x20000800   Data           2  bootflasherf4.o(.data)
    faddr                                    0x20000804   Data           4  bootflasherf4.o(.data)
    bflRecBlocksStart                        0x20000808   Data           4  bootflasherf4.o(.data)
    bflRecBlocksSize                         0x2000080c   Data           4  bootflasherf4.o(.data)
    bflRecBlocksNum                          0x20000810   Data           4  bootflasherf4.o(.data)
    __ADDR_ram_free                          0x20000918   Data           0  startup_stm32f40_41xxx.o(STACK)
    __initial_sp                             0x20000918   Data           0  startup_stm32f40_41xxx.o(STACK)



==============================================================================

Memory Map of the image

  Image Entry point : 0x20000009

  Load Region LR_IROM1 (Base: 0x20000000, Size: 0x00000528, Max: 0x00000800, ABSOLUTE)

    Execution Region ER_IROM1 (Base: 0x20000000, Size: 0x00000514, Max: 0x00000800, ABSOLUTE)

    Base Addr    Size         Type   Attr      Idx    E Section Name        Object

    0x20000000   0x00000008   Data   RO            3    RESET               startup_stm32f40_41xxx.o
    0x20000008   0x00000000   Code   RO         4809  * .ARM.Collect$$$$00000000  mc_w.l(entry.o)
    0x20000008   0x00000004   Code   RO         4820    .ARM.Collect$$$$00000001  mc_w.l(entry2.o)
    0x2000000c   0x00000004   Code   RO         4823    .ARM.Collect$$$$00000004  mc_w.l(entry5.o)
    0x20000010   0x00000000   Code   RO         4825    .ARM.Collect$$$$00000008  mc_w.l(entry7b.o)
    0x20000010   0x00000000   Code   RO         4827    .ARM.Collect$$$$0000000A  mc_w.l(entry8b.o)
    0x20000010   0x00000008   Code   RO         4828    .ARM.Collect$$$$0000000B  mc_w.l(entry9a.o)
    0x20000018   0x00000000   Code   RO         4830    .ARM.Collect$$$$0000000D  mc_w.l(entry10a.o)
    0x20000018   0x00000000   Code   RO         4832    .ARM.Collect$$$$0000000F  mc_w.l(entry11a.o)
    0x20000018   0x00000004   Code   RO         4821    .ARM.Collect$$$$00002712  mc_w.l(entry2.o)
    0x2000001c   0x00000010   Code   RO            4    .text               startup_stm32f40_41xxx.o
    0x2000002c   0x00000024   Code   RO         4834    .text               mc_w.l(init.o)
    0x20000050   0x0000000c   Code   RO         1338    i.FLASH_ClearFlag   stm32f4xx_flash.o
    0x2000005c   0x00000010   Code   RO         1340    i.FLASH_DataCacheReset  stm32f4xx_flash.o
    0x2000006c   0x00000028   Code   RO         4633    i.FLASH_ErasePage   bootflasherf4.o
    0x20000094   0x0000006c   Code   RO         1342    i.FLASH_EraseSector  stm32f4xx_flash.o
    0x20000100   0x00000034   Code   RO         1344    i.FLASH_GetStatus   stm32f4xx_flash.o
    0x20000134   0x00000010   Code   RO         1347    i.FLASH_InstructionCacheReset  stm32f4xx_flash.o
    0x20000144   0x00000010   Code   RO         1348    i.FLASH_Lock        stm32f4xx_flash.o
    0x20000154   0x0000003c   Code   RO         1363    i.FLASH_ProgramHalfWord  stm32f4xx_flash.o
    0x20000190   0x00000024   Code   RO         1366    i.FLASH_Unlock      stm32f4xx_flash.o
    0x200001b4   0x0000001e   Code   RO         1367    i.FLASH_WaitForLastOperation  stm32f4xx_flash.o
    0x200001d2   0x00000002   Code   RO           13    i.SystemInit        main.o
    0x200001d4   0x0000000e   Code   RO         4838    i.__scatterload_copy  mc_w.l(handlers.o)
    0x200001e2   0x00000002   Code   RO         4839    i.__scatterload_null  mc_w.l(handlers.o)
    0x200001e4   0x0000000e   Code   RO         4840    i.__scatterload_zeroinit  mc_w.l(handlers.o)
    0x200001f2   0x00000002   PAD
    0x200001f4   0x00000024   Code   RO         4634    i.bflBootBlockAddr  bootflasherf4.o
    0x20000218   0x00000004   Code   RO         4636    i.bflBootBlockPTR   bootflasherf4.o
    0x2000021c   0x00000048   Code   RO         4637    i.bflBootBlocks     bootflasherf4.o
    0x20000264   0x0000001c   Code   RO         4638    i.bflBootBlocksGetCRC  bootflasherf4.o
    0x20000280   0x00000024   Code   RO         4639    i.bflBootCheckNeedFlashing  bootflasherf4.o
    0x200002a4   0x0000002c   Code   RO         4643    i.bflBootFindByType  bootflasherf4.o
    0x200002d0   0x00000012   Code   RO         4644    i.bflBootFlashDisable  bootflasherf4.o
    0x200002e2   0x0000002c   Code   RO         4645    i.bflBootProgramBlock  bootflasherf4.o
    0x2000030e   0x00000018   Code   RO         4646    i.bflBootProgramBlockType  bootflasherf4.o
    0x20000326   0x00000002   PAD
    0x20000328   0x0000005c   Code   RO         4647    i.bflBootProgramErase  bootflasherf4.o
    0x20000384   0x0000001c   Code   RO         4651    i.bflFlashCompareBlock  bootflasherf4.o
    0x200003a0   0x00000024   Code   RO         4652    i.bflFlashErase     bootflasherf4.o
    0x200003c4   0x0000003e   Code   RO         4653    i.bflFlashEraseAlignBLK  bootflasherf4.o
    0x20000402   0x00000058   Code   RO         4654    i.bflFlashWriteBlock  bootflasherf4.o
    0x2000045a   0x00000002   PAD
    0x2000045c   0x0000001e   Code   RO         4297    i.crc16_blk         rb_crc16.o
    0x2000047a   0x00000008   Code   RO         4298    i.crc16_blk_CCITT   rb_crc16.o
    0x20000482   0x00000018   Code   RO         4299    i.crc16_byte        rb_crc16.o
    0x2000049a   0x00000002   PAD
    0x2000049c   0x0000000c   Code   RO         4659    i.flashsize         bootflasherf4.o
    0x200004a8   0x0000000c   Code   RO         4660    i.flashtop          bootflasherf4.o
    0x200004b4   0x00000040   Code   RO           14    i.main              main.o
    0x200004f4   0x00000020   Data   RO         4836    Region$$Table       anon$$obj.o


    Execution Region RW_IRAM1 (Base: 0x20000800, Size: 0x00000118, Max: 0x0001f800, ABSOLUTE)

    Base Addr    Size         Type   Attr      Idx    E Section Name        Object

    0x20000800   0x00000014   Data   RW         4663    .data               bootflasherf4.o
    0x20000814   0x00000004   PAD
    0x20000818   0x00000100   Zero   RW            1    STACK               startup_stm32f40_41xxx.o


==============================================================================

Image component sizes


      Code (inc. data)   RO Data    RW Data    ZI Data      Debug   Object Name

       676         26          0         20          0      10777   bootflasherf4.o
        66          8          0          0          0     237703   main.o
        62          0          0          0          0       1785   rb_crc16.o
        16          8          8          0        256        380   startup_stm32f40_41xxx.o
       346         46          0          0          0      10382   stm32f4xx_flash.o

    ----------------------------------------------------------------------
      1172         88         40         20        260     261027   Object Totals
         0          0         32          0          0          0   (incl. Generated)
         6          0          0          0          4          0   (incl. Padding)

    ----------------------------------------------------------------------

      Code (inc. data)   RO Data    RW Data    ZI Data      Debug   Library Member Name

         0          0          0          0          0          0   entry.o
         0          0          0          0          0          0   entry10a.o
         0          0          0          0          0          0   entry11a.o
         8          4          0          0          0          0   entry2.o
         4          0          0          0          0          0   entry5.o
         0          0          0          0          0          0   entry7b.o
         0          0          0          0          0          0   entry8b.o
         8          4          0          0          0          0   entry9a.o
        30          0          0          0          0          0   handlers.o
        36          8          0          0          0         68   init.o

    ----------------------------------------------------------------------
        88         16          0          0          0         68   Library Totals
         2          0          0          0          0          0   (incl. Padding)

    ----------------------------------------------------------------------

      Code (inc. data)   RO Data    RW Data    ZI Data      Debug   Library Name

        86         16          0          0          0         68   mc_w.l

    ----------------------------------------------------------------------
        88         16          0          0          0         68   Library Totals

    ----------------------------------------------------------------------

==============================================================================


      Code (inc. data)   RO Data    RW Data    ZI Data      Debug   

      1260        104         40         20        260     258895   Grand Totals
      1260        104         40         20        260     258895   ELF Image Totals
      1260        104         40         20          0          0   ROM Totals

==============================================================================

    Total RO  Size (Code + RO Data)                 1300 (   1.27kB)
    Total RW  Size (RW Data + ZI Data)               280 (   0.27kB)
    Total ROM Size (Code + RO Data + RW Data)       1320 (   1.29kB)

==============================================================================

